// Vitest Snapshot v1, https://vitest.dev/guide/snapshot.html

exports[`generateBikeLabels — printed geometry (refactor guard) > standard · all extra fields + prefix + extra 1`] = `
[
  {
    "fill": "255,255,255",
    "h": 4,
    "t": "rect",
    "w": 6,
    "x": 0,
    "y": 0,
  },
  {
    "color": "0,0,0",
    "fs": 16.5,
    "s": "S/D",
    "t": "text",
    "x": 0.2,
    "y": 0.429167,
  },
  {
    "color": "0,0,0",
    "fs": 16.5,
    "s": "FAULTLINE A1 V2",
    "t": "text",
    "x": 0.2,
    "y": 0.699969,
  },
  {
    "color": "0,0,0",
    "fs": 14.85,
    "s": "SIZE 15  ·  GLOSS BLACK  · ",
    "t": "text",
    "x": 0.2,
    "y": 0.947854,
  },
  {
    "color": "0,0,0",
    "fs": 14.85,
    "s": "YEAR 2026",
    "t": "text",
    "x": 0.2,
    "y": 1.191576,
  },
  {
    "h": 0,
    "t": "line",
    "w": 3.2,
    "x": 0.2,
    "y": 1.27912,
  },
  {
    "fill": "0,0,0",
    "h": 0.349167,
    "t": "rect",
    "w": 1.401875,
    "x": 0.18,
    "y": 1.439348,
  },
  {
    "color": "255,255,255",
    "fs": 16.5,
    "s": "03-4614BK",
    "t": "text",
    "x": 0.3,
    "y": 1.682681,
  },
  {
    "fill": "0,0,0",
    "h": 0.55,
    "t": "rect",
    "w": 0.047761,
    "x": 0.2,
    "y": 1.8986,
  },
  {
    "fill": "0,0,0",
    "h": 0.55,
    "t": "rect",
    "w": 0.023881,
    "x": 0.271642,
    "y": 1.8986,
  },
  {
    "fill": "0,0,0",
    "h": 0.55,
    "t": "rect",
    "w": 0.071642,
    "x": 0.343284,
    "y": 1.8986,
  },
  {
    "fill": "0,0,0",
    "h": 0.55,
    "t": "rect",
    "w": 0.023881,
    "x": 0.462687,
    "y": 1.8986,
  },
  {
    "fill": "0,0,0",
    "h": 0.55,
    "t": "rect",
    "w": 0.023881,
    "x": 0.534328,
    "y": 1.8986,
  },
  {
    "fill": "0,0,0",
    "h": 0.55,
    "t": "rect",
    "w": 0.047761,
    "x": 0.60597,
    "y": 1.8986,
  },
  {
    "fill": "0,0,0",
    "h": 0.55,
    "t": "rect",
    "w": 0.071642,
    "x": 0.725373,
    "y": 1.8986,
  },
  {
    "fill": "0,0,0",
    "h": 0.55,
    "t": "rect",
    "w": 0.023881,
    "x": 0.820896,
    "y": 1.8986,
  },
  {
    "fill": "0,0,0",
    "h": 0.55,
    "t": "rect",
    "w": 0.095522,
    "x": 0.868657,
    "y": 1.8986,
  },
  {
    "fill": "0,0,0",
    "h": 0.55,
    "t": "rect",
    "w": 0.023881,
    "x": 0.98806,
    "y": 1.8986,
  },
  {
    "fill": "0,0,0",
    "h": 0.55,
    "t": "rect",
    "w": 0.047761,
    "x": 1.059701,
    "y": 1.8986,
  },
  {
    "fill": "0,0,0",
    "h": 0.55,
    "t": "rect",
    "w": 0.071642,
    "x": 1.131343,
    "y": 1.8986,
  },
  {
    "fill": "0,0,0",
    "h": 0.55,
    "t": "rect",
    "w": 0.023881,
    "x": 1.250746,
    "y": 1.8986,
  },
  {
    "fill": "0,0,0",
    "h": 0.55,
    "t": "rect",
    "w": 0.071642,
    "x": 1.298507,
    "y": 1.8986,
  },
  {
    "fill": "0,0,0",
    "h": 0.55,
    "t": "rect",
    "w": 0.095522,
    "x": 1.39403,
    "y": 1.8986,
  },
  {
    "fill": "0,0,0",
    "h": 0.55,
    "t": "rect",
    "w": 0.023881,
    "x": 1.513433,
    "y": 1.8986,
  },
  {
    "fill": "0,0,0",
    "h": 0.55,
    "t": "rect",
    "w": 0.071642,
    "x": 1.561194,
    "y": 1.8986,
  },
  {
    "fill": "0,0,0",
    "h": 0.55,
    "t": "rect",
    "w": 0.047761,
    "x": 1.704478,
    "y": 1.8986,
  },
  {
    "fill": "0,0,0",
    "h": 0.55,
    "t": "rect",
    "w": 0.023881,
    "x": 1.776119,
    "y": 1.8986,
  },
  {
    "fill": "0,0,0",
    "h": 0.55,
    "t": "rect",
    "w": 0.047761,
    "x": 1.847761,
    "y": 1.8986,
  },
  {
    "fill": "0,0,0",
    "h": 0.55,
    "t": "rect",
    "w": 0.071642,
    "x": 1.943284,
    "y": 1.8986,
  },
  {
    "fill": "0,0,0",
    "h": 0.55,
    "t": "rect",
    "w": 0.071642,
    "x": 2.038806,
    "y": 1.8986,
  },
  {
    "fill": "0,0,0",
    "h": 0.55,
    "t": "rect",
    "w": 0.023881,
    "x": 2.134328,
    "y": 1.8986,
  },
  {
    "fill": "0,0,0",
    "h": 0.55,
    "t": "rect",
    "w": 0.095522,
    "x": 2.18209,
    "y": 1.8986,
  },
  {
    "fill": "0,0,0",
    "h": 0.55,
    "t": "rect",
    "w": 0.023881,
    "x": 2.301493,
    "y": 1.8986,
  },
  {
    "fill": "0,0,0",
    "h": 0.55,
    "t": "rect",
    "w": 0.023881,
    "x": 2.397015,
    "y": 1.8986,
  },
  {
    "fill": "0,0,0",
    "h": 0.55,
    "t": "rect",
    "w": 0.047761,
    "x": 2.444776,
    "y": 1.8986,
  },
  {
    "fill": "0,0,0",
    "h": 0.55,
    "t": "rect",
    "w": 0.023881,
    "x": 2.564179,
    "y": 1.8986,
  },
  {
    "fill": "0,0,0",
    "h": 0.55,
    "t": "rect",
    "w": 0.047761,
    "x": 2.61194,
    "y": 1.8986,
  },
  {
    "fill": "0,0,0",
    "h": 0.55,
    "t": "rect",
    "w": 0.071642,
    "x": 2.731343,
    "y": 1.8986,
  },
  {
    "fill": "0,0,0",
    "h": 0.55,
    "t": "rect",
    "w": 0.071642,
    "x": 2.826866,
    "y": 1.8986,
  },
  {
    "fill": "0,0,0",
    "h": 0.55,
    "t": "rect",
    "w": 0.023881,
    "x": 2.970149,
    "y": 1.8986,
  },
  {
    "fill": "0,0,0",
    "h": 0.55,
    "t": "rect",
    "w": 0.047761,
    "x": 3.01791,
    "y": 1.8986,
  },
  {
    "fill": "0,0,0",
    "h": 0.55,
    "t": "rect",
    "w": 0.047761,
    "x": 3.089552,
    "y": 1.8986,
  },
  {
    "fill": "0,0,0",
    "h": 0.55,
    "t": "rect",
    "w": 0.071642,
    "x": 3.208955,
    "y": 1.8986,
  },
  {
    "fill": "0,0,0",
    "h": 0.55,
    "t": "rect",
    "w": 0.023881,
    "x": 3.304478,
    "y": 1.8986,
  },
  {
    "fill": "0,0,0",
    "h": 0.55,
    "t": "rect",
    "w": 0.047761,
    "x": 3.352239,
    "y": 1.8986,
  },
  {
    "color": "0,0,0",
    "fs": 14.85,
    "s": "SPECIAL ORDER",
    "t": "text",
    "x": 0.2,
    "y": 2.73485,
  },
  {
    "color": "0,0,0",
    "fs": 14.85,
    "s": "UPC: 012345678901",
    "t": "text",
    "x": 0.2,
    "y": 2.978572,
  },
  {
    "color": "0,0,0",
    "fs": 14.85,
    "s": "SERIAL: SN-99",
    "t": "text",
    "x": 0.2,
    "y": 3.222294,
  },
  {
    "color": "0,0,0",
    "fs": 14.85,
    "s": "MADE IN: TAIWAN",
    "t": "text",
    "x": 0.2,
    "y": 3.466016,
  },
  {
    "color": "0,0,0",
    "fs": 14.85,
    "s": "P/O: PO-123",
    "t": "text",
    "x": 0.2,
    "y": 3.709738,
  },
  {
    "h": 2.2,
    "t": "image",
    "w": 2.2,
    "x": 3.6,
    "y": 0.9,
  },
  {
    "fill": "255,255,255",
    "h": 4,
    "t": "rect",
    "w": 6,
    "x": 0,
    "y": 0,
  },
  {
    "color": "0,0,0",
    "fs": 16.5,
    "s": "S/D",
    "t": "text",
    "x": 0.2,
    "y": 0.429167,
  },
  {
    "color": "0,0,0",
    "fs": 16.5,
    "s": "FAULTLINE A1 V2",
    "t": "text",
    "x": 0.2,
    "y": 0.699969,
  },
  {
    "color": "0,0,0",
    "fs": 14.85,
    "s": "SIZE 15  ·  GLOSS BLACK  · ",
    "t": "text",
    "x": 0.2,
    "y": 0.947854,
  },
  {
    "color": "0,0,0",
    "fs": 14.85,
    "s": "YEAR 2026",
    "t": "text",
    "x": 0.2,
    "y": 1.191576,
  },
  {
    "h": 0,
    "t": "line",
    "w": 3.2,
    "x": 0.2,
    "y": 1.27912,
  },
  {
    "fill": "0,0,0",
    "h": 0.349167,
    "t": "rect",
    "w": 1.401875,
    "x": 0.18,
    "y": 1.439348,
  },
  {
    "color": "255,255,255",
    "fs": 16.5,
    "s": "03-4614BK",
    "t": "text",
    "x": 0.3,
    "y": 1.682681,
  },
  {
    "fill": "0,0,0",
    "h": 0.55,
    "t": "rect",
    "w": 0.047761,
    "x": 0.2,
    "y": 1.8986,
  },
  {
    "fill": "0,0,0",
    "h": 0.55,
    "t": "rect",
    "w": 0.023881,
    "x": 0.271642,
    "y": 1.8986,
  },
  {
    "fill": "0,0,0",
    "h": 0.55,
    "t": "rect",
    "w": 0.071642,
    "x": 0.343284,
    "y": 1.8986,
  },
  {
    "fill": "0,0,0",
    "h": 0.55,
    "t": "rect",
    "w": 0.023881,
    "x": 0.462687,
    "y": 1.8986,
  },
  {
    "fill": "0,0,0",
    "h": 0.55,
    "t": "rect",
    "w": 0.023881,
    "x": 0.534328,
    "y": 1.8986,
  },
  {
    "fill": "0,0,0",
    "h": 0.55,
    "t": "rect",
    "w": 0.047761,
    "x": 0.60597,
    "y": 1.8986,
  },
  {
    "fill": "0,0,0",
    "h": 0.55,
    "t": "rect",
    "w": 0.071642,
    "x": 0.725373,
    "y": 1.8986,
  },
  {
    "fill": "0,0,0",
    "h": 0.55,
    "t": "rect",
    "w": 0.023881,
    "x": 0.820896,
    "y": 1.8986,
  },
  {
    "fill": "0,0,0",
    "h": 0.55,
    "t": "rect",
    "w": 0.095522,
    "x": 0.868657,
    "y": 1.8986,
  },
  {
    "fill": "0,0,0",
    "h": 0.55,
    "t": "rect",
    "w": 0.023881,
    "x": 0.98806,
    "y": 1.8986,
  },
  {
    "fill": "0,0,0",
    "h": 0.55,
    "t": "rect",
    "w": 0.047761,
    "x": 1.059701,
    "y": 1.8986,
  },
  {
    "fill": "0,0,0",
    "h": 0.55,
    "t": "rect",
    "w": 0.071642,
    "x": 1.131343,
    "y": 1.8986,
  },
  {
    "fill": "0,0,0",
    "h": 0.55,
    "t": "rect",
    "w": 0.023881,
    "x": 1.250746,
    "y": 1.8986,
  },
  {
    "fill": "0,0,0",
    "h": 0.55,
    "t": "rect",
    "w": 0.071642,
    "x": 1.298507,
    "y": 1.8986,
  },
  {
    "fill": "0,0,0",
    "h": 0.55,
    "t": "rect",
    "w": 0.095522,
    "x": 1.39403,
    "y": 1.8986,
  },
  {
    "fill": "0,0,0",
    "h": 0.55,
    "t": "rect",
    "w": 0.023881,
    "x": 1.513433,
    "y": 1.8986,
  },
  {
    "fill": "0,0,0",
    "h": 0.55,
    "t": "rect",
    "w": 0.071642,
    "x": 1.561194,
    "y": 1.8986,
  },
  {
    "fill": "0,0,0",
    "h": 0.55,
    "t": "rect",
    "w": 0.047761,
    "x": 1.704478,
    "y": 1.8986,
  },
  {
    "fill": "0,0,0",
    "h": 0.55,
    "t": "rect",
    "w": 0.023881,
    "x": 1.776119,
    "y": 1.8986,
  },
  {
    "fill": "0,0,0",
    "h": 0.55,
    "t": "rect",
    "w": 0.047761,
    "x": 1.847761,
    "y": 1.8986,
  },
  {
    "fill": "0,0,0",
    "h": 0.55,
    "t": "rect",
    "w": 0.071642,
    "x": 1.943284,
    "y": 1.8986,
  },
  {
    "fill": "0,0,0",
    "h": 0.55,
    "t": "rect",
    "w": 0.071642,
    "x": 2.038806,
    "y": 1.8986,
  },
  {
    "fill": "0,0,0",
    "h": 0.55,
    "t": "rect",
    "w": 0.023881,
    "x": 2.134328,
    "y": 1.8986,
  },
  {
    "fill": "0,0,0",
    "h": 0.55,
    "t": "rect",
    "w": 0.095522,
    "x": 2.18209,
    "y": 1.8986,
  },
  {
    "fill": "0,0,0",
    "h": 0.55,
    "t": "rect",
    "w": 0.023881,
    "x": 2.301493,
    "y": 1.8986,
  },
  {
    "fill": "0,0,0",
    "h": 0.55,
    "t": "rect",
    "w": 0.023881,
    "x": 2.397015,
    "y": 1.8986,
  },
  {
    "fill": "0,0,0",
    "h": 0.55,
    "t": "rect",
    "w": 0.047761,
    "x": 2.444776,
    "y": 1.8986,
  },
  {
    "fill": "0,0,0",
    "h": 0.55,
    "t": "rect",
    "w": 0.023881,
    "x": 2.564179,
    "y": 1.8986,
  },
  {
    "fill": "0,0,0",
    "h": 0.55,
    "t": "rect",
    "w": 0.047761,
    "x": 2.61194,
    "y": 1.8986,
  },
  {
    "fill": "0,0,0",
    "h": 0.55,
    "t": "rect",
    "w": 0.071642,
    "x": 2.731343,
    "y": 1.8986,
  },
  {
    "fill": "0,0,0",
    "h": 0.55,
    "t": "rect",
    "w": 0.071642,
    "x": 2.826866,
    "y": 1.8986,
  },
  {
    "fill": "0,0,0",
    "h": 0.55,
    "t": "rect",
    "w": 0.023881,
    "x": 2.970149,
    "y": 1.8986,
  },
  {
    "fill": "0,0,0",
    "h": 0.55,
    "t": "rect",
    "w": 0.047761,
    "x": 3.01791,
    "y": 1.8986,
  },
  {
    "fill": "0,0,0",
    "h": 0.55,
    "t": "rect",
    "w": 0.047761,
    "x": 3.089552,
    "y": 1.8986,
  },
  {
    "fill": "0,0,0",
    "h": 0.55,
    "t": "rect",
    "w": 0.071642,
    "x": 3.208955,
    "y": 1.8986,
  },
  {
    "fill": "0,0,0",
    "h": 0.55,
    "t": "rect",
    "w": 0.023881,
    "x": 3.304478,
    "y": 1.8986,
  },
  {
    "fill": "0,0,0",
    "h": 0.55,
    "t": "rect",
    "w": 0.047761,
    "x": 3.352239,
    "y": 1.8986,
  },
  {
    "color": "0,0,0",
    "fs": 14.85,
    "s": "SPECIAL ORDER",
    "t": "text",
    "x": 0.2,
    "y": 2.73485,
  },
  {
    "color": "0,0,0",
    "fs": 14.85,
    "s": "UPC: 012345678901",
    "t": "text",
    "x": 0.2,
    "y": 2.978572,
  },
  {
    "color": "0,0,0",
    "fs": 14.85,
    "s": "SERIAL: SN-99",
    "t": "text",
    "x": 0.2,
    "y": 3.222294,
  },
  {
    "color": "0,0,0",
    "fs": 14.85,
    "s": "MADE IN: TAIWAN",
    "t": "text",
    "x": 0.2,
    "y": 3.466016,
  },
  {
    "color": "0,0,0",
    "fs": 14.85,
    "s": "P/O: PO-123",
    "t": "text",
    "x": 0.2,
    "y": 3.709738,
  },
  {
    "h": 2.2,
    "t": "image",
    "w": 2.2,
    "x": 3.6,
    "y": 0.9,
  },
]
`;

exports[`generateBikeLabels — printed geometry (refactor guard) > standard · barcode-only 1`] = `
[
  {
    "fill": "255,255,255",
    "h": 4,
    "t": "rect",
    "w": 6,
    "x": 0,
    "y": 0,
  },
  {
    "color": "0,0,0",
    "fs": 40,
    "s": "FAULTLINE A1 V2",
    "t": "text",
    "x": 0.2,
    "y": 0.755556,
  },
  {
    "color": "0,0,0",
    "fs": 36,
    "s": "SIZE 15  ·  GLOSS",
    "t": "text",
    "x": 0.2,
    "y": 1.360859,
  },
  {
    "color": "0,0,0",
    "fs": 36,
    "s": "BLACK  ·  YEAR 2026",
    "t": "text",
    "x": 0.2,
    "y": 1.955632,
  },
  {
    "h": 0,
    "t": "line",
    "w": 5.6,
    "x": 0.2,
    "y": 2.100809,
  },
  {
    "fill": "0,0,0",
    "h": 0.675556,
    "t": "rect",
    "w": 3.056667,
    "x": 0.18,
    "y": 2.262103,
  },
  {
    "color": "255,255,255",
    "fs": 40,
    "s": "03-4614BK",
    "t": "text",
    "x": 0.3,
    "y": 2.766548,
  },
  {
    "fill": "0,0,0",
    "h": 0.55,
    "t": "rect",
    "w": 0.083582,
    "x": 0.2,
    "y": 3.048144,
  },
  {
    "fill": "0,0,0",
    "h": 0.55,
    "t": "rect",
    "w": 0.041791,
    "x": 0.325373,
    "y": 3.048144,
  },
  {
    "fill": "0,0,0",
    "h": 0.55,
    "t": "rect",
    "w": 0.125373,
    "x": 0.450746,
    "y": 3.048144,
  },
  {
    "fill": "0,0,0",
    "h": 0.55,
    "t": "rect",
    "w": 0.041791,
    "x": 0.659701,
    "y": 3.048144,
  },
  {
    "fill": "0,0,0",
    "h": 0.55,
    "t": "rect",
    "w": 0.041791,
    "x": 0.785075,
    "y": 3.048144,
  },
  {
    "fill": "0,0,0",
    "h": 0.55,
    "t": "rect",
    "w": 0.083582,
    "x": 0.910448,
    "y": 3.048144,
  },
  {
    "fill": "0,0,0",
    "h": 0.55,
    "t": "rect",
    "w": 0.125373,
    "x": 1.119403,
    "y": 3.048144,
  },
  {
    "fill": "0,0,0",
    "h": 0.55,
    "t": "rect",
    "w": 0.041791,
    "x": 1.286567,
    "y": 3.048144,
  },
  {
    "fill": "0,0,0",
    "h": 0.55,
    "t": "rect",
    "w": 0.167164,
    "x": 1.370149,
    "y": 3.048144,
  },
  {
    "fill": "0,0,0",
    "h": 0.55,
    "t": "rect",
    "w": 0.041791,
    "x": 1.579104,
    "y": 3.048144,
  },
  {
    "fill": "0,0,0",
    "h": 0.55,
    "t": "rect",
    "w": 0.083582,
    "x": 1.704478,
    "y": 3.048144,
  },
  {
    "fill": "0,0,0",
    "h": 0.55,
    "t": "rect",
    "w": 0.125373,
    "x": 1.829851,
    "y": 3.048144,
  },
  {
    "fill": "0,0,0",
    "h": 0.55,
    "t": "rect",
    "w": 0.041791,
    "x": 2.038806,
    "y": 3.048144,
  },
  {
    "fill": "0,0,0",
    "h": 0.55,
    "t": "rect",
    "w": 0.125373,
    "x": 2.122388,
    "y": 3.048144,
  },
  {
    "fill": "0,0,0",
    "h": 0.55,
    "t": "rect",
    "w": 0.167164,
    "x": 2.289552,
    "y": 3.048144,
  },
  {
    "fill": "0,0,0",
    "h": 0.55,
    "t": "rect",
    "w": 0.041791,
    "x": 2.498507,
    "y": 3.048144,
  },
  {
    "fill": "0,0,0",
    "h": 0.55,
    "t": "rect",
    "w": 0.125373,
    "x": 2.58209,
    "y": 3.048144,
  },
  {
    "fill": "0,0,0",
    "h": 0.55,
    "t": "rect",
    "w": 0.083582,
    "x": 2.832836,
    "y": 3.048144,
  },
  {
    "fill": "0,0,0",
    "h": 0.55,
    "t": "rect",
    "w": 0.041791,
    "x": 2.958209,
    "y": 3.048144,
  },
  {
    "fill": "0,0,0",
    "h": 0.55,
    "t": "rect",
    "w": 0.083582,
    "x": 3.083582,
    "y": 3.048144,
  },
  {
    "fill": "0,0,0",
    "h": 0.55,
    "t": "rect",
    "w": 0.125373,
    "x": 3.250746,
    "y": 3.048144,
  },
  {
    "fill": "0,0,0",
    "h": 0.55,
    "t": "rect",
    "w": 0.125373,
    "x": 3.41791,
    "y": 3.048144,
  },
  {
    "fill": "0,0,0",
    "h": 0.55,
    "t": "rect",
    "w": 0.041791,
    "x": 3.585075,
    "y": 3.048144,
  },
  {
    "fill": "0,0,0",
    "h": 0.55,
    "t": "rect",
    "w": 0.167164,
    "x": 3.668657,
    "y": 3.048144,
  },
  {
    "fill": "0,0,0",
    "h": 0.55,
    "t": "rect",
    "w": 0.041791,
    "x": 3.877612,
    "y": 3.048144,
  },
  {
    "fill": "0,0,0",
    "h": 0.55,
    "t": "rect",
    "w": 0.041791,
    "x": 4.044776,
    "y": 3.048144,
  },
  {
    "fill": "0,0,0",
    "h": 0.55,
    "t": "rect",
    "w": 0.083582,
    "x": 4.128358,
    "y": 3.048144,
  },
  {
    "fill": "0,0,0",
    "h": 0.55,
    "t": "rect",
    "w": 0.041791,
    "x": 4.337313,
    "y": 3.048144,
  },
  {
    "fill": "0,0,0",
    "h": 0.55,
    "t": "rect",
    "w": 0.083582,
    "x": 4.420896,
    "y": 3.048144,
  },
  {
    "fill": "0,0,0",
    "h": 0.55,
    "t": "rect",
    "w": 0.125373,
    "x": 4.629851,
    "y": 3.048144,
  },
  {
    "fill": "0,0,0",
    "h": 0.55,
    "t": "rect",
    "w": 0.125373,
    "x": 4.797015,
    "y": 3.048144,
  },
  {
    "fill": "0,0,0",
    "h": 0.55,
    "t": "rect",
    "w": 0.041791,
    "x": 5.047761,
    "y": 3.048144,
  },
  {
    "fill": "0,0,0",
    "h": 0.55,
    "t": "rect",
    "w": 0.083582,
    "x": 5.131343,
    "y": 3.048144,
  },
  {
    "fill": "0,0,0",
    "h": 0.55,
    "t": "rect",
    "w": 0.083582,
    "x": 5.256716,
    "y": 3.048144,
  },
  {
    "fill": "0,0,0",
    "h": 0.55,
    "t": "rect",
    "w": 0.125373,
    "x": 5.465672,
    "y": 3.048144,
  },
  {
    "fill": "0,0,0",
    "h": 0.55,
    "t": "rect",
    "w": 0.041791,
    "x": 5.632836,
    "y": 3.048144,
  },
  {
    "fill": "0,0,0",
    "h": 0.55,
    "t": "rect",
    "w": 0.083582,
    "x": 5.716418,
    "y": 3.048144,
  },
  {
    "fill": "255,255,255",
    "h": 4,
    "t": "rect",
    "w": 6,
    "x": 0,
    "y": 0,
  },
  {
    "color": "0,0,0",
    "fs": 40,
    "s": "FAULTLINE A1 V2",
    "t": "text",
    "x": 0.2,
    "y": 0.755556,
  },
  {
    "color": "0,0,0",
    "fs": 36,
    "s": "SIZE 15  ·  GLOSS",
    "t": "text",
    "x": 0.2,
    "y": 1.360859,
  },
  {
    "color": "0,0,0",
    "fs": 36,
    "s": "BLACK  ·  YEAR 2026",
    "t": "text",
    "x": 0.2,
    "y": 1.955632,
  },
  {
    "h": 0,
    "t": "line",
    "w": 5.6,
    "x": 0.2,
    "y": 2.100809,
  },
  {
    "fill": "0,0,0",
    "h": 0.675556,
    "t": "rect",
    "w": 3.056667,
    "x": 0.18,
    "y": 2.262103,
  },
  {
    "color": "255,255,255",
    "fs": 40,
    "s": "03-4614BK",
    "t": "text",
    "x": 0.3,
    "y": 2.766548,
  },
  {
    "fill": "0,0,0",
    "h": 0.55,
    "t": "rect",
    "w": 0.083582,
    "x": 0.2,
    "y": 3.048144,
  },
  {
    "fill": "0,0,0",
    "h": 0.55,
    "t": "rect",
    "w": 0.041791,
    "x": 0.325373,
    "y": 3.048144,
  },
  {
    "fill": "0,0,0",
    "h": 0.55,
    "t": "rect",
    "w": 0.125373,
    "x": 0.450746,
    "y": 3.048144,
  },
  {
    "fill": "0,0,0",
    "h": 0.55,
    "t": "rect",
    "w": 0.041791,
    "x": 0.659701,
    "y": 3.048144,
  },
  {
    "fill": "0,0,0",
    "h": 0.55,
    "t": "rect",
    "w": 0.041791,
    "x": 0.785075,
    "y": 3.048144,
  },
  {
    "fill": "0,0,0",
    "h": 0.55,
    "t": "rect",
    "w": 0.083582,
    "x": 0.910448,
    "y": 3.048144,
  },
  {
    "fill": "0,0,0",
    "h": 0.55,
    "t": "rect",
    "w": 0.125373,
    "x": 1.119403,
    "y": 3.048144,
  },
  {
    "fill": "0,0,0",
    "h": 0.55,
    "t": "rect",
    "w": 0.041791,
    "x": 1.286567,
    "y": 3.048144,
  },
  {
    "fill": "0,0,0",
    "h": 0.55,
    "t": "rect",
    "w": 0.167164,
    "x": 1.370149,
    "y": 3.048144,
  },
  {
    "fill": "0,0,0",
    "h": 0.55,
    "t": "rect",
    "w": 0.041791,
    "x": 1.579104,
    "y": 3.048144,
  },
  {
    "fill": "0,0,0",
    "h": 0.55,
    "t": "rect",
    "w": 0.083582,
    "x": 1.704478,
    "y": 3.048144,
  },
  {
    "fill": "0,0,0",
    "h": 0.55,
    "t": "rect",
    "w": 0.125373,
    "x": 1.829851,
    "y": 3.048144,
  },
  {
    "fill": "0,0,0",
    "h": 0.55,
    "t": "rect",
    "w": 0.041791,
    "x": 2.038806,
    "y": 3.048144,
  },
  {
    "fill": "0,0,0",
    "h": 0.55,
    "t": "rect",
    "w": 0.125373,
    "x": 2.122388,
    "y": 3.048144,
  },
  {
    "fill": "0,0,0",
    "h": 0.55,
    "t": "rect",
    "w": 0.167164,
    "x": 2.289552,
    "y": 3.048144,
  },
  {
    "fill": "0,0,0",
    "h": 0.55,
    "t": "rect",
    "w": 0.041791,
    "x": 2.498507,
    "y": 3.048144,
  },
  {
    "fill": "0,0,0",
    "h": 0.55,
    "t": "rect",
    "w": 0.125373,
    "x": 2.58209,
    "y": 3.048144,
  },
  {
    "fill": "0,0,0",
    "h": 0.55,
    "t": "rect",
    "w": 0.083582,
    "x": 2.832836,
    "y": 3.048144,
  },
  {
    "fill": "0,0,0",
    "h": 0.55,
    "t": "rect",
    "w": 0.041791,
    "x": 2.958209,
    "y": 3.048144,
  },
  {
    "fill": "0,0,0",
    "h": 0.55,
    "t": "rect",
    "w": 0.083582,
    "x": 3.083582,
    "y": 3.048144,
  },
  {
    "fill": "0,0,0",
    "h": 0.55,
    "t": "rect",
    "w": 0.125373,
    "x": 3.250746,
    "y": 3.048144,
  },
  {
    "fill": "0,0,0",
    "h": 0.55,
    "t": "rect",
    "w": 0.125373,
    "x": 3.41791,
    "y": 3.048144,
  },
  {
    "fill": "0,0,0",
    "h": 0.55,
    "t": "rect",
    "w": 0.041791,
    "x": 3.585075,
    "y": 3.048144,
  },
  {
    "fill": "0,0,0",
    "h": 0.55,
    "t": "rect",
    "w": 0.167164,
    "x": 3.668657,
    "y": 3.048144,
  },
  {
    "fill": "0,0,0",
    "h": 0.55,
    "t": "rect",
    "w": 0.041791,
    "x": 3.877612,
    "y": 3.048144,
  },
  {
    "fill": "0,0,0",
    "h": 0.55,
    "t": "rect",
    "w": 0.041791,
    "x": 4.044776,
    "y": 3.048144,
  },
  {
    "fill": "0,0,0",
    "h": 0.55,
    "t": "rect",
    "w": 0.083582,
    "x": 4.128358,
    "y": 3.048144,
  },
  {
    "fill": "0,0,0",
    "h": 0.55,
    "t": "rect",
    "w": 0.041791,
    "x": 4.337313,
    "y": 3.048144,
  },
  {
    "fill": "0,0,0",
    "h": 0.55,
    "t": "rect",
    "w": 0.083582,
    "x": 4.420896,
    "y": 3.048144,
  },
  {
    "fill": "0,0,0",
    "h": 0.55,
    "t": "rect",
    "w": 0.125373,
    "x": 4.629851,
    "y": 3.048144,
  },
  {
    "fill": "0,0,0",
    "h": 0.55,
    "t": "rect",
    "w": 0.125373,
    "x": 4.797015,
    "y": 3.048144,
  },
  {
    "fill": "0,0,0",
    "h": 0.55,
    "t": "rect",
    "w": 0.041791,
    "x": 5.047761,
    "y": 3.048144,
  },
  {
    "fill": "0,0,0",
    "h": 0.55,
    "t": "rect",
    "w": 0.083582,
    "x": 5.131343,
    "y": 3.048144,
  },
  {
    "fill": "0,0,0",
    "h": 0.55,
    "t": "rect",
    "w": 0.083582,
    "x": 5.256716,
    "y": 3.048144,
  },
  {
    "fill": "0,0,0",
    "h": 0.55,
    "t": "rect",
    "w": 0.125373,
    "x": 5.465672,
    "y": 3.048144,
  },
  {
    "fill": "0,0,0",
    "h": 0.55,
    "t": "rect",
    "w": 0.041791,
    "x": 5.632836,
    "y": 3.048144,
  },
  {
    "fill": "0,0,0",
    "h": 0.55,
    "t": "rect",
    "w": 0.083582,
    "x": 5.716418,
    "y": 3.048144,
  },
]
`;

exports[`generateBikeLabels — printed geometry (refactor guard) > standard · both 1`] = `
[
  {
    "fill": "255,255,255",
    "h": 4,
    "t": "rect",
    "w": 6,
    "x": 0,
    "y": 0,
  },
  {
    "color": "0,0,0",
    "fs": 26,
    "s": "FAULTLINE A1 V2",
    "t": "text",
    "x": 0.2,
    "y": 0.561111,
  },
  {
    "color": "0,0,0",
    "fs": 23.4,
    "s": "SIZE 15  ·  GLOSS",
    "t": "text",
    "x": 0.2,
    "y": 1.093312,
  },
  {
    "color": "0,0,0",
    "fs": 23.4,
    "s": "BLACK  ·  YEAR 2026",
    "t": "text",
    "x": 0.2,
    "y": 1.604793,
  },
  {
    "h": 0,
    "t": "line",
    "w": 3.2,
    "x": 0.2,
    "y": 1.857959,
  },
  {
    "fill": "0,0,0",
    "h": 0.481111,
    "t": "rect",
    "w": 2.070833,
    "x": 0.18,
    "y": 2.071354,
  },
  {
    "color": "255,255,255",
    "fs": 26,
    "s": "03-4614BK",
    "t": "text",
    "x": 0.3,
    "y": 2.420243,
  },
  {
    "fill": "0,0,0",
    "h": 0.55,
    "t": "rect",
    "w": 0.047761,
    "x": 0.2,
    "y": 2.682488,
  },
  {
    "fill": "0,0,0",
    "h": 0.55,
    "t": "rect",
    "w": 0.023881,
    "x": 0.271642,
    "y": 2.682488,
  },
  {
    "fill": "0,0,0",
    "h": 0.55,
    "t": "rect",
    "w": 0.071642,
    "x": 0.343284,
    "y": 2.682488,
  },
  {
    "fill": "0,0,0",
    "h": 0.55,
    "t": "rect",
    "w": 0.023881,
    "x": 0.462687,
    "y": 2.682488,
  },
  {
    "fill": "0,0,0",
    "h": 0.55,
    "t": "rect",
    "w": 0.023881,
    "x": 0.534328,
    "y": 2.682488,
  },
  {
    "fill": "0,0,0",
    "h": 0.55,
    "t": "rect",
    "w": 0.047761,
    "x": 0.60597,
    "y": 2.682488,
  },
  {
    "fill": "0,0,0",
    "h": 0.55,
    "t": "rect",
    "w": 0.071642,
    "x": 0.725373,
    "y": 2.682488,
  },
  {
    "fill": "0,0,0",
    "h": 0.55,
    "t": "rect",
    "w": 0.023881,
    "x": 0.820896,
    "y": 2.682488,
  },
  {
    "fill": "0,0,0",
    "h": 0.55,
    "t": "rect",
    "w": 0.095522,
    "x": 0.868657,
    "y": 2.682488,
  },
  {
    "fill": "0,0,0",
    "h": 0.55,
    "t": "rect",
    "w": 0.023881,
    "x": 0.98806,
    "y": 2.682488,
  },
  {
    "fill": "0,0,0",
    "h": 0.55,
    "t": "rect",
    "w": 0.047761,
    "x": 1.059701,
    "y": 2.682488,
  },
  {
    "fill": "0,0,0",
    "h": 0.55,
    "t": "rect",
    "w": 0.071642,
    "x": 1.131343,
    "y": 2.682488,
  },
  {
    "fill": "0,0,0",
    "h": 0.55,
    "t": "rect",
    "w": 0.023881,
    "x": 1.250746,
    "y": 2.682488,
  },
  {
    "fill": "0,0,0",
    "h": 0.55,
    "t": "rect",
    "w": 0.071642,
    "x": 1.298507,
    "y": 2.682488,
  },
  {
    "fill": "0,0,0",
    "h": 0.55,
    "t": "rect",
    "w": 0.095522,
    "x": 1.39403,
    "y": 2.682488,
  },
  {
    "fill": "0,0,0",
    "h": 0.55,
    "t": "rect",
    "w": 0.023881,
    "x": 1.513433,
    "y": 2.682488,
  },
  {
    "fill": "0,0,0",
    "h": 0.55,
    "t": "rect",
    "w": 0.071642,
    "x": 1.561194,
    "y": 2.682488,
  },
  {
    "fill": "0,0,0",
    "h": 0.55,
    "t": "rect",
    "w": 0.047761,
    "x": 1.704478,
    "y": 2.682488,
  },
  {
    "fill": "0,0,0",
    "h": 0.55,
    "t": "rect",
    "w": 0.023881,
    "x": 1.776119,
    "y": 2.682488,
  },
  {
    "fill": "0,0,0",
    "h": 0.55,
    "t": "rect",
    "w": 0.047761,
    "x": 1.847761,
    "y": 2.682488,
  },
  {
    "fill": "0,0,0",
    "h": 0.55,
    "t": "rect",
    "w": 0.071642,
    "x": 1.943284,
    "y": 2.682488,
  },
  {
    "fill": "0,0,0",
    "h": 0.55,
    "t": "rect",
    "w": 0.071642,
    "x": 2.038806,
    "y": 2.682488,
  },
  {
    "fill": "0,0,0",
    "h": 0.55,
    "t": "rect",
    "w": 0.023881,
    "x": 2.134328,
    "y": 2.682488,
  },
  {
    "fill": "0,0,0",
    "h": 0.55,
    "t": "rect",
    "w": 0.095522,
    "x": 2.18209,
    "y": 2.682488,
  },
  {
    "fill": "0,0,0",
    "h": 0.55,
    "t": "rect",
    "w": 0.023881,
    "x": 2.301493,
    "y": 2.682488,
  },
  {
    "fill": "0,0,0",
    "h": 0.55,
    "t": "rect",
    "w": 0.023881,
    "x": 2.397015,
    "y": 2.682488,
  },
  {
    "fill": "0,0,0",
    "h": 0.55,
    "t": "rect",
    "w": 0.047761,
    "x": 2.444776,
    "y": 2.682488,
  },
  {
    "fill": "0,0,0",
    "h": 0.55,
    "t": "rect",
    "w": 0.023881,
    "x": 2.564179,
    "y": 2.682488,
  },
  {
    "fill": "0,0,0",
    "h": 0.55,
    "t": "rect",
    "w": 0.047761,
    "x": 2.61194,
    "y": 2.682488,
  },
  {
    "fill": "0,0,0",
    "h": 0.55,
    "t": "rect",
    "w": 0.071642,
    "x": 2.731343,
    "y": 2.682488,
  },
  {
    "fill": "0,0,0",
    "h": 0.55,
    "t": "rect",
    "w": 0.071642,
    "x": 2.826866,
    "y": 2.682488,
  },
  {
    "fill": "0,0,0",
    "h": 0.55,
    "t": "rect",
    "w": 0.023881,
    "x": 2.970149,
    "y": 2.682488,
  },
  {
    "fill": "0,0,0",
    "h": 0.55,
    "t": "rect",
    "w": 0.047761,
    "x": 3.01791,
    "y": 2.682488,
  },
  {
    "fill": "0,0,0",
    "h": 0.55,
    "t": "rect",
    "w": 0.047761,
    "x": 3.089552,
    "y": 2.682488,
  },
  {
    "fill": "0,0,0",
    "h": 0.55,
    "t": "rect",
    "w": 0.071642,
    "x": 3.208955,
    "y": 2.682488,
  },
  {
    "fill": "0,0,0",
    "h": 0.55,
    "t": "rect",
    "w": 0.023881,
    "x": 3.304478,
    "y": 2.682488,
  },
  {
    "fill": "0,0,0",
    "h": 0.55,
    "t": "rect",
    "w": 0.047761,
    "x": 3.352239,
    "y": 2.682488,
  },
  {
    "h": 2.2,
    "t": "image",
    "w": 2.2,
    "x": 3.6,
    "y": 0.9,
  },
  {
    "fill": "255,255,255",
    "h": 4,
    "t": "rect",
    "w": 6,
    "x": 0,
    "y": 0,
  },
  {
    "color": "0,0,0",
    "fs": 26,
    "s": "FAULTLINE A1 V2",
    "t": "text",
    "x": 0.2,
    "y": 0.561111,
  },
  {
    "color": "0,0,0",
    "fs": 23.4,
    "s": "SIZE 15  ·  GLOSS",
    "t": "text",
    "x": 0.2,
    "y": 1.093312,
  },
  {
    "color": "0,0,0",
    "fs": 23.4,
    "s": "BLACK  ·  YEAR 2026",
    "t": "text",
    "x": 0.2,
    "y": 1.604793,
  },
  {
    "h": 0,
    "t": "line",
    "w": 3.2,
    "x": 0.2,
    "y": 1.857959,
  },
  {
    "fill": "0,0,0",
    "h": 0.481111,
    "t": "rect",
    "w": 2.070833,
    "x": 0.18,
    "y": 2.071354,
  },
  {
    "color": "255,255,255",
    "fs": 26,
    "s": "03-4614BK",
    "t": "text",
    "x": 0.3,
    "y": 2.420243,
  },
  {
    "fill": "0,0,0",
    "h": 0.55,
    "t": "rect",
    "w": 0.047761,
    "x": 0.2,
    "y": 2.682488,
  },
  {
    "fill": "0,0,0",
    "h": 0.55,
    "t": "rect",
    "w": 0.023881,
    "x": 0.271642,
    "y": 2.682488,
  },
  {
    "fill": "0,0,0",
    "h": 0.55,
    "t": "rect",
    "w": 0.071642,
    "x": 0.343284,
    "y": 2.682488,
  },
  {
    "fill": "0,0,0",
    "h": 0.55,
    "t": "rect",
    "w": 0.023881,
    "x": 0.462687,
    "y": 2.682488,
  },
  {
    "fill": "0,0,0",
    "h": 0.55,
    "t": "rect",
    "w": 0.023881,
    "x": 0.534328,
    "y": 2.682488,
  },
  {
    "fill": "0,0,0",
    "h": 0.55,
    "t": "rect",
    "w": 0.047761,
    "x": 0.60597,
    "y": 2.682488,
  },
  {
    "fill": "0,0,0",
    "h": 0.55,
    "t": "rect",
    "w": 0.071642,
    "x": 0.725373,
    "y": 2.682488,
  },
  {
    "fill": "0,0,0",
    "h": 0.55,
    "t": "rect",
    "w": 0.023881,
    "x": 0.820896,
    "y": 2.682488,
  },
  {
    "fill": "0,0,0",
    "h": 0.55,
    "t": "rect",
    "w": 0.095522,
    "x": 0.868657,
    "y": 2.682488,
  },
  {
    "fill": "0,0,0",
    "h": 0.55,
    "t": "rect",
    "w": 0.023881,
    "x": 0.98806,
    "y": 2.682488,
  },
  {
    "fill": "0,0,0",
    "h": 0.55,
    "t": "rect",
    "w": 0.047761,
    "x": 1.059701,
    "y": 2.682488,
  },
  {
    "fill": "0,0,0",
    "h": 0.55,
    "t": "rect",
    "w": 0.071642,
    "x": 1.131343,
    "y": 2.682488,
  },
  {
    "fill": "0,0,0",
    "h": 0.55,
    "t": "rect",
    "w": 0.023881,
    "x": 1.250746,
    "y": 2.682488,
  },
  {
    "fill": "0,0,0",
    "h": 0.55,
    "t": "rect",
    "w": 0.071642,
    "x": 1.298507,
    "y": 2.682488,
  },
  {
    "fill": "0,0,0",
    "h": 0.55,
    "t": "rect",
    "w": 0.095522,
    "x": 1.39403,
    "y": 2.682488,
  },
  {
    "fill": "0,0,0",
    "h": 0.55,
    "t": "rect",
    "w": 0.023881,
    "x": 1.513433,
    "y": 2.682488,
  },
  {
    "fill": "0,0,0",
    "h": 0.55,
    "t": "rect",
    "w": 0.071642,
    "x": 1.561194,
    "y": 2.682488,
  },
  {
    "fill": "0,0,0",
    "h": 0.55,
    "t": "rect",
    "w": 0.047761,
    "x": 1.704478,
    "y": 2.682488,
  },
  {
    "fill": "0,0,0",
    "h": 0.55,
    "t": "rect",
    "w": 0.023881,
    "x": 1.776119,
    "y": 2.682488,
  },
  {
    "fill": "0,0,0",
    "h": 0.55,
    "t": "rect",
    "w": 0.047761,
    "x": 1.847761,
    "y": 2.682488,
  },
  {
    "fill": "0,0,0",
    "h": 0.55,
    "t": "rect",
    "w": 0.071642,
    "x": 1.943284,
    "y": 2.682488,
  },
  {
    "fill": "0,0,0",
    "h": 0.55,
    "t": "rect",
    "w": 0.071642,
    "x": 2.038806,
    "y": 2.682488,
  },
  {
    "fill": "0,0,0",
    "h": 0.55,
    "t": "rect",
    "w": 0.023881,
    "x": 2.134328,
    "y": 2.682488,
  },
  {
    "fill": "0,0,0",
    "h": 0.55,
    "t": "rect",
    "w": 0.095522,
    "x": 2.18209,
    "y": 2.682488,
  },
  {
    "fill": "0,0,0",
    "h": 0.55,
    "t": "rect",
    "w": 0.023881,
    "x": 2.301493,
    "y": 2.682488,
  },
  {
    "fill": "0,0,0",
    "h": 0.55,
    "t": "rect",
    "w": 0.023881,
    "x": 2.397015,
    "y": 2.682488,
  },
  {
    "fill": "0,0,0",
    "h": 0.55,
    "t": "rect",
    "w": 0.047761,
    "x": 2.444776,
    "y": 2.682488,
  },
  {
    "fill": "0,0,0",
    "h": 0.55,
    "t": "rect",
    "w": 0.023881,
    "x": 2.564179,
    "y": 2.682488,
  },
  {
    "fill": "0,0,0",
    "h": 0.55,
    "t": "rect",
    "w": 0.047761,
    "x": 2.61194,
    "y": 2.682488,
  },
  {
    "fill": "0,0,0",
    "h": 0.55,
    "t": "rect",
    "w": 0.071642,
    "x": 2.731343,
    "y": 2.682488,
  },
  {
    "fill": "0,0,0",
    "h": 0.55,
    "t": "rect",
    "w": 0.071642,
    "x": 2.826866,
    "y": 2.682488,
  },
  {
    "fill": "0,0,0",
    "h": 0.55,
    "t": "rect",
    "w": 0.023881,
    "x": 2.970149,
    "y": 2.682488,
  },
  {
    "fill": "0,0,0",
    "h": 0.55,
    "t": "rect",
    "w": 0.047761,
    "x": 3.01791,
    "y": 2.682488,
  },
  {
    "fill": "0,0,0",
    "h": 0.55,
    "t": "rect",
    "w": 0.047761,
    "x": 3.089552,
    "y": 2.682488,
  },
  {
    "fill": "0,0,0",
    "h": 0.55,
    "t": "rect",
    "w": 0.071642,
    "x": 3.208955,
    "y": 2.682488,
  },
  {
    "fill": "0,0,0",
    "h": 0.55,
    "t": "rect",
    "w": 0.023881,
    "x": 3.304478,
    "y": 2.682488,
  },
  {
    "fill": "0,0,0",
    "h": 0.55,
    "t": "rect",
    "w": 0.047761,
    "x": 3.352239,
    "y": 2.682488,
  },
  {
    "h": 2.2,
    "t": "image",
    "w": 2.2,
    "x": 3.6,
    "y": 0.9,
  },
]
`;

exports[`generateBikeLabels — printed geometry (refactor guard) > standard · none 1`] = `
[
  {
    "fill": "255,255,255",
    "h": 4,
    "t": "rect",
    "w": 6,
    "x": 0,
    "y": 0,
  },
  {
    "color": "0,0,0",
    "fs": 45.5,
    "s": "FAULTLINE A1 V2",
    "t": "text",
    "x": 0.2,
    "y": 0.831944,
  },
  {
    "color": "0,0,0",
    "fs": 40.95,
    "s": "SIZE 15  ·  GLOSS",
    "t": "text",
    "x": 0.2,
    "y": 1.598929,
  },
  {
    "color": "0,0,0",
    "fs": 40.95,
    "s": "BLACK  ·  YEAR 2026",
    "t": "text",
    "x": 0.2,
    "y": 2.346091,
  },
  {
    "h": 0,
    "t": "line",
    "w": 5.6,
    "x": 0.2,
    "y": 2.580167,
  },
  {
    "fill": "0,0,0",
    "h": 0.751944,
    "t": "rect",
    "w": 3.443958,
    "x": 0.18,
    "y": 2.758294,
  },
  {
    "color": "255,255,255",
    "fs": 45.5,
    "s": "03-4614BK",
    "t": "text",
    "x": 0.3,
    "y": 3.32385,
  },
  {
    "fill": "255,255,255",
    "h": 4,
    "t": "rect",
    "w": 6,
    "x": 0,
    "y": 0,
  },
  {
    "color": "0,0,0",
    "fs": 45.5,
    "s": "FAULTLINE A1 V2",
    "t": "text",
    "x": 0.2,
    "y": 0.831944,
  },
  {
    "color": "0,0,0",
    "fs": 40.95,
    "s": "SIZE 15  ·  GLOSS",
    "t": "text",
    "x": 0.2,
    "y": 1.598929,
  },
  {
    "color": "0,0,0",
    "fs": 40.95,
    "s": "BLACK  ·  YEAR 2026",
    "t": "text",
    "x": 0.2,
    "y": 2.346091,
  },
  {
    "h": 0,
    "t": "line",
    "w": 5.6,
    "x": 0.2,
    "y": 2.580167,
  },
  {
    "fill": "0,0,0",
    "h": 0.751944,
    "t": "rect",
    "w": 3.443958,
    "x": 0.18,
    "y": 2.758294,
  },
  {
    "color": "255,255,255",
    "fs": 45.5,
    "s": "03-4614BK",
    "t": "text",
    "x": 0.3,
    "y": 3.32385,
  },
]
`;

exports[`generateBikeLabels — printed geometry (refactor guard) > standard · qr-only 1`] = `
[
  {
    "fill": "255,255,255",
    "h": 4,
    "t": "rect",
    "w": 6,
    "x": 0,
    "y": 0,
  },
  {
    "color": "0,0,0",
    "fs": 26,
    "s": "FAULTLINE A1 V2",
    "t": "text",
    "x": 0.2,
    "y": 0.947656,
  },
  {
    "color": "0,0,0",
    "fs": 23.4,
    "s": "SIZE 15  ·  GLOSS",
    "t": "text",
    "x": 0.2,
    "y": 1.5081,
  },
  {
    "color": "0,0,0",
    "fs": 23.4,
    "s": "BLACK  ·  YEAR 2026",
    "t": "text",
    "x": 0.2,
    "y": 2.045,
  },
  {
    "h": 0,
    "t": "line",
    "w": 3.2,
    "x": 0.2,
    "y": 2.3269,
  },
  {
    "fill": "0,0,0",
    "h": 0.481111,
    "t": "rect",
    "w": 2.070833,
    "x": 0.18,
    "y": 2.5509,
  },
  {
    "color": "255,255,255",
    "fs": 26,
    "s": "03-4614BK",
    "t": "text",
    "x": 0.3,
    "y": 2.899789,
  },
  {
    "h": 2.2,
    "t": "image",
    "w": 2.2,
    "x": 3.6,
    "y": 0.9,
  },
  {
    "fill": "255,255,255",
    "h": 4,
    "t": "rect",
    "w": 6,
    "x": 0,
    "y": 0,
  },
  {
    "color": "0,0,0",
    "fs": 26,
    "s": "FAULTLINE A1 V2",
    "t": "text",
    "x": 0.2,
    "y": 0.947656,
  },
  {
    "color": "0,0,0",
    "fs": 23.4,
    "s": "SIZE 15  ·  GLOSS",
    "t": "text",
    "x": 0.2,
    "y": 1.5081,
  },
  {
    "color": "0,0,0",
    "fs": 23.4,
    "s": "BLACK  ·  YEAR 2026",
    "t": "text",
    "x": 0.2,
    "y": 2.045,
  },
  {
    "h": 0,
    "t": "line",
    "w": 3.2,
    "x": 0.2,
    "y": 2.3269,
  },
  {
    "fill": "0,0,0",
    "h": 0.481111,
    "t": "rect",
    "w": 2.070833,
    "x": 0.18,
    "y": 2.5509,
  },
  {
    "color": "255,255,255",
    "fs": 26,
    "s": "03-4614BK",
    "t": "text",
    "x": 0.3,
    "y": 2.899789,
  },
  {
    "h": 2.2,
    "t": "image",
    "w": 2.2,
    "x": 3.6,
    "y": 0.9,
  },
]
`;

exports[`generateBikeLabels — printed geometry (refactor guard) > vertical · barcode-only 1`] = `
[
  {
    "fill": "255,255,255",
    "h": 6,
    "t": "rect",
    "w": 4,
    "x": 0,
    "y": 0,
  },
  {
    "color": "0,0,0",
    "fs": 29,
    "s": "FAULTLINE A1 V2",
    "t": "text",
    "x": 0.322431,
    "y": 0.949631,
  },
  {
    "color": "0,0,0",
    "fs": 26.1,
    "s": "SIZE 15  ·  GLOSS",
    "t": "text",
    "x": 0.473875,
    "y": 1.717325,
  },
  {
    "color": "0,0,0",
    "fs": 26.1,
    "s": "BLACK  ·  YEAR 2026",
    "t": "text",
    "x": 0.234625,
    "y": 2.4445,
  },
  {
    "h": 0,
    "t": "line",
    "w": 3.6,
    "x": 0.2,
    "y": 2.894175,
  },
  {
    "fill": "0,0,0",
    "h": 0.522778,
    "t": "rect",
    "w": 2.242083,
    "x": 0.878958,
    "y": 3.166175,
  },
  {
    "color": "255,255,255",
    "fs": 29,
    "s": "03-4614BK",
    "t": "text",
    "x": 0.978958,
    "y": 3.548397,
  },
  {
    "fill": "0,0,0",
    "h": 0.55,
    "t": "rect",
    "w": 0.047761,
    "x": 0.4,
    "y": 3.874953,
  },
  {
    "fill": "0,0,0",
    "h": 0.55,
    "t": "rect",
    "w": 0.023881,
    "x": 0.471642,
    "y": 3.874953,
  },
  {
    "fill": "0,0,0",
    "h": 0.55,
    "t": "rect",
    "w": 0.071642,
    "x": 0.543284,
    "y": 3.874953,
  },
  {
    "fill": "0,0,0",
    "h": 0.55,
    "t": "rect",
    "w": 0.023881,
    "x": 0.662687,
    "y": 3.874953,
  },
  {
    "fill": "0,0,0",
    "h": 0.55,
    "t": "rect",
    "w": 0.023881,
    "x": 0.734328,
    "y": 3.874953,
  },
  {
    "fill": "0,0,0",
    "h": 0.55,
    "t": "rect",
    "w": 0.047761,
    "x": 0.80597,
    "y": 3.874953,
  },
  {
    "fill": "0,0,0",
    "h": 0.55,
    "t": "rect",
    "w": 0.071642,
    "x": 0.925373,
    "y": 3.874953,
  },
  {
    "fill": "0,0,0",
    "h": 0.55,
    "t": "rect",
    "w": 0.023881,
    "x": 1.020896,
    "y": 3.874953,
  },
  {
    "fill": "0,0,0",
    "h": 0.55,
    "t": "rect",
    "w": 0.095522,
    "x": 1.068657,
    "y": 3.874953,
  },
  {
    "fill": "0,0,0",
    "h": 0.55,
    "t": "rect",
    "w": 0.023881,
    "x": 1.18806,
    "y": 3.874953,
  },
  {
    "fill": "0,0,0",
    "h": 0.55,
    "t": "rect",
    "w": 0.047761,
    "x": 1.259701,
    "y": 3.874953,
  },
  {
    "fill": "0,0,0",
    "h": 0.55,
    "t": "rect",
    "w": 0.071642,
    "x": 1.331343,
    "y": 3.874953,
  },
  {
    "fill": "0,0,0",
    "h": 0.55,
    "t": "rect",
    "w": 0.023881,
    "x": 1.450746,
    "y": 3.874953,
  },
  {
    "fill": "0,0,0",
    "h": 0.55,
    "t": "rect",
    "w": 0.071642,
    "x": 1.498507,
    "y": 3.874953,
  },
  {
    "fill": "0,0,0",
    "h": 0.55,
    "t": "rect",
    "w": 0.095522,
    "x": 1.59403,
    "y": 3.874953,
  },
  {
    "fill": "0,0,0",
    "h": 0.55,
    "t": "rect",
    "w": 0.023881,
    "x": 1.713433,
    "y": 3.874953,
  },
  {
    "fill": "0,0,0",
    "h": 0.55,
    "t": "rect",
    "w": 0.071642,
    "x": 1.761194,
    "y": 3.874953,
  },
  {
    "fill": "0,0,0",
    "h": 0.55,
    "t": "rect",
    "w": 0.047761,
    "x": 1.904478,
    "y": 3.874953,
  },
  {
    "fill": "0,0,0",
    "h": 0.55,
    "t": "rect",
    "w": 0.023881,
    "x": 1.976119,
    "y": 3.874953,
  },
  {
    "fill": "0,0,0",
    "h": 0.55,
    "t": "rect",
    "w": 0.047761,
    "x": 2.047761,
    "y": 3.874953,
  },
  {
    "fill": "0,0,0",
    "h": 0.55,
    "t": "rect",
    "w": 0.071642,
    "x": 2.143284,
    "y": 3.874953,
  },
  {
    "fill": "0,0,0",
    "h": 0.55,
    "t": "rect",
    "w": 0.071642,
    "x": 2.238806,
    "y": 3.874953,
  },
  {
    "fill": "0,0,0",
    "h": 0.55,
    "t": "rect",
    "w": 0.023881,
    "x": 2.334328,
    "y": 3.874953,
  },
  {
    "fill": "0,0,0",
    "h": 0.55,
    "t": "rect",
    "w": 0.095522,
    "x": 2.38209,
    "y": 3.874953,
  },
  {
    "fill": "0,0,0",
    "h": 0.55,
    "t": "rect",
    "w": 0.023881,
    "x": 2.501493,
    "y": 3.874953,
  },
  {
    "fill": "0,0,0",
    "h": 0.55,
    "t": "rect",
    "w": 0.023881,
    "x": 2.597015,
    "y": 3.874953,
  },
  {
    "fill": "0,0,0",
    "h": 0.55,
    "t": "rect",
    "w": 0.047761,
    "x": 2.644776,
    "y": 3.874953,
  },
  {
    "fill": "0,0,0",
    "h": 0.55,
    "t": "rect",
    "w": 0.023881,
    "x": 2.764179,
    "y": 3.874953,
  },
  {
    "fill": "0,0,0",
    "h": 0.55,
    "t": "rect",
    "w": 0.047761,
    "x": 2.81194,
    "y": 3.874953,
  },
  {
    "fill": "0,0,0",
    "h": 0.55,
    "t": "rect",
    "w": 0.071642,
    "x": 2.931343,
    "y": 3.874953,
  },
  {
    "fill": "0,0,0",
    "h": 0.55,
    "t": "rect",
    "w": 0.071642,
    "x": 3.026866,
    "y": 3.874953,
  },
  {
    "fill": "0,0,0",
    "h": 0.55,
    "t": "rect",
    "w": 0.023881,
    "x": 3.170149,
    "y": 3.874953,
  },
  {
    "fill": "0,0,0",
    "h": 0.55,
    "t": "rect",
    "w": 0.047761,
    "x": 3.21791,
    "y": 3.874953,
  },
  {
    "fill": "0,0,0",
    "h": 0.55,
    "t": "rect",
    "w": 0.047761,
    "x": 3.289552,
    "y": 3.874953,
  },
  {
    "fill": "0,0,0",
    "h": 0.55,
    "t": "rect",
    "w": 0.071642,
    "x": 3.408955,
    "y": 3.874953,
  },
  {
    "fill": "0,0,0",
    "h": 0.55,
    "t": "rect",
    "w": 0.023881,
    "x": 3.504478,
    "y": 3.874953,
  },
  {
    "fill": "0,0,0",
    "h": 0.55,
    "t": "rect",
    "w": 0.047761,
    "x": 3.552239,
    "y": 3.874953,
  },
  {
    "fill": "255,255,255",
    "h": 6,
    "t": "rect",
    "w": 4,
    "x": 0,
    "y": 0,
  },
  {
    "color": "0,0,0",
    "fs": 29,
    "s": "FAULTLINE A1 V2",
    "t": "text",
    "x": 0.322431,
    "y": 0.949631,
  },
  {
    "color": "0,0,0",
    "fs": 26.1,
    "s": "SIZE 15  ·  GLOSS",
    "t": "text",
    "x": 0.473875,
    "y": 1.717325,
  },
  {
    "color": "0,0,0",
    "fs": 26.1,
    "s": "BLACK  ·  YEAR 2026",
    "t": "text",
    "x": 0.234625,
    "y": 2.4445,
  },
  {
    "h": 0,
    "t": "line",
    "w": 3.6,
    "x": 0.2,
    "y": 2.894175,
  },
  {
    "fill": "0,0,0",
    "h": 0.522778,
    "t": "rect",
    "w": 2.242083,
    "x": 0.878958,
    "y": 3.166175,
  },
  {
    "color": "255,255,255",
    "fs": 29,
    "s": "03-4614BK",
    "t": "text",
    "x": 0.978958,
    "y": 3.548397,
  },
  {
    "fill": "0,0,0",
    "h": 0.55,
    "t": "rect",
    "w": 0.047761,
    "x": 0.4,
    "y": 3.874953,
  },
  {
    "fill": "0,0,0",
    "h": 0.55,
    "t": "rect",
    "w": 0.023881,
    "x": 0.471642,
    "y": 3.874953,
  },
  {
    "fill": "0,0,0",
    "h": 0.55,
    "t": "rect",
    "w": 0.071642,
    "x": 0.543284,
    "y": 3.874953,
  },
  {
    "fill": "0,0,0",
    "h": 0.55,
    "t": "rect",
    "w": 0.023881,
    "x": 0.662687,
    "y": 3.874953,
  },
  {
    "fill": "0,0,0",
    "h": 0.55,
    "t": "rect",
    "w": 0.023881,
    "x": 0.734328,
    "y": 3.874953,
  },
  {
    "fill": "0,0,0",
    "h": 0.55,
    "t": "rect",
    "w": 0.047761,
    "x": 0.80597,
    "y": 3.874953,
  },
  {
    "fill": "0,0,0",
    "h": 0.55,
    "t": "rect",
    "w": 0.071642,
    "x": 0.925373,
    "y": 3.874953,
  },
  {
    "fill": "0,0,0",
    "h": 0.55,
    "t": "rect",
    "w": 0.023881,
    "x": 1.020896,
    "y": 3.874953,
  },
  {
    "fill": "0,0,0",
    "h": 0.55,
    "t": "rect",
    "w": 0.095522,
    "x": 1.068657,
    "y": 3.874953,
  },
  {
    "fill": "0,0,0",
    "h": 0.55,
    "t": "rect",
    "w": 0.023881,
    "x": 1.18806,
    "y": 3.874953,
  },
  {
    "fill": "0,0,0",
    "h": 0.55,
    "t": "rect",
    "w": 0.047761,
    "x": 1.259701,
    "y": 3.874953,
  },
  {
    "fill": "0,0,0",
    "h": 0.55,
    "t": "rect",
    "w": 0.071642,
    "x": 1.331343,
    "y": 3.874953,
  },
  {
    "fill": "0,0,0",
    "h": 0.55,
    "t": "rect",
    "w": 0.023881,
    "x": 1.450746,
    "y": 3.874953,
  },
  {
    "fill": "0,0,0",
    "h": 0.55,
    "t": "rect",
    "w": 0.071642,
    "x": 1.498507,
    "y": 3.874953,
  },
  {
    "fill": "0,0,0",
    "h": 0.55,
    "t": "rect",
    "w": 0.095522,
    "x": 1.59403,
    "y": 3.874953,
  },
  {
    "fill": "0,0,0",
    "h": 0.55,
    "t": "rect",
    "w": 0.023881,
    "x": 1.713433,
    "y": 3.874953,
  },
  {
    "fill": "0,0,0",
    "h": 0.55,
    "t": "rect",
    "w": 0.071642,
    "x": 1.761194,
    "y": 3.874953,
  },
  {
    "fill": "0,0,0",
    "h": 0.55,
    "t": "rect",
    "w": 0.047761,
    "x": 1.904478,
    "y": 3.874953,
  },
  {
    "fill": "0,0,0",
    "h": 0.55,
    "t": "rect",
    "w": 0.023881,
    "x": 1.976119,
    "y": 3.874953,
  },
  {
    "fill": "0,0,0",
    "h": 0.55,
    "t": "rect",
    "w": 0.047761,
    "x": 2.047761,
    "y": 3.874953,
  },
  {
    "fill": "0,0,0",
    "h": 0.55,
    "t": "rect",
    "w": 0.071642,
    "x": 2.143284,
    "y": 3.874953,
  },
  {
    "fill": "0,0,0",
    "h": 0.55,
    "t": "rect",
    "w": 0.071642,
    "x": 2.238806,
    "y": 3.874953,
  },
  {
    "fill": "0,0,0",
    "h": 0.55,
    "t": "rect",
    "w": 0.023881,
    "x": 2.334328,
    "y": 3.874953,
  },
  {
    "fill": "0,0,0",
    "h": 0.55,
    "t": "rect",
    "w": 0.095522,
    "x": 2.38209,
    "y": 3.874953,
  },
  {
    "fill": "0,0,0",
    "h": 0.55,
    "t": "rect",
    "w": 0.023881,
    "x": 2.501493,
    "y": 3.874953,
  },
  {
    "fill": "0,0,0",
    "h": 0.55,
    "t": "rect",
    "w": 0.023881,
    "x": 2.597015,
    "y": 3.874953,
  },
  {
    "fill": "0,0,0",
    "h": 0.55,
    "t": "rect",
    "w": 0.047761,
    "x": 2.644776,
    "y": 3.874953,
  },
  {
    "fill": "0,0,0",
    "h": 0.55,
    "t": "rect",
    "w": 0.023881,
    "x": 2.764179,
    "y": 3.874953,
  },
  {
    "fill": "0,0,0",
    "h": 0.55,
    "t": "rect",
    "w": 0.047761,
    "x": 2.81194,
    "y": 3.874953,
  },
  {
    "fill": "0,0,0",
    "h": 0.55,
    "t": "rect",
    "w": 0.071642,
    "x": 2.931343,
    "y": 3.874953,
  },
  {
    "fill": "0,0,0",
    "h": 0.55,
    "t": "rect",
    "w": 0.071642,
    "x": 3.026866,
    "y": 3.874953,
  },
  {
    "fill": "0,0,0",
    "h": 0.55,
    "t": "rect",
    "w": 0.023881,
    "x": 3.170149,
    "y": 3.874953,
  },
  {
    "fill": "0,0,0",
    "h": 0.55,
    "t": "rect",
    "w": 0.047761,
    "x": 3.21791,
    "y": 3.874953,
  },
  {
    "fill": "0,0,0",
    "h": 0.55,
    "t": "rect",
    "w": 0.047761,
    "x": 3.289552,
    "y": 3.874953,
  },
  {
    "fill": "0,0,0",
    "h": 0.55,
    "t": "rect",
    "w": 0.071642,
    "x": 3.408955,
    "y": 3.874953,
  },
  {
    "fill": "0,0,0",
    "h": 0.55,
    "t": "rect",
    "w": 0.023881,
    "x": 3.504478,
    "y": 3.874953,
  },
  {
    "fill": "0,0,0",
    "h": 0.55,
    "t": "rect",
    "w": 0.047761,
    "x": 3.552239,
    "y": 3.874953,
  },
]
`;

exports[`generateBikeLabels — printed geometry (refactor guard) > vertical · both 1`] = `
[
  {
    "fill": "255,255,255",
    "h": 6,
    "t": "rect",
    "w": 4,
    "x": 0,
    "y": 0,
  },
  {
    "color": "0,0,0",
    "fs": 27.5,
    "s": "FAULTLINE A1 V2",
    "t": "text",
    "x": 0.409201,
    "y": 0.581944,
  },
  {
    "color": "0,0,0",
    "fs": 24.75,
    "s": "SIZE 15  ·  GLOSS",
    "t": "text",
    "x": 0.552812,
    "y": 0.995632,
  },
  {
    "color": "0,0,0",
    "fs": 24.75,
    "s": "BLACK  ·  YEAR 2026",
    "t": "text",
    "x": 0.325937,
    "y": 1.402327,
  },
  {
    "h": 0,
    "t": "line",
    "w": 3.6,
    "x": 0.2,
    "y": 1.515403,
  },
  {
    "fill": "0,0,0",
    "h": 0.501944,
    "t": "rect",
    "w": 2.136458,
    "x": 0.931771,
    "y": 1.675824,
  },
  {
    "color": "255,255,255",
    "fs": 27.5,
    "s": "03-4614BK",
    "t": "text",
    "x": 1.031771,
    "y": 2.04138,
  },
  {
    "fill": "0,0,0",
    "h": 0.55,
    "t": "rect",
    "w": 0.047761,
    "x": 0.4,
    "y": 2.30798,
  },
  {
    "fill": "0,0,0",
    "h": 0.55,
    "t": "rect",
    "w": 0.023881,
    "x": 0.471642,
    "y": 2.30798,
  },
  {
    "fill": "0,0,0",
    "h": 0.55,
    "t": "rect",
    "w": 0.071642,
    "x": 0.543284,
    "y": 2.30798,
  },
  {
    "fill": "0,0,0",
    "h": 0.55,
    "t": "rect",
    "w": 0.023881,
    "x": 0.662687,
    "y": 2.30798,
  },
  {
    "fill": "0,0,0",
    "h": 0.55,
    "t": "rect",
    "w": 0.023881,
    "x": 0.734328,
    "y": 2.30798,
  },
  {
    "fill": "0,0,0",
    "h": 0.55,
    "t": "rect",
    "w": 0.047761,
    "x": 0.80597,
    "y": 2.30798,
  },
  {
    "fill": "0,0,0",
    "h": 0.55,
    "t": "rect",
    "w": 0.071642,
    "x": 0.925373,
    "y": 2.30798,
  },
  {
    "fill": "0,0,0",
    "h": 0.55,
    "t": "rect",
    "w": 0.023881,
    "x": 1.020896,
    "y": 2.30798,
  },
  {
    "fill": "0,0,0",
    "h": 0.55,
    "t": "rect",
    "w": 0.095522,
    "x": 1.068657,
    "y": 2.30798,
  },
  {
    "fill": "0,0,0",
    "h": 0.55,
    "t": "rect",
    "w": 0.023881,
    "x": 1.18806,
    "y": 2.30798,
  },
  {
    "fill": "0,0,0",
    "h": 0.55,
    "t": "rect",
    "w": 0.047761,
    "x": 1.259701,
    "y": 2.30798,
  },
  {
    "fill": "0,0,0",
    "h": 0.55,
    "t": "rect",
    "w": 0.071642,
    "x": 1.331343,
    "y": 2.30798,
  },
  {
    "fill": "0,0,0",
    "h": 0.55,
    "t": "rect",
    "w": 0.023881,
    "x": 1.450746,
    "y": 2.30798,
  },
  {
    "fill": "0,0,0",
    "h": 0.55,
    "t": "rect",
    "w": 0.071642,
    "x": 1.498507,
    "y": 2.30798,
  },
  {
    "fill": "0,0,0",
    "h": 0.55,
    "t": "rect",
    "w": 0.095522,
    "x": 1.59403,
    "y": 2.30798,
  },
  {
    "fill": "0,0,0",
    "h": 0.55,
    "t": "rect",
    "w": 0.023881,
    "x": 1.713433,
    "y": 2.30798,
  },
  {
    "fill": "0,0,0",
    "h": 0.55,
    "t": "rect",
    "w": 0.071642,
    "x": 1.761194,
    "y": 2.30798,
  },
  {
    "fill": "0,0,0",
    "h": 0.55,
    "t": "rect",
    "w": 0.047761,
    "x": 1.904478,
    "y": 2.30798,
  },
  {
    "fill": "0,0,0",
    "h": 0.55,
    "t": "rect",
    "w": 0.023881,
    "x": 1.976119,
    "y": 2.30798,
  },
  {
    "fill": "0,0,0",
    "h": 0.55,
    "t": "rect",
    "w": 0.047761,
    "x": 2.047761,
    "y": 2.30798,
  },
  {
    "fill": "0,0,0",
    "h": 0.55,
    "t": "rect",
    "w": 0.071642,
    "x": 2.143284,
    "y": 2.30798,
  },
  {
    "fill": "0,0,0",
    "h": 0.55,
    "t": "rect",
    "w": 0.071642,
    "x": 2.238806,
    "y": 2.30798,
  },
  {
    "fill": "0,0,0",
    "h": 0.55,
    "t": "rect",
    "w": 0.023881,
    "x": 2.334328,
    "y": 2.30798,
  },
  {
    "fill": "0,0,0",
    "h": 0.55,
    "t": "rect",
    "w": 0.095522,
    "x": 2.38209,
    "y": 2.30798,
  },
  {
    "fill": "0,0,0",
    "h": 0.55,
    "t": "rect",
    "w": 0.023881,
    "x": 2.501493,
    "y": 2.30798,
  },
  {
    "fill": "0,0,0",
    "h": 0.55,
    "t": "rect",
    "w": 0.023881,
    "x": 2.597015,
    "y": 2.30798,
  },
  {
    "fill": "0,0,0",
    "h": 0.55,
    "t": "rect",
    "w": 0.047761,
    "x": 2.644776,
    "y": 2.30798,
  },
  {
    "fill": "0,0,0",
    "h": 0.55,
    "t": "rect",
    "w": 0.023881,
    "x": 2.764179,
    "y": 2.30798,
  },
  {
    "fill": "0,0,0",
    "h": 0.55,
    "t": "rect",
    "w": 0.047761,
    "x": 2.81194,
    "y": 2.30798,
  },
  {
    "fill": "0,0,0",
    "h": 0.55,
    "t": "rect",
    "w": 0.071642,
    "x": 2.931343,
    "y": 2.30798,
  },
  {
    "fill": "0,0,0",
    "h": 0.55,
    "t": "rect",
    "w": 0.071642,
    "x": 3.026866,
    "y": 2.30798,
  },
  {
    "fill": "0,0,0",
    "h": 0.55,
    "t": "rect",
    "w": 0.023881,
    "x": 3.170149,
    "y": 2.30798,
  },
  {
    "fill": "0,0,0",
    "h": 0.55,
    "t": "rect",
    "w": 0.047761,
    "x": 3.21791,
    "y": 2.30798,
  },
  {
    "fill": "0,0,0",
    "h": 0.55,
    "t": "rect",
    "w": 0.047761,
    "x": 3.289552,
    "y": 2.30798,
  },
  {
    "fill": "0,0,0",
    "h": 0.55,
    "t": "rect",
    "w": 0.071642,
    "x": 3.408955,
    "y": 2.30798,
  },
  {
    "fill": "0,0,0",
    "h": 0.55,
    "t": "rect",
    "w": 0.023881,
    "x": 3.504478,
    "y": 2.30798,
  },
  {
    "fill": "0,0,0",
    "h": 0.55,
    "t": "rect",
    "w": 0.047761,
    "x": 3.552239,
    "y": 2.30798,
  },
  {
    "h": 2.6,
    "t": "image",
    "w": 2.6,
    "x": 0.7,
    "y": 3.2,
  },
  {
    "fill": "255,255,255",
    "h": 6,
    "t": "rect",
    "w": 4,
    "x": 0,
    "y": 0,
  },
  {
    "color": "0,0,0",
    "fs": 27.5,
    "s": "FAULTLINE A1 V2",
    "t": "text",
    "x": 0.409201,
    "y": 0.581944,
  },
  {
    "color": "0,0,0",
    "fs": 24.75,
    "s": "SIZE 15  ·  GLOSS",
    "t": "text",
    "x": 0.552812,
    "y": 0.995632,
  },
  {
    "color": "0,0,0",
    "fs": 24.75,
    "s": "BLACK  ·  YEAR 2026",
    "t": "text",
    "x": 0.325937,
    "y": 1.402327,
  },
  {
    "h": 0,
    "t": "line",
    "w": 3.6,
    "x": 0.2,
    "y": 1.515403,
  },
  {
    "fill": "0,0,0",
    "h": 0.501944,
    "t": "rect",
    "w": 2.136458,
    "x": 0.931771,
    "y": 1.675824,
  },
  {
    "color": "255,255,255",
    "fs": 27.5,
    "s": "03-4614BK",
    "t": "text",
    "x": 1.031771,
    "y": 2.04138,
  },
  {
    "fill": "0,0,0",
    "h": 0.55,
    "t": "rect",
    "w": 0.047761,
    "x": 0.4,
    "y": 2.30798,
  },
  {
    "fill": "0,0,0",
    "h": 0.55,
    "t": "rect",
    "w": 0.023881,
    "x": 0.471642,
    "y": 2.30798,
  },
  {
    "fill": "0,0,0",
    "h": 0.55,
    "t": "rect",
    "w": 0.071642,
    "x": 0.543284,
    "y": 2.30798,
  },
  {
    "fill": "0,0,0",
    "h": 0.55,
    "t": "rect",
    "w": 0.023881,
    "x": 0.662687,
    "y": 2.30798,
  },
  {
    "fill": "0,0,0",
    "h": 0.55,
    "t": "rect",
    "w": 0.023881,
    "x": 0.734328,
    "y": 2.30798,
  },
  {
    "fill": "0,0,0",
    "h": 0.55,
    "t": "rect",
    "w": 0.047761,
    "x": 0.80597,
    "y": 2.30798,
  },
  {
    "fill": "0,0,0",
    "h": 0.55,
    "t": "rect",
    "w": 0.071642,
    "x": 0.925373,
    "y": 2.30798,
  },
  {
    "fill": "0,0,0",
    "h": 0.55,
    "t": "rect",
    "w": 0.023881,
    "x": 1.020896,
    "y": 2.30798,
  },
  {
    "fill": "0,0,0",
    "h": 0.55,
    "t": "rect",
    "w": 0.095522,
    "x": 1.068657,
    "y": 2.30798,
  },
  {
    "fill": "0,0,0",
    "h": 0.55,
    "t": "rect",
    "w": 0.023881,
    "x": 1.18806,
    "y": 2.30798,
  },
  {
    "fill": "0,0,0",
    "h": 0.55,
    "t": "rect",
    "w": 0.047761,
    "x": 1.259701,
    "y": 2.30798,
  },
  {
    "fill": "0,0,0",
    "h": 0.55,
    "t": "rect",
    "w": 0.071642,
    "x": 1.331343,
    "y": 2.30798,
  },
  {
    "fill": "0,0,0",
    "h": 0.55,
    "t": "rect",
    "w": 0.023881,
    "x": 1.450746,
    "y": 2.30798,
  },
  {
    "fill": "0,0,0",
    "h": 0.55,
    "t": "rect",
    "w": 0.071642,
    "x": 1.498507,
    "y": 2.30798,
  },
  {
    "fill": "0,0,0",
    "h": 0.55,
    "t": "rect",
    "w": 0.095522,
    "x": 1.59403,
    "y": 2.30798,
  },
  {
    "fill": "0,0,0",
    "h": 0.55,
    "t": "rect",
    "w": 0.023881,
    "x": 1.713433,
    "y": 2.30798,
  },
  {
    "fill": "0,0,0",
    "h": 0.55,
    "t": "rect",
    "w": 0.071642,
    "x": 1.761194,
    "y": 2.30798,
  },
  {
    "fill": "0,0,0",
    "h": 0.55,
    "t": "rect",
    "w": 0.047761,
    "x": 1.904478,
    "y": 2.30798,
  },
  {
    "fill": "0,0,0",
    "h": 0.55,
    "t": "rect",
    "w": 0.023881,
    "x": 1.976119,
    "y": 2.30798,
  },
  {
    "fill": "0,0,0",
    "h": 0.55,
    "t": "rect",
    "w": 0.047761,
    "x": 2.047761,
    "y": 2.30798,
  },
  {
    "fill": "0,0,0",
    "h": 0.55,
    "t": "rect",
    "w": 0.071642,
    "x": 2.143284,
    "y": 2.30798,
  },
  {
    "fill": "0,0,0",
    "h": 0.55,
    "t": "rect",
    "w": 0.071642,
    "x": 2.238806,
    "y": 2.30798,
  },
  {
    "fill": "0,0,0",
    "h": 0.55,
    "t": "rect",
    "w": 0.023881,
    "x": 2.334328,
    "y": 2.30798,
  },
  {
    "fill": "0,0,0",
    "h": 0.55,
    "t": "rect",
    "w": 0.095522,
    "x": 2.38209,
    "y": 2.30798,
  },
  {
    "fill": "0,0,0",
    "h": 0.55,
    "t": "rect",
    "w": 0.023881,
    "x": 2.501493,
    "y": 2.30798,
  },
  {
    "fill": "0,0,0",
    "h": 0.55,
    "t": "rect",
    "w": 0.023881,
    "x": 2.597015,
    "y": 2.30798,
  },
  {
    "fill": "0,0,0",
    "h": 0.55,
    "t": "rect",
    "w": 0.047761,
    "x": 2.644776,
    "y": 2.30798,
  },
  {
    "fill": "0,0,0",
    "h": 0.55,
    "t": "rect",
    "w": 0.023881,
    "x": 2.764179,
    "y": 2.30798,
  },
  {
    "fill": "0,0,0",
    "h": 0.55,
    "t": "rect",
    "w": 0.047761,
    "x": 2.81194,
    "y": 2.30798,
  },
  {
    "fill": "0,0,0",
    "h": 0.55,
    "t": "rect",
    "w": 0.071642,
    "x": 2.931343,
    "y": 2.30798,
  },
  {
    "fill": "0,0,0",
    "h": 0.55,
    "t": "rect",
    "w": 0.071642,
    "x": 3.026866,
    "y": 2.30798,
  },
  {
    "fill": "0,0,0",
    "h": 0.55,
    "t": "rect",
    "w": 0.023881,
    "x": 3.170149,
    "y": 2.30798,
  },
  {
    "fill": "0,0,0",
    "h": 0.55,
    "t": "rect",
    "w": 0.047761,
    "x": 3.21791,
    "y": 2.30798,
  },
  {
    "fill": "0,0,0",
    "h": 0.55,
    "t": "rect",
    "w": 0.047761,
    "x": 3.289552,
    "y": 2.30798,
  },
  {
    "fill": "0,0,0",
    "h": 0.55,
    "t": "rect",
    "w": 0.071642,
    "x": 3.408955,
    "y": 2.30798,
  },
  {
    "fill": "0,0,0",
    "h": 0.55,
    "t": "rect",
    "w": 0.023881,
    "x": 3.504478,
    "y": 2.30798,
  },
  {
    "fill": "0,0,0",
    "h": 0.55,
    "t": "rect",
    "w": 0.047761,
    "x": 3.552239,
    "y": 2.30798,
  },
  {
    "h": 2.6,
    "t": "image",
    "w": 2.6,
    "x": 0.7,
    "y": 3.2,
  },
]
`;

exports[`generateBikeLabels — printed geometry (refactor guard) > vertical · none 1`] = `
[
  {
    "fill": "255,255,255",
    "h": 6,
    "t": "rect",
    "w": 4,
    "x": 0,
    "y": 0,
  },
  {
    "color": "0,0,0",
    "fs": 29,
    "s": "FAULTLINE A1 V2",
    "t": "text",
    "x": 0.322431,
    "y": 1.527631,
  },
  {
    "color": "0,0,0",
    "fs": 26.1,
    "s": "SIZE 15  ·  GLOSS",
    "t": "text",
    "x": 0.473875,
    "y": 2.295325,
  },
  {
    "color": "0,0,0",
    "fs": 26.1,
    "s": "BLACK  ·  YEAR 2026",
    "t": "text",
    "x": 0.234625,
    "y": 3.0225,
  },
  {
    "h": 0,
    "t": "line",
    "w": 3.6,
    "x": 0.2,
    "y": 3.472175,
  },
  {
    "fill": "0,0,0",
    "h": 0.522778,
    "t": "rect",
    "w": 2.242083,
    "x": 0.878958,
    "y": 3.744175,
  },
  {
    "color": "255,255,255",
    "fs": 29,
    "s": "03-4614BK",
    "t": "text",
    "x": 0.978958,
    "y": 4.126397,
  },
  {
    "fill": "255,255,255",
    "h": 6,
    "t": "rect",
    "w": 4,
    "x": 0,
    "y": 0,
  },
  {
    "color": "0,0,0",
    "fs": 29,
    "s": "FAULTLINE A1 V2",
    "t": "text",
    "x": 0.322431,
    "y": 1.527631,
  },
  {
    "color": "0,0,0",
    "fs": 26.1,
    "s": "SIZE 15  ·  GLOSS",
    "t": "text",
    "x": 0.473875,
    "y": 2.295325,
  },
  {
    "color": "0,0,0",
    "fs": 26.1,
    "s": "BLACK  ·  YEAR 2026",
    "t": "text",
    "x": 0.234625,
    "y": 3.0225,
  },
  {
    "h": 0,
    "t": "line",
    "w": 3.6,
    "x": 0.2,
    "y": 3.472175,
  },
  {
    "fill": "0,0,0",
    "h": 0.522778,
    "t": "rect",
    "w": 2.242083,
    "x": 0.878958,
    "y": 3.744175,
  },
  {
    "color": "255,255,255",
    "fs": 29,
    "s": "03-4614BK",
    "t": "text",
    "x": 0.978958,
    "y": 4.126397,
  },
]
`;

exports[`generateBikeLabels — printed geometry (refactor guard) > vertical · parts item with explicit color 1`] = `
[
  {
    "fill": "255,255,255",
    "h": 6,
    "t": "rect",
    "w": 4,
    "x": 0,
    "y": 0,
  },
  {
    "color": "0,0,0",
    "fs": 36,
    "s": "RACK STRUTS",
    "t": "text",
    "x": 0.215,
    "y": 0.7,
  },
  {
    "color": "0,0,0",
    "fs": 32.4,
    "s": "SILVER",
    "t": "text",
    "x": 1.2305,
    "y": 1.241903,
  },
  {
    "h": 0,
    "t": "line",
    "w": 3.6,
    "x": 0.2,
    "y": 1.374776,
  },
  {
    "fill": "0,0,0",
    "h": 0.62,
    "t": "rect",
    "w": 3.32,
    "x": 0.34,
    "y": 1.535292,
  },
  {
    "color": "255,255,255",
    "fs": 36,
    "s": "PKD-215RAC",
    "t": "text",
    "x": 0.44,
    "y": 1.995292,
  },
  {
    "fill": "0,0,0",
    "h": 0.55,
    "t": "rect",
    "w": 0.044138,
    "x": 0.4,
    "y": 2.28555,
  },
  {
    "fill": "0,0,0",
    "h": 0.55,
    "t": "rect",
    "w": 0.022069,
    "x": 0.466207,
    "y": 2.28555,
  },
  {
    "fill": "0,0,0",
    "h": 0.55,
    "t": "rect",
    "w": 0.022069,
    "x": 0.532414,
    "y": 2.28555,
  },
  {
    "fill": "0,0,0",
    "h": 0.55,
    "t": "rect",
    "w": 0.066207,
    "x": 0.642759,
    "y": 2.28555,
  },
  {
    "fill": "0,0,0",
    "h": 0.55,
    "t": "rect",
    "w": 0.066207,
    "x": 0.731034,
    "y": 2.28555,
  },
  {
    "fill": "0,0,0",
    "h": 0.55,
    "t": "rect",
    "w": 0.044138,
    "x": 0.81931,
    "y": 2.28555,
  },
  {
    "fill": "0,0,0",
    "h": 0.55,
    "t": "rect",
    "w": 0.022069,
    "x": 0.885517,
    "y": 2.28555,
  },
  {
    "fill": "0,0,0",
    "h": 0.55,
    "t": "rect",
    "w": 0.044138,
    "x": 0.929655,
    "y": 2.28555,
  },
  {
    "fill": "0,0,0",
    "h": 0.55,
    "t": "rect",
    "w": 0.066207,
    "x": 1.04,
    "y": 2.28555,
  },
  {
    "fill": "0,0,0",
    "h": 0.55,
    "t": "rect",
    "w": 0.022069,
    "x": 1.128276,
    "y": 2.28555,
  },
  {
    "fill": "0,0,0",
    "h": 0.55,
    "t": "rect",
    "w": 0.044138,
    "x": 1.172414,
    "y": 2.28555,
  },
  {
    "fill": "0,0,0",
    "h": 0.55,
    "t": "rect",
    "w": 0.022069,
    "x": 1.282759,
    "y": 2.28555,
  },
  {
    "fill": "0,0,0",
    "h": 0.55,
    "t": "rect",
    "w": 0.022069,
    "x": 1.371034,
    "y": 2.28555,
  },
  {
    "fill": "0,0,0",
    "h": 0.55,
    "t": "rect",
    "w": 0.044138,
    "x": 1.437241,
    "y": 2.28555,
  },
  {
    "fill": "0,0,0",
    "h": 0.55,
    "t": "rect",
    "w": 0.066207,
    "x": 1.503448,
    "y": 2.28555,
  },
  {
    "fill": "0,0,0",
    "h": 0.55,
    "t": "rect",
    "w": 0.044138,
    "x": 1.613793,
    "y": 2.28555,
  },
  {
    "fill": "0,0,0",
    "h": 0.55,
    "t": "rect",
    "w": 0.066207,
    "x": 1.702069,
    "y": 2.28555,
  },
  {
    "fill": "0,0,0",
    "h": 0.55,
    "t": "rect",
    "w": 0.022069,
    "x": 1.812414,
    "y": 2.28555,
  },
  {
    "fill": "0,0,0",
    "h": 0.55,
    "t": "rect",
    "w": 0.022069,
    "x": 1.856552,
    "y": 2.28555,
  },
  {
    "fill": "0,0,0",
    "h": 0.55,
    "t": "rect",
    "w": 0.066207,
    "x": 1.922759,
    "y": 2.28555,
  },
  {
    "fill": "0,0,0",
    "h": 0.55,
    "t": "rect",
    "w": 0.044138,
    "x": 2.033103,
    "y": 2.28555,
  },
  {
    "fill": "0,0,0",
    "h": 0.55,
    "t": "rect",
    "w": 0.044138,
    "x": 2.09931,
    "y": 2.28555,
  },
  {
    "fill": "0,0,0",
    "h": 0.55,
    "t": "rect",
    "w": 0.066207,
    "x": 2.165517,
    "y": 2.28555,
  },
  {
    "fill": "0,0,0",
    "h": 0.55,
    "t": "rect",
    "w": 0.022069,
    "x": 2.275862,
    "y": 2.28555,
  },
  {
    "fill": "0,0,0",
    "h": 0.55,
    "t": "rect",
    "w": 0.044138,
    "x": 2.342069,
    "y": 2.28555,
  },
  {
    "fill": "0,0,0",
    "h": 0.55,
    "t": "rect",
    "w": 0.022069,
    "x": 2.452414,
    "y": 2.28555,
  },
  {
    "fill": "0,0,0",
    "h": 0.55,
    "t": "rect",
    "w": 0.066207,
    "x": 2.496552,
    "y": 2.28555,
  },
  {
    "fill": "0,0,0",
    "h": 0.55,
    "t": "rect",
    "w": 0.022069,
    "x": 2.584828,
    "y": 2.28555,
  },
  {
    "fill": "0,0,0",
    "h": 0.55,
    "t": "rect",
    "w": 0.022069,
    "x": 2.628966,
    "y": 2.28555,
  },
  {
    "fill": "0,0,0",
    "h": 0.55,
    "t": "rect",
    "w": 0.044138,
    "x": 2.717241,
    "y": 2.28555,
  },
  {
    "fill": "0,0,0",
    "h": 0.55,
    "t": "rect",
    "w": 0.022069,
    "x": 2.827586,
    "y": 2.28555,
  },
  {
    "fill": "0,0,0",
    "h": 0.55,
    "t": "rect",
    "w": 0.022069,
    "x": 2.915862,
    "y": 2.28555,
  },
  {
    "fill": "0,0,0",
    "h": 0.55,
    "t": "rect",
    "w": 0.044138,
    "x": 3.004138,
    "y": 2.28555,
  },
  {
    "fill": "0,0,0",
    "h": 0.55,
    "t": "rect",
    "w": 0.022069,
    "x": 3.070345,
    "y": 2.28555,
  },
  {
    "fill": "0,0,0",
    "h": 0.55,
    "t": "rect",
    "w": 0.022069,
    "x": 3.114483,
    "y": 2.28555,
  },
  {
    "fill": "0,0,0",
    "h": 0.55,
    "t": "rect",
    "w": 0.044138,
    "x": 3.202759,
    "y": 2.28555,
  },
  {
    "fill": "0,0,0",
    "h": 0.55,
    "t": "rect",
    "w": 0.044138,
    "x": 3.313103,
    "y": 2.28555,
  },
  {
    "fill": "0,0,0",
    "h": 0.55,
    "t": "rect",
    "w": 0.066207,
    "x": 3.423448,
    "y": 2.28555,
  },
  {
    "fill": "0,0,0",
    "h": 0.55,
    "t": "rect",
    "w": 0.022069,
    "x": 3.511724,
    "y": 2.28555,
  },
  {
    "fill": "0,0,0",
    "h": 0.55,
    "t": "rect",
    "w": 0.044138,
    "x": 3.555862,
    "y": 2.28555,
  },
  {
    "h": 2.6,
    "t": "image",
    "w": 2.6,
    "x": 0.7,
    "y": 3.2,
  },
  {
    "fill": "255,255,255",
    "h": 6,
    "t": "rect",
    "w": 4,
    "x": 0,
    "y": 0,
  },
  {
    "color": "0,0,0",
    "fs": 36,
    "s": "RACK STRUTS",
    "t": "text",
    "x": 0.215,
    "y": 0.7,
  },
  {
    "color": "0,0,0",
    "fs": 32.4,
    "s": "SILVER",
    "t": "text",
    "x": 1.2305,
    "y": 1.241903,
  },
  {
    "h": 0,
    "t": "line",
    "w": 3.6,
    "x": 0.2,
    "y": 1.374776,
  },
  {
    "fill": "0,0,0",
    "h": 0.62,
    "t": "rect",
    "w": 3.32,
    "x": 0.34,
    "y": 1.535292,
  },
  {
    "color": "255,255,255",
    "fs": 36,
    "s": "PKD-215RAC",
    "t": "text",
    "x": 0.44,
    "y": 1.995292,
  },
  {
    "fill": "0,0,0",
    "h": 0.55,
    "t": "rect",
    "w": 0.044138,
    "x": 0.4,
    "y": 2.28555,
  },
  {
    "fill": "0,0,0",
    "h": 0.55,
    "t": "rect",
    "w": 0.022069,
    "x": 0.466207,
    "y": 2.28555,
  },
  {
    "fill": "0,0,0",
    "h": 0.55,
    "t": "rect",
    "w": 0.022069,
    "x": 0.532414,
    "y": 2.28555,
  },
  {
    "fill": "0,0,0",
    "h": 0.55,
    "t": "rect",
    "w": 0.066207,
    "x": 0.642759,
    "y": 2.28555,
  },
  {
    "fill": "0,0,0",
    "h": 0.55,
    "t": "rect",
    "w": 0.066207,
    "x": 0.731034,
    "y": 2.28555,
  },
  {
    "fill": "0,0,0",
    "h": 0.55,
    "t": "rect",
    "w": 0.044138,
    "x": 0.81931,
    "y": 2.28555,
  },
  {
    "fill": "0,0,0",
    "h": 0.55,
    "t": "rect",
    "w": 0.022069,
    "x": 0.885517,
    "y": 2.28555,
  },
  {
    "fill": "0,0,0",
    "h": 0.55,
    "t": "rect",
    "w": 0.044138,
    "x": 0.929655,
    "y": 2.28555,
  },
  {
    "fill": "0,0,0",
    "h": 0.55,
    "t": "rect",
    "w": 0.066207,
    "x": 1.04,
    "y": 2.28555,
  },
  {
    "fill": "0,0,0",
    "h": 0.55,
    "t": "rect",
    "w": 0.022069,
    "x": 1.128276,
    "y": 2.28555,
  },
  {
    "fill": "0,0,0",
    "h": 0.55,
    "t": "rect",
    "w": 0.044138,
    "x": 1.172414,
    "y": 2.28555,
  },
  {
    "fill": "0,0,0",
    "h": 0.55,
    "t": "rect",
    "w": 0.022069,
    "x": 1.282759,
    "y": 2.28555,
  },
  {
    "fill": "0,0,0",
    "h": 0.55,
    "t": "rect",
    "w": 0.022069,
    "x": 1.371034,
    "y": 2.28555,
  },
  {
    "fill": "0,0,0",
    "h": 0.55,
    "t": "rect",
    "w": 0.044138,
    "x": 1.437241,
    "y": 2.28555,
  },
  {
    "fill": "0,0,0",
    "h": 0.55,
    "t": "rect",
    "w": 0.066207,
    "x": 1.503448,
    "y": 2.28555,
  },
  {
    "fill": "0,0,0",
    "h": 0.55,
    "t": "rect",
    "w": 0.044138,
    "x": 1.613793,
    "y": 2.28555,
  },
  {
    "fill": "0,0,0",
    "h": 0.55,
    "t": "rect",
    "w": 0.066207,
    "x": 1.702069,
    "y": 2.28555,
  },
  {
    "fill": "0,0,0",
    "h": 0.55,
    "t": "rect",
    "w": 0.022069,
    "x": 1.812414,
    "y": 2.28555,
  },
  {
    "fill": "0,0,0",
    "h": 0.55,
    "t": "rect",
    "w": 0.022069,
    "x": 1.856552,
    "y": 2.28555,
  },
  {
    "fill": "0,0,0",
    "h": 0.55,
    "t": "rect",
    "w": 0.066207,
    "x": 1.922759,
    "y": 2.28555,
  },
  {
    "fill": "0,0,0",
    "h": 0.55,
    "t": "rect",
    "w": 0.044138,
    "x": 2.033103,
    "y": 2.28555,
  },
  {
    "fill": "0,0,0",
    "h": 0.55,
    "t": "rect",
    "w": 0.044138,
    "x": 2.09931,
    "y": 2.28555,
  },
  {
    "fill": "0,0,0",
    "h": 0.55,
    "t": "rect",
    "w": 0.066207,
    "x": 2.165517,
    "y": 2.28555,
  },
  {
    "fill": "0,0,0",
    "h": 0.55,
    "t": "rect",
    "w": 0.022069,
    "x": 2.275862,
    "y": 2.28555,
  },
  {
    "fill": "0,0,0",
    "h": 0.55,
    "t": "rect",
    "w": 0.044138,
    "x": 2.342069,
    "y": 2.28555,
  },
  {
    "fill": "0,0,0",
    "h": 0.55,
    "t": "rect",
    "w": 0.022069,
    "x": 2.452414,
    "y": 2.28555,
  },
  {
    "fill": "0,0,0",
    "h": 0.55,
    "t": "rect",
    "w": 0.066207,
    "x": 2.496552,
    "y": 2.28555,
  },
  {
    "fill": "0,0,0",
    "h": 0.55,
    "t": "rect",
    "w": 0.022069,
    "x": 2.584828,
    "y": 2.28555,
  },
  {
    "fill": "0,0,0",
    "h": 0.55,
    "t": "rect",
    "w": 0.022069,
    "x": 2.628966,
    "y": 2.28555,
  },
  {
    "fill": "0,0,0",
    "h": 0.55,
    "t": "rect",
    "w": 0.044138,
    "x": 2.717241,
    "y": 2.28555,
  },
  {
    "fill": "0,0,0",
    "h": 0.55,
    "t": "rect",
    "w": 0.022069,
    "x": 2.827586,
    "y": 2.28555,
  },
  {
    "fill": "0,0,0",
    "h": 0.55,
    "t": "rect",
    "w": 0.022069,
    "x": 2.915862,
    "y": 2.28555,
  },
  {
    "fill": "0,0,0",
    "h": 0.55,
    "t": "rect",
    "w": 0.044138,
    "x": 3.004138,
    "y": 2.28555,
  },
  {
    "fill": "0,0,0",
    "h": 0.55,
    "t": "rect",
    "w": 0.022069,
    "x": 3.070345,
    "y": 2.28555,
  },
  {
    "fill": "0,0,0",
    "h": 0.55,
    "t": "rect",
    "w": 0.022069,
    "x": 3.114483,
    "y": 2.28555,
  },
  {
    "fill": "0,0,0",
    "h": 0.55,
    "t": "rect",
    "w": 0.044138,
    "x": 3.202759,
    "y": 2.28555,
  },
  {
    "fill": "0,0,0",
    "h": 0.55,
    "t": "rect",
    "w": 0.044138,
    "x": 3.313103,
    "y": 2.28555,
  },
  {
    "fill": "0,0,0",
    "h": 0.55,
    "t": "rect",
    "w": 0.066207,
    "x": 3.423448,
    "y": 2.28555,
  },
  {
    "fill": "0,0,0",
    "h": 0.55,
    "t": "rect",
    "w": 0.022069,
    "x": 3.511724,
    "y": 2.28555,
  },
  {
    "fill": "0,0,0",
    "h": 0.55,
    "t": "rect",
    "w": 0.044138,
    "x": 3.555862,
    "y": 2.28555,
  },
  {
    "h": 2.6,
    "t": "image",
    "w": 2.6,
    "x": 0.7,
    "y": 3.2,
  },
]
`;

exports[`generateBikeLabels — printed geometry (refactor guard) > vertical · qr-only 1`] = `
[
  {
    "fill": "255,255,255",
    "h": 6,
    "t": "rect",
    "w": 4,
    "x": 0,
    "y": 0,
  },
  {
    "color": "0,0,0",
    "fs": 29,
    "s": "FAULTLINE A1 V2",
    "t": "text",
    "x": 0.322431,
    "y": 0.602778,
  },
  {
    "color": "0,0,0",
    "fs": 26.1,
    "s": "SIZE 15  ·  GLOSS",
    "t": "text",
    "x": 0.473875,
    "y": 1.165739,
  },
  {
    "color": "0,0,0",
    "fs": 26.1,
    "s": "BLACK  ·  YEAR 2026",
    "t": "text",
    "x": 0.234625,
    "y": 1.708653,
  },
  {
    "h": 0,
    "t": "line",
    "w": 3.6,
    "x": 0.2,
    "y": 1.95253,
  },
  {
    "fill": "0,0,0",
    "h": 0.522778,
    "t": "rect",
    "w": 2.242083,
    "x": 0.878958,
    "y": 2.155607,
  },
  {
    "color": "255,255,255",
    "fs": 29,
    "s": "03-4614BK",
    "t": "text",
    "x": 0.978958,
    "y": 2.537829,
  },
  {
    "h": 2.6,
    "t": "image",
    "w": 2.6,
    "x": 0.7,
    "y": 3.2,
  },
  {
    "fill": "255,255,255",
    "h": 6,
    "t": "rect",
    "w": 4,
    "x": 0,
    "y": 0,
  },
  {
    "color": "0,0,0",
    "fs": 29,
    "s": "FAULTLINE A1 V2",
    "t": "text",
    "x": 0.322431,
    "y": 0.602778,
  },
  {
    "color": "0,0,0",
    "fs": 26.1,
    "s": "SIZE 15  ·  GLOSS",
    "t": "text",
    "x": 0.473875,
    "y": 1.165739,
  },
  {
    "color": "0,0,0",
    "fs": 26.1,
    "s": "BLACK  ·  YEAR 2026",
    "t": "text",
    "x": 0.234625,
    "y": 1.708653,
  },
  {
    "h": 0,
    "t": "line",
    "w": 3.6,
    "x": 0.2,
    "y": 1.95253,
  },
  {
    "fill": "0,0,0",
    "h": 0.522778,
    "t": "rect",
    "w": 2.242083,
    "x": 0.878958,
    "y": 2.155607,
  },
  {
    "color": "255,255,255",
    "fs": 29,
    "s": "03-4614BK",
    "t": "text",
    "x": 0.978958,
    "y": 2.537829,
  },
  {
    "h": 2.6,
    "t": "image",
    "w": 2.6,
    "x": 0.7,
    "y": 3.2,
  },
]
`;
