// Vitest Snapshot v1, https://vitest.dev/guide/snapshot.html

exports[`generateBikeLabels — printed geometry (refactor guard) > standard · all extra fields + prefix + extra 1`] = `
[
  {
    "fill": "255,255,255",
    "h": 4,
    "t": "rect",
    "w": 6,
    "x": 0,
    "y": 0,
  },
  {
    "color": "0,0,0",
    "fs": 17.5,
    "s": "S/D",
    "t": "text",
    "x": 0.2,
    "y": 0.44441,
  },
  {
    "color": "0,0,0",
    "fs": 17.5,
    "s": "FAULTLINE A1 V2",
    "t": "text",
    "x": 0.2,
    "y": 0.731215,
  },
  {
    "color": "0,0,0",
    "fs": 15.75,
    "s": "SIZE 15  ·  GLOSS BLACK  · ",
    "t": "text",
    "x": 0.2,
    "y": 0.993715,
  },
  {
    "color": "0,0,0",
    "fs": 15.75,
    "s": "YEAR 2026",
    "t": "text",
    "x": 0.2,
    "y": 1.25184,
  },
  {
    "h": 0,
    "t": "line",
    "w": 3.5,
    "x": 0.2,
    "y": 1.341215,
  },
  {
    "fill": "0,0,0",
    "h": 0.363056,
    "t": "rect",
    "w": 1.472292,
    "x": 0.18,
    "y": 1.501215,
  },
  {
    "color": "255,255,255",
    "fs": 17.5,
    "s": "03-4614BK",
    "t": "text",
    "x": 0.3,
    "y": 1.75566,
  },
  {
    "fill": "0,0,0",
    "h": 0.4,
    "t": "rect",
    "w": 0.052239,
    "x": 0.2,
    "y": 1.974271,
  },
  {
    "fill": "0,0,0",
    "h": 0.4,
    "t": "rect",
    "w": 0.026119,
    "x": 0.278358,
    "y": 1.974271,
  },
  {
    "fill": "0,0,0",
    "h": 0.4,
    "t": "rect",
    "w": 0.078358,
    "x": 0.356716,
    "y": 1.974271,
  },
  {
    "fill": "0,0,0",
    "h": 0.4,
    "t": "rect",
    "w": 0.026119,
    "x": 0.487313,
    "y": 1.974271,
  },
  {
    "fill": "0,0,0",
    "h": 0.4,
    "t": "rect",
    "w": 0.026119,
    "x": 0.565672,
    "y": 1.974271,
  },
  {
    "fill": "0,0,0",
    "h": 0.4,
    "t": "rect",
    "w": 0.052239,
    "x": 0.64403,
    "y": 1.974271,
  },
  {
    "fill": "0,0,0",
    "h": 0.4,
    "t": "rect",
    "w": 0.078358,
    "x": 0.774627,
    "y": 1.974271,
  },
  {
    "fill": "0,0,0",
    "h": 0.4,
    "t": "rect",
    "w": 0.026119,
    "x": 0.879104,
    "y": 1.974271,
  },
  {
    "fill": "0,0,0",
    "h": 0.4,
    "t": "rect",
    "w": 0.104478,
    "x": 0.931343,
    "y": 1.974271,
  },
  {
    "fill": "0,0,0",
    "h": 0.4,
    "t": "rect",
    "w": 0.026119,
    "x": 1.06194,
    "y": 1.974271,
  },
  {
    "fill": "0,0,0",
    "h": 0.4,
    "t": "rect",
    "w": 0.052239,
    "x": 1.140299,
    "y": 1.974271,
  },
  {
    "fill": "0,0,0",
    "h": 0.4,
    "t": "rect",
    "w": 0.078358,
    "x": 1.218657,
    "y": 1.974271,
  },
  {
    "fill": "0,0,0",
    "h": 0.4,
    "t": "rect",
    "w": 0.026119,
    "x": 1.349254,
    "y": 1.974271,
  },
  {
    "fill": "0,0,0",
    "h": 0.4,
    "t": "rect",
    "w": 0.078358,
    "x": 1.401493,
    "y": 1.974271,
  },
  {
    "fill": "0,0,0",
    "h": 0.4,
    "t": "rect",
    "w": 0.104478,
    "x": 1.50597,
    "y": 1.974271,
  },
  {
    "fill": "0,0,0",
    "h": 0.4,
    "t": "rect",
    "w": 0.026119,
    "x": 1.636567,
    "y": 1.974271,
  },
  {
    "fill": "0,0,0",
    "h": 0.4,
    "t": "rect",
    "w": 0.078358,
    "x": 1.688806,
    "y": 1.974271,
  },
  {
    "fill": "0,0,0",
    "h": 0.4,
    "t": "rect",
    "w": 0.052239,
    "x": 1.845522,
    "y": 1.974271,
  },
  {
    "fill": "0,0,0",
    "h": 0.4,
    "t": "rect",
    "w": 0.026119,
    "x": 1.923881,
    "y": 1.974271,
  },
  {
    "fill": "0,0,0",
    "h": 0.4,
    "t": "rect",
    "w": 0.052239,
    "x": 2.002239,
    "y": 1.974271,
  },
  {
    "fill": "0,0,0",
    "h": 0.4,
    "t": "rect",
    "w": 0.078358,
    "x": 2.106716,
    "y": 1.974271,
  },
  {
    "fill": "0,0,0",
    "h": 0.4,
    "t": "rect",
    "w": 0.078358,
    "x": 2.211194,
    "y": 1.974271,
  },
  {
    "fill": "0,0,0",
    "h": 0.4,
    "t": "rect",
    "w": 0.026119,
    "x": 2.315672,
    "y": 1.974271,
  },
  {
    "fill": "0,0,0",
    "h": 0.4,
    "t": "rect",
    "w": 0.104478,
    "x": 2.36791,
    "y": 1.974271,
  },
  {
    "fill": "0,0,0",
    "h": 0.4,
    "t": "rect",
    "w": 0.026119,
    "x": 2.498507,
    "y": 1.974271,
  },
  {
    "fill": "0,0,0",
    "h": 0.4,
    "t": "rect",
    "w": 0.026119,
    "x": 2.602985,
    "y": 1.974271,
  },
  {
    "fill": "0,0,0",
    "h": 0.4,
    "t": "rect",
    "w": 0.052239,
    "x": 2.655224,
    "y": 1.974271,
  },
  {
    "fill": "0,0,0",
    "h": 0.4,
    "t": "rect",
    "w": 0.026119,
    "x": 2.785821,
    "y": 1.974271,
  },
  {
    "fill": "0,0,0",
    "h": 0.4,
    "t": "rect",
    "w": 0.052239,
    "x": 2.83806,
    "y": 1.974271,
  },
  {
    "fill": "0,0,0",
    "h": 0.4,
    "t": "rect",
    "w": 0.078358,
    "x": 2.968657,
    "y": 1.974271,
  },
  {
    "fill": "0,0,0",
    "h": 0.4,
    "t": "rect",
    "w": 0.078358,
    "x": 3.073134,
    "y": 1.974271,
  },
  {
    "fill": "0,0,0",
    "h": 0.4,
    "t": "rect",
    "w": 0.026119,
    "x": 3.229851,
    "y": 1.974271,
  },
  {
    "fill": "0,0,0",
    "h": 0.4,
    "t": "rect",
    "w": 0.052239,
    "x": 3.28209,
    "y": 1.974271,
  },
  {
    "fill": "0,0,0",
    "h": 0.4,
    "t": "rect",
    "w": 0.052239,
    "x": 3.360448,
    "y": 1.974271,
  },
  {
    "fill": "0,0,0",
    "h": 0.4,
    "t": "rect",
    "w": 0.078358,
    "x": 3.491045,
    "y": 1.974271,
  },
  {
    "fill": "0,0,0",
    "h": 0.4,
    "t": "rect",
    "w": 0.026119,
    "x": 3.595522,
    "y": 1.974271,
  },
  {
    "fill": "0,0,0",
    "h": 0.4,
    "t": "rect",
    "w": 0.052239,
    "x": 3.647761,
    "y": 1.974271,
  },
  {
    "color": "0,0,0",
    "fs": 15.75,
    "s": "SPECIAL ORDER",
    "t": "text",
    "x": 0.2,
    "y": 2.673021,
  },
  {
    "color": "0,0,0",
    "fs": 15.75,
    "s": "UPC: 012345678901",
    "t": "text",
    "x": 0.2,
    "y": 2.931146,
  },
  {
    "color": "0,0,0",
    "fs": 15.75,
    "s": "SERIAL: SN-99",
    "t": "text",
    "x": 0.2,
    "y": 3.189271,
  },
  {
    "color": "0,0,0",
    "fs": 15.75,
    "s": "MADE IN: TAIWAN",
    "t": "text",
    "x": 0.2,
    "y": 3.447396,
  },
  {
    "color": "0,0,0",
    "fs": 15.75,
    "s": "P/O: PO-123",
    "t": "text",
    "x": 0.2,
    "y": 3.705521,
  },
  {
    "h": 1.9,
    "t": "image",
    "w": 1.9,
    "x": 3.9,
    "y": 1.05,
  },
  {
    "fill": "255,255,255",
    "h": 4,
    "t": "rect",
    "w": 6,
    "x": 0,
    "y": 0,
  },
  {
    "color": "0,0,0",
    "fs": 17.5,
    "s": "S/D",
    "t": "text",
    "x": 0.2,
    "y": 0.44441,
  },
  {
    "color": "0,0,0",
    "fs": 17.5,
    "s": "FAULTLINE A1 V2",
    "t": "text",
    "x": 0.2,
    "y": 0.731215,
  },
  {
    "color": "0,0,0",
    "fs": 15.75,
    "s": "SIZE 15  ·  GLOSS BLACK  · ",
    "t": "text",
    "x": 0.2,
    "y": 0.993715,
  },
  {
    "color": "0,0,0",
    "fs": 15.75,
    "s": "YEAR 2026",
    "t": "text",
    "x": 0.2,
    "y": 1.25184,
  },
  {
    "h": 0,
    "t": "line",
    "w": 3.5,
    "x": 0.2,
    "y": 1.341215,
  },
  {
    "fill": "0,0,0",
    "h": 0.363056,
    "t": "rect",
    "w": 1.472292,
    "x": 0.18,
    "y": 1.501215,
  },
  {
    "color": "255,255,255",
    "fs": 17.5,
    "s": "03-4614BK",
    "t": "text",
    "x": 0.3,
    "y": 1.75566,
  },
  {
    "fill": "0,0,0",
    "h": 0.4,
    "t": "rect",
    "w": 0.052239,
    "x": 0.2,
    "y": 1.974271,
  },
  {
    "fill": "0,0,0",
    "h": 0.4,
    "t": "rect",
    "w": 0.026119,
    "x": 0.278358,
    "y": 1.974271,
  },
  {
    "fill": "0,0,0",
    "h": 0.4,
    "t": "rect",
    "w": 0.078358,
    "x": 0.356716,
    "y": 1.974271,
  },
  {
    "fill": "0,0,0",
    "h": 0.4,
    "t": "rect",
    "w": 0.026119,
    "x": 0.487313,
    "y": 1.974271,
  },
  {
    "fill": "0,0,0",
    "h": 0.4,
    "t": "rect",
    "w": 0.026119,
    "x": 0.565672,
    "y": 1.974271,
  },
  {
    "fill": "0,0,0",
    "h": 0.4,
    "t": "rect",
    "w": 0.052239,
    "x": 0.64403,
    "y": 1.974271,
  },
  {
    "fill": "0,0,0",
    "h": 0.4,
    "t": "rect",
    "w": 0.078358,
    "x": 0.774627,
    "y": 1.974271,
  },
  {
    "fill": "0,0,0",
    "h": 0.4,
    "t": "rect",
    "w": 0.026119,
    "x": 0.879104,
    "y": 1.974271,
  },
  {
    "fill": "0,0,0",
    "h": 0.4,
    "t": "rect",
    "w": 0.104478,
    "x": 0.931343,
    "y": 1.974271,
  },
  {
    "fill": "0,0,0",
    "h": 0.4,
    "t": "rect",
    "w": 0.026119,
    "x": 1.06194,
    "y": 1.974271,
  },
  {
    "fill": "0,0,0",
    "h": 0.4,
    "t": "rect",
    "w": 0.052239,
    "x": 1.140299,
    "y": 1.974271,
  },
  {
    "fill": "0,0,0",
    "h": 0.4,
    "t": "rect",
    "w": 0.078358,
    "x": 1.218657,
    "y": 1.974271,
  },
  {
    "fill": "0,0,0",
    "h": 0.4,
    "t": "rect",
    "w": 0.026119,
    "x": 1.349254,
    "y": 1.974271,
  },
  {
    "fill": "0,0,0",
    "h": 0.4,
    "t": "rect",
    "w": 0.078358,
    "x": 1.401493,
    "y": 1.974271,
  },
  {
    "fill": "0,0,0",
    "h": 0.4,
    "t": "rect",
    "w": 0.104478,
    "x": 1.50597,
    "y": 1.974271,
  },
  {
    "fill": "0,0,0",
    "h": 0.4,
    "t": "rect",
    "w": 0.026119,
    "x": 1.636567,
    "y": 1.974271,
  },
  {
    "fill": "0,0,0",
    "h": 0.4,
    "t": "rect",
    "w": 0.078358,
    "x": 1.688806,
    "y": 1.974271,
  },
  {
    "fill": "0,0,0",
    "h": 0.4,
    "t": "rect",
    "w": 0.052239,
    "x": 1.845522,
    "y": 1.974271,
  },
  {
    "fill": "0,0,0",
    "h": 0.4,
    "t": "rect",
    "w": 0.026119,
    "x": 1.923881,
    "y": 1.974271,
  },
  {
    "fill": "0,0,0",
    "h": 0.4,
    "t": "rect",
    "w": 0.052239,
    "x": 2.002239,
    "y": 1.974271,
  },
  {
    "fill": "0,0,0",
    "h": 0.4,
    "t": "rect",
    "w": 0.078358,
    "x": 2.106716,
    "y": 1.974271,
  },
  {
    "fill": "0,0,0",
    "h": 0.4,
    "t": "rect",
    "w": 0.078358,
    "x": 2.211194,
    "y": 1.974271,
  },
  {
    "fill": "0,0,0",
    "h": 0.4,
    "t": "rect",
    "w": 0.026119,
    "x": 2.315672,
    "y": 1.974271,
  },
  {
    "fill": "0,0,0",
    "h": 0.4,
    "t": "rect",
    "w": 0.104478,
    "x": 2.36791,
    "y": 1.974271,
  },
  {
    "fill": "0,0,0",
    "h": 0.4,
    "t": "rect",
    "w": 0.026119,
    "x": 2.498507,
    "y": 1.974271,
  },
  {
    "fill": "0,0,0",
    "h": 0.4,
    "t": "rect",
    "w": 0.026119,
    "x": 2.602985,
    "y": 1.974271,
  },
  {
    "fill": "0,0,0",
    "h": 0.4,
    "t": "rect",
    "w": 0.052239,
    "x": 2.655224,
    "y": 1.974271,
  },
  {
    "fill": "0,0,0",
    "h": 0.4,
    "t": "rect",
    "w": 0.026119,
    "x": 2.785821,
    "y": 1.974271,
  },
  {
    "fill": "0,0,0",
    "h": 0.4,
    "t": "rect",
    "w": 0.052239,
    "x": 2.83806,
    "y": 1.974271,
  },
  {
    "fill": "0,0,0",
    "h": 0.4,
    "t": "rect",
    "w": 0.078358,
    "x": 2.968657,
    "y": 1.974271,
  },
  {
    "fill": "0,0,0",
    "h": 0.4,
    "t": "rect",
    "w": 0.078358,
    "x": 3.073134,
    "y": 1.974271,
  },
  {
    "fill": "0,0,0",
    "h": 0.4,
    "t": "rect",
    "w": 0.026119,
    "x": 3.229851,
    "y": 1.974271,
  },
  {
    "fill": "0,0,0",
    "h": 0.4,
    "t": "rect",
    "w": 0.052239,
    "x": 3.28209,
    "y": 1.974271,
  },
  {
    "fill": "0,0,0",
    "h": 0.4,
    "t": "rect",
    "w": 0.052239,
    "x": 3.360448,
    "y": 1.974271,
  },
  {
    "fill": "0,0,0",
    "h": 0.4,
    "t": "rect",
    "w": 0.078358,
    "x": 3.491045,
    "y": 1.974271,
  },
  {
    "fill": "0,0,0",
    "h": 0.4,
    "t": "rect",
    "w": 0.026119,
    "x": 3.595522,
    "y": 1.974271,
  },
  {
    "fill": "0,0,0",
    "h": 0.4,
    "t": "rect",
    "w": 0.052239,
    "x": 3.647761,
    "y": 1.974271,
  },
  {
    "color": "0,0,0",
    "fs": 15.75,
    "s": "SPECIAL ORDER",
    "t": "text",
    "x": 0.2,
    "y": 2.673021,
  },
  {
    "color": "0,0,0",
    "fs": 15.75,
    "s": "UPC: 012345678901",
    "t": "text",
    "x": 0.2,
    "y": 2.931146,
  },
  {
    "color": "0,0,0",
    "fs": 15.75,
    "s": "SERIAL: SN-99",
    "t": "text",
    "x": 0.2,
    "y": 3.189271,
  },
  {
    "color": "0,0,0",
    "fs": 15.75,
    "s": "MADE IN: TAIWAN",
    "t": "text",
    "x": 0.2,
    "y": 3.447396,
  },
  {
    "color": "0,0,0",
    "fs": 15.75,
    "s": "P/O: PO-123",
    "t": "text",
    "x": 0.2,
    "y": 3.705521,
  },
  {
    "h": 1.9,
    "t": "image",
    "w": 1.9,
    "x": 3.9,
    "y": 1.05,
  },
]
`;

exports[`generateBikeLabels — printed geometry (refactor guard) > standard · barcode-only 1`] = `
[
  {
    "fill": "255,255,255",
    "h": 4,
    "t": "rect",
    "w": 6,
    "x": 0,
    "y": 0,
  },
  {
    "color": "0,0,0",
    "fs": 42.5,
    "s": "FAULTLINE A1 V2",
    "t": "text",
    "x": 0.2,
    "y": 0.790278,
  },
  {
    "color": "0,0,0",
    "fs": 38.25,
    "s": "SIZE 15  ·  GLOSS",
    "t": "text",
    "x": 0.2,
    "y": 1.432295,
  },
  {
    "color": "0,0,0",
    "fs": 38.25,
    "s": "BLACK  ·  YEAR 2026",
    "t": "text",
    "x": 0.2,
    "y": 2.063235,
  },
  {
    "h": 0,
    "t": "line",
    "w": 5.6,
    "x": 0.2,
    "y": 2.213249,
  },
  {
    "fill": "0,0,0",
    "h": 0.710278,
    "t": "rect",
    "w": 3.232708,
    "x": 0.18,
    "y": 2.374286,
  },
  {
    "color": "255,255,255",
    "fs": 42.5,
    "s": "03-4614BK",
    "t": "text",
    "x": 0.3,
    "y": 2.906509,
  },
  {
    "fill": "0,0,0",
    "h": 0.4,
    "t": "rect",
    "w": 0.083582,
    "x": 0.2,
    "y": 3.194953,
  },
  {
    "fill": "0,0,0",
    "h": 0.4,
    "t": "rect",
    "w": 0.041791,
    "x": 0.325373,
    "y": 3.194953,
  },
  {
    "fill": "0,0,0",
    "h": 0.4,
    "t": "rect",
    "w": 0.125373,
    "x": 0.450746,
    "y": 3.194953,
  },
  {
    "fill": "0,0,0",
    "h": 0.4,
    "t": "rect",
    "w": 0.041791,
    "x": 0.659701,
    "y": 3.194953,
  },
  {
    "fill": "0,0,0",
    "h": 0.4,
    "t": "rect",
    "w": 0.041791,
    "x": 0.785075,
    "y": 3.194953,
  },
  {
    "fill": "0,0,0",
    "h": 0.4,
    "t": "rect",
    "w": 0.083582,
    "x": 0.910448,
    "y": 3.194953,
  },
  {
    "fill": "0,0,0",
    "h": 0.4,
    "t": "rect",
    "w": 0.125373,
    "x": 1.119403,
    "y": 3.194953,
  },
  {
    "fill": "0,0,0",
    "h": 0.4,
    "t": "rect",
    "w": 0.041791,
    "x": 1.286567,
    "y": 3.194953,
  },
  {
    "fill": "0,0,0",
    "h": 0.4,
    "t": "rect",
    "w": 0.167164,
    "x": 1.370149,
    "y": 3.194953,
  },
  {
    "fill": "0,0,0",
    "h": 0.4,
    "t": "rect",
    "w": 0.041791,
    "x": 1.579104,
    "y": 3.194953,
  },
  {
    "fill": "0,0,0",
    "h": 0.4,
    "t": "rect",
    "w": 0.083582,
    "x": 1.704478,
    "y": 3.194953,
  },
  {
    "fill": "0,0,0",
    "h": 0.4,
    "t": "rect",
    "w": 0.125373,
    "x": 1.829851,
    "y": 3.194953,
  },
  {
    "fill": "0,0,0",
    "h": 0.4,
    "t": "rect",
    "w": 0.041791,
    "x": 2.038806,
    "y": 3.194953,
  },
  {
    "fill": "0,0,0",
    "h": 0.4,
    "t": "rect",
    "w": 0.125373,
    "x": 2.122388,
    "y": 3.194953,
  },
  {
    "fill": "0,0,0",
    "h": 0.4,
    "t": "rect",
    "w": 0.167164,
    "x": 2.289552,
    "y": 3.194953,
  },
  {
    "fill": "0,0,0",
    "h": 0.4,
    "t": "rect",
    "w": 0.041791,
    "x": 2.498507,
    "y": 3.194953,
  },
  {
    "fill": "0,0,0",
    "h": 0.4,
    "t": "rect",
    "w": 0.125373,
    "x": 2.58209,
    "y": 3.194953,
  },
  {
    "fill": "0,0,0",
    "h": 0.4,
    "t": "rect",
    "w": 0.083582,
    "x": 2.832836,
    "y": 3.194953,
  },
  {
    "fill": "0,0,0",
    "h": 0.4,
    "t": "rect",
    "w": 0.041791,
    "x": 2.958209,
    "y": 3.194953,
  },
  {
    "fill": "0,0,0",
    "h": 0.4,
    "t": "rect",
    "w": 0.083582,
    "x": 3.083582,
    "y": 3.194953,
  },
  {
    "fill": "0,0,0",
    "h": 0.4,
    "t": "rect",
    "w": 0.125373,
    "x": 3.250746,
    "y": 3.194953,
  },
  {
    "fill": "0,0,0",
    "h": 0.4,
    "t": "rect",
    "w": 0.125373,
    "x": 3.41791,
    "y": 3.194953,
  },
  {
    "fill": "0,0,0",
    "h": 0.4,
    "t": "rect",
    "w": 0.041791,
    "x": 3.585075,
    "y": 3.194953,
  },
  {
    "fill": "0,0,0",
    "h": 0.4,
    "t": "rect",
    "w": 0.167164,
    "x": 3.668657,
    "y": 3.194953,
  },
  {
    "fill": "0,0,0",
    "h": 0.4,
    "t": "rect",
    "w": 0.041791,
    "x": 3.877612,
    "y": 3.194953,
  },
  {
    "fill": "0,0,0",
    "h": 0.4,
    "t": "rect",
    "w": 0.041791,
    "x": 4.044776,
    "y": 3.194953,
  },
  {
    "fill": "0,0,0",
    "h": 0.4,
    "t": "rect",
    "w": 0.083582,
    "x": 4.128358,
    "y": 3.194953,
  },
  {
    "fill": "0,0,0",
    "h": 0.4,
    "t": "rect",
    "w": 0.041791,
    "x": 4.337313,
    "y": 3.194953,
  },
  {
    "fill": "0,0,0",
    "h": 0.4,
    "t": "rect",
    "w": 0.083582,
    "x": 4.420896,
    "y": 3.194953,
  },
  {
    "fill": "0,0,0",
    "h": 0.4,
    "t": "rect",
    "w": 0.125373,
    "x": 4.629851,
    "y": 3.194953,
  },
  {
    "fill": "0,0,0",
    "h": 0.4,
    "t": "rect",
    "w": 0.125373,
    "x": 4.797015,
    "y": 3.194953,
  },
  {
    "fill": "0,0,0",
    "h": 0.4,
    "t": "rect",
    "w": 0.041791,
    "x": 5.047761,
    "y": 3.194953,
  },
  {
    "fill": "0,0,0",
    "h": 0.4,
    "t": "rect",
    "w": 0.083582,
    "x": 5.131343,
    "y": 3.194953,
  },
  {
    "fill": "0,0,0",
    "h": 0.4,
    "t": "rect",
    "w": 0.083582,
    "x": 5.256716,
    "y": 3.194953,
  },
  {
    "fill": "0,0,0",
    "h": 0.4,
    "t": "rect",
    "w": 0.125373,
    "x": 5.465672,
    "y": 3.194953,
  },
  {
    "fill": "0,0,0",
    "h": 0.4,
    "t": "rect",
    "w": 0.041791,
    "x": 5.632836,
    "y": 3.194953,
  },
  {
    "fill": "0,0,0",
    "h": 0.4,
    "t": "rect",
    "w": 0.083582,
    "x": 5.716418,
    "y": 3.194953,
  },
  {
    "fill": "255,255,255",
    "h": 4,
    "t": "rect",
    "w": 6,
    "x": 0,
    "y": 0,
  },
  {
    "color": "0,0,0",
    "fs": 42.5,
    "s": "FAULTLINE A1 V2",
    "t": "text",
    "x": 0.2,
    "y": 0.790278,
  },
  {
    "color": "0,0,0",
    "fs": 38.25,
    "s": "SIZE 15  ·  GLOSS",
    "t": "text",
    "x": 0.2,
    "y": 1.432295,
  },
  {
    "color": "0,0,0",
    "fs": 38.25,
    "s": "BLACK  ·  YEAR 2026",
    "t": "text",
    "x": 0.2,
    "y": 2.063235,
  },
  {
    "h": 0,
    "t": "line",
    "w": 5.6,
    "x": 0.2,
    "y": 2.213249,
  },
  {
    "fill": "0,0,0",
    "h": 0.710278,
    "t": "rect",
    "w": 3.232708,
    "x": 0.18,
    "y": 2.374286,
  },
  {
    "color": "255,255,255",
    "fs": 42.5,
    "s": "03-4614BK",
    "t": "text",
    "x": 0.3,
    "y": 2.906509,
  },
  {
    "fill": "0,0,0",
    "h": 0.4,
    "t": "rect",
    "w": 0.083582,
    "x": 0.2,
    "y": 3.194953,
  },
  {
    "fill": "0,0,0",
    "h": 0.4,
    "t": "rect",
    "w": 0.041791,
    "x": 0.325373,
    "y": 3.194953,
  },
  {
    "fill": "0,0,0",
    "h": 0.4,
    "t": "rect",
    "w": 0.125373,
    "x": 0.450746,
    "y": 3.194953,
  },
  {
    "fill": "0,0,0",
    "h": 0.4,
    "t": "rect",
    "w": 0.041791,
    "x": 0.659701,
    "y": 3.194953,
  },
  {
    "fill": "0,0,0",
    "h": 0.4,
    "t": "rect",
    "w": 0.041791,
    "x": 0.785075,
    "y": 3.194953,
  },
  {
    "fill": "0,0,0",
    "h": 0.4,
    "t": "rect",
    "w": 0.083582,
    "x": 0.910448,
    "y": 3.194953,
  },
  {
    "fill": "0,0,0",
    "h": 0.4,
    "t": "rect",
    "w": 0.125373,
    "x": 1.119403,
    "y": 3.194953,
  },
  {
    "fill": "0,0,0",
    "h": 0.4,
    "t": "rect",
    "w": 0.041791,
    "x": 1.286567,
    "y": 3.194953,
  },
  {
    "fill": "0,0,0",
    "h": 0.4,
    "t": "rect",
    "w": 0.167164,
    "x": 1.370149,
    "y": 3.194953,
  },
  {
    "fill": "0,0,0",
    "h": 0.4,
    "t": "rect",
    "w": 0.041791,
    "x": 1.579104,
    "y": 3.194953,
  },
  {
    "fill": "0,0,0",
    "h": 0.4,
    "t": "rect",
    "w": 0.083582,
    "x": 1.704478,
    "y": 3.194953,
  },
  {
    "fill": "0,0,0",
    "h": 0.4,
    "t": "rect",
    "w": 0.125373,
    "x": 1.829851,
    "y": 3.194953,
  },
  {
    "fill": "0,0,0",
    "h": 0.4,
    "t": "rect",
    "w": 0.041791,
    "x": 2.038806,
    "y": 3.194953,
  },
  {
    "fill": "0,0,0",
    "h": 0.4,
    "t": "rect",
    "w": 0.125373,
    "x": 2.122388,
    "y": 3.194953,
  },
  {
    "fill": "0,0,0",
    "h": 0.4,
    "t": "rect",
    "w": 0.167164,
    "x": 2.289552,
    "y": 3.194953,
  },
  {
    "fill": "0,0,0",
    "h": 0.4,
    "t": "rect",
    "w": 0.041791,
    "x": 2.498507,
    "y": 3.194953,
  },
  {
    "fill": "0,0,0",
    "h": 0.4,
    "t": "rect",
    "w": 0.125373,
    "x": 2.58209,
    "y": 3.194953,
  },
  {
    "fill": "0,0,0",
    "h": 0.4,
    "t": "rect",
    "w": 0.083582,
    "x": 2.832836,
    "y": 3.194953,
  },
  {
    "fill": "0,0,0",
    "h": 0.4,
    "t": "rect",
    "w": 0.041791,
    "x": 2.958209,
    "y": 3.194953,
  },
  {
    "fill": "0,0,0",
    "h": 0.4,
    "t": "rect",
    "w": 0.083582,
    "x": 3.083582,
    "y": 3.194953,
  },
  {
    "fill": "0,0,0",
    "h": 0.4,
    "t": "rect",
    "w": 0.125373,
    "x": 3.250746,
    "y": 3.194953,
  },
  {
    "fill": "0,0,0",
    "h": 0.4,
    "t": "rect",
    "w": 0.125373,
    "x": 3.41791,
    "y": 3.194953,
  },
  {
    "fill": "0,0,0",
    "h": 0.4,
    "t": "rect",
    "w": 0.041791,
    "x": 3.585075,
    "y": 3.194953,
  },
  {
    "fill": "0,0,0",
    "h": 0.4,
    "t": "rect",
    "w": 0.167164,
    "x": 3.668657,
    "y": 3.194953,
  },
  {
    "fill": "0,0,0",
    "h": 0.4,
    "t": "rect",
    "w": 0.041791,
    "x": 3.877612,
    "y": 3.194953,
  },
  {
    "fill": "0,0,0",
    "h": 0.4,
    "t": "rect",
    "w": 0.041791,
    "x": 4.044776,
    "y": 3.194953,
  },
  {
    "fill": "0,0,0",
    "h": 0.4,
    "t": "rect",
    "w": 0.083582,
    "x": 4.128358,
    "y": 3.194953,
  },
  {
    "fill": "0,0,0",
    "h": 0.4,
    "t": "rect",
    "w": 0.041791,
    "x": 4.337313,
    "y": 3.194953,
  },
  {
    "fill": "0,0,0",
    "h": 0.4,
    "t": "rect",
    "w": 0.083582,
    "x": 4.420896,
    "y": 3.194953,
  },
  {
    "fill": "0,0,0",
    "h": 0.4,
    "t": "rect",
    "w": 0.125373,
    "x": 4.629851,
    "y": 3.194953,
  },
  {
    "fill": "0,0,0",
    "h": 0.4,
    "t": "rect",
    "w": 0.125373,
    "x": 4.797015,
    "y": 3.194953,
  },
  {
    "fill": "0,0,0",
    "h": 0.4,
    "t": "rect",
    "w": 0.041791,
    "x": 5.047761,
    "y": 3.194953,
  },
  {
    "fill": "0,0,0",
    "h": 0.4,
    "t": "rect",
    "w": 0.083582,
    "x": 5.131343,
    "y": 3.194953,
  },
  {
    "fill": "0,0,0",
    "h": 0.4,
    "t": "rect",
    "w": 0.083582,
    "x": 5.256716,
    "y": 3.194953,
  },
  {
    "fill": "0,0,0",
    "h": 0.4,
    "t": "rect",
    "w": 0.125373,
    "x": 5.465672,
    "y": 3.194953,
  },
  {
    "fill": "0,0,0",
    "h": 0.4,
    "t": "rect",
    "w": 0.041791,
    "x": 5.632836,
    "y": 3.194953,
  },
  {
    "fill": "0,0,0",
    "h": 0.4,
    "t": "rect",
    "w": 0.083582,
    "x": 5.716418,
    "y": 3.194953,
  },
]
`;

exports[`generateBikeLabels — printed geometry (refactor guard) > standard · both 1`] = `
[
  {
    "fill": "255,255,255",
    "h": 4,
    "t": "rect",
    "w": 6,
    "x": 0,
    "y": 0,
  },
  {
    "color": "0,0,0",
    "fs": 28,
    "s": "FAULTLINE A1 V2",
    "t": "text",
    "x": 0.2,
    "y": 1.052,
  },
  {
    "color": "0,0,0",
    "fs": 25.2,
    "s": "SIZE 15  ·  GLOSS",
    "t": "text",
    "x": 0.2,
    "y": 1.472,
  },
  {
    "color": "0,0,0",
    "fs": 25.2,
    "s": "BLACK  ·  YEAR 2026",
    "t": "text",
    "x": 0.2,
    "y": 1.885,
  },
  {
    "h": 0,
    "t": "line",
    "w": 3.5,
    "x": 0.2,
    "y": 1.998,
  },
  {
    "fill": "0,0,0",
    "h": 0.508889,
    "t": "rect",
    "w": 2.211667,
    "x": 0.18,
    "y": 2.158,
  },
  {
    "color": "255,255,255",
    "fs": 28,
    "s": "03-4614BK",
    "t": "text",
    "x": 0.3,
    "y": 2.529111,
  },
  {
    "fill": "0,0,0",
    "h": 0.4,
    "t": "rect",
    "w": 0.052239,
    "x": 0.2,
    "y": 2.776889,
  },
  {
    "fill": "0,0,0",
    "h": 0.4,
    "t": "rect",
    "w": 0.026119,
    "x": 0.278358,
    "y": 2.776889,
  },
  {
    "fill": "0,0,0",
    "h": 0.4,
    "t": "rect",
    "w": 0.078358,
    "x": 0.356716,
    "y": 2.776889,
  },
  {
    "fill": "0,0,0",
    "h": 0.4,
    "t": "rect",
    "w": 0.026119,
    "x": 0.487313,
    "y": 2.776889,
  },
  {
    "fill": "0,0,0",
    "h": 0.4,
    "t": "rect",
    "w": 0.026119,
    "x": 0.565672,
    "y": 2.776889,
  },
  {
    "fill": "0,0,0",
    "h": 0.4,
    "t": "rect",
    "w": 0.052239,
    "x": 0.64403,
    "y": 2.776889,
  },
  {
    "fill": "0,0,0",
    "h": 0.4,
    "t": "rect",
    "w": 0.078358,
    "x": 0.774627,
    "y": 2.776889,
  },
  {
    "fill": "0,0,0",
    "h": 0.4,
    "t": "rect",
    "w": 0.026119,
    "x": 0.879104,
    "y": 2.776889,
  },
  {
    "fill": "0,0,0",
    "h": 0.4,
    "t": "rect",
    "w": 0.104478,
    "x": 0.931343,
    "y": 2.776889,
  },
  {
    "fill": "0,0,0",
    "h": 0.4,
    "t": "rect",
    "w": 0.026119,
    "x": 1.06194,
    "y": 2.776889,
  },
  {
    "fill": "0,0,0",
    "h": 0.4,
    "t": "rect",
    "w": 0.052239,
    "x": 1.140299,
    "y": 2.776889,
  },
  {
    "fill": "0,0,0",
    "h": 0.4,
    "t": "rect",
    "w": 0.078358,
    "x": 1.218657,
    "y": 2.776889,
  },
  {
    "fill": "0,0,0",
    "h": 0.4,
    "t": "rect",
    "w": 0.026119,
    "x": 1.349254,
    "y": 2.776889,
  },
  {
    "fill": "0,0,0",
    "h": 0.4,
    "t": "rect",
    "w": 0.078358,
    "x": 1.401493,
    "y": 2.776889,
  },
  {
    "fill": "0,0,0",
    "h": 0.4,
    "t": "rect",
    "w": 0.104478,
    "x": 1.50597,
    "y": 2.776889,
  },
  {
    "fill": "0,0,0",
    "h": 0.4,
    "t": "rect",
    "w": 0.026119,
    "x": 1.636567,
    "y": 2.776889,
  },
  {
    "fill": "0,0,0",
    "h": 0.4,
    "t": "rect",
    "w": 0.078358,
    "x": 1.688806,
    "y": 2.776889,
  },
  {
    "fill": "0,0,0",
    "h": 0.4,
    "t": "rect",
    "w": 0.052239,
    "x": 1.845522,
    "y": 2.776889,
  },
  {
    "fill": "0,0,0",
    "h": 0.4,
    "t": "rect",
    "w": 0.026119,
    "x": 1.923881,
    "y": 2.776889,
  },
  {
    "fill": "0,0,0",
    "h": 0.4,
    "t": "rect",
    "w": 0.052239,
    "x": 2.002239,
    "y": 2.776889,
  },
  {
    "fill": "0,0,0",
    "h": 0.4,
    "t": "rect",
    "w": 0.078358,
    "x": 2.106716,
    "y": 2.776889,
  },
  {
    "fill": "0,0,0",
    "h": 0.4,
    "t": "rect",
    "w": 0.078358,
    "x": 2.211194,
    "y": 2.776889,
  },
  {
    "fill": "0,0,0",
    "h": 0.4,
    "t": "rect",
    "w": 0.026119,
    "x": 2.315672,
    "y": 2.776889,
  },
  {
    "fill": "0,0,0",
    "h": 0.4,
    "t": "rect",
    "w": 0.104478,
    "x": 2.36791,
    "y": 2.776889,
  },
  {
    "fill": "0,0,0",
    "h": 0.4,
    "t": "rect",
    "w": 0.026119,
    "x": 2.498507,
    "y": 2.776889,
  },
  {
    "fill": "0,0,0",
    "h": 0.4,
    "t": "rect",
    "w": 0.026119,
    "x": 2.602985,
    "y": 2.776889,
  },
  {
    "fill": "0,0,0",
    "h": 0.4,
    "t": "rect",
    "w": 0.052239,
    "x": 2.655224,
    "y": 2.776889,
  },
  {
    "fill": "0,0,0",
    "h": 0.4,
    "t": "rect",
    "w": 0.026119,
    "x": 2.785821,
    "y": 2.776889,
  },
  {
    "fill": "0,0,0",
    "h": 0.4,
    "t": "rect",
    "w": 0.052239,
    "x": 2.83806,
    "y": 2.776889,
  },
  {
    "fill": "0,0,0",
    "h": 0.4,
    "t": "rect",
    "w": 0.078358,
    "x": 2.968657,
    "y": 2.776889,
  },
  {
    "fill": "0,0,0",
    "h": 0.4,
    "t": "rect",
    "w": 0.078358,
    "x": 3.073134,
    "y": 2.776889,
  },
  {
    "fill": "0,0,0",
    "h": 0.4,
    "t": "rect",
    "w": 0.026119,
    "x": 3.229851,
    "y": 2.776889,
  },
  {
    "fill": "0,0,0",
    "h": 0.4,
    "t": "rect",
    "w": 0.052239,
    "x": 3.28209,
    "y": 2.776889,
  },
  {
    "fill": "0,0,0",
    "h": 0.4,
    "t": "rect",
    "w": 0.052239,
    "x": 3.360448,
    "y": 2.776889,
  },
  {
    "fill": "0,0,0",
    "h": 0.4,
    "t": "rect",
    "w": 0.078358,
    "x": 3.491045,
    "y": 2.776889,
  },
  {
    "fill": "0,0,0",
    "h": 0.4,
    "t": "rect",
    "w": 0.026119,
    "x": 3.595522,
    "y": 2.776889,
  },
  {
    "fill": "0,0,0",
    "h": 0.4,
    "t": "rect",
    "w": 0.052239,
    "x": 3.647761,
    "y": 2.776889,
  },
  {
    "h": 1.9,
    "t": "image",
    "w": 1.9,
    "x": 3.9,
    "y": 1.05,
  },
  {
    "fill": "255,255,255",
    "h": 4,
    "t": "rect",
    "w": 6,
    "x": 0,
    "y": 0,
  },
  {
    "color": "0,0,0",
    "fs": 28,
    "s": "FAULTLINE A1 V2",
    "t": "text",
    "x": 0.2,
    "y": 1.052,
  },
  {
    "color": "0,0,0",
    "fs": 25.2,
    "s": "SIZE 15  ·  GLOSS",
    "t": "text",
    "x": 0.2,
    "y": 1.472,
  },
  {
    "color": "0,0,0",
    "fs": 25.2,
    "s": "BLACK  ·  YEAR 2026",
    "t": "text",
    "x": 0.2,
    "y": 1.885,
  },
  {
    "h": 0,
    "t": "line",
    "w": 3.5,
    "x": 0.2,
    "y": 1.998,
  },
  {
    "fill": "0,0,0",
    "h": 0.508889,
    "t": "rect",
    "w": 2.211667,
    "x": 0.18,
    "y": 2.158,
  },
  {
    "color": "255,255,255",
    "fs": 28,
    "s": "03-4614BK",
    "t": "text",
    "x": 0.3,
    "y": 2.529111,
  },
  {
    "fill": "0,0,0",
    "h": 0.4,
    "t": "rect",
    "w": 0.052239,
    "x": 0.2,
    "y": 2.776889,
  },
  {
    "fill": "0,0,0",
    "h": 0.4,
    "t": "rect",
    "w": 0.026119,
    "x": 0.278358,
    "y": 2.776889,
  },
  {
    "fill": "0,0,0",
    "h": 0.4,
    "t": "rect",
    "w": 0.078358,
    "x": 0.356716,
    "y": 2.776889,
  },
  {
    "fill": "0,0,0",
    "h": 0.4,
    "t": "rect",
    "w": 0.026119,
    "x": 0.487313,
    "y": 2.776889,
  },
  {
    "fill": "0,0,0",
    "h": 0.4,
    "t": "rect",
    "w": 0.026119,
    "x": 0.565672,
    "y": 2.776889,
  },
  {
    "fill": "0,0,0",
    "h": 0.4,
    "t": "rect",
    "w": 0.052239,
    "x": 0.64403,
    "y": 2.776889,
  },
  {
    "fill": "0,0,0",
    "h": 0.4,
    "t": "rect",
    "w": 0.078358,
    "x": 0.774627,
    "y": 2.776889,
  },
  {
    "fill": "0,0,0",
    "h": 0.4,
    "t": "rect",
    "w": 0.026119,
    "x": 0.879104,
    "y": 2.776889,
  },
  {
    "fill": "0,0,0",
    "h": 0.4,
    "t": "rect",
    "w": 0.104478,
    "x": 0.931343,
    "y": 2.776889,
  },
  {
    "fill": "0,0,0",
    "h": 0.4,
    "t": "rect",
    "w": 0.026119,
    "x": 1.06194,
    "y": 2.776889,
  },
  {
    "fill": "0,0,0",
    "h": 0.4,
    "t": "rect",
    "w": 0.052239,
    "x": 1.140299,
    "y": 2.776889,
  },
  {
    "fill": "0,0,0",
    "h": 0.4,
    "t": "rect",
    "w": 0.078358,
    "x": 1.218657,
    "y": 2.776889,
  },
  {
    "fill": "0,0,0",
    "h": 0.4,
    "t": "rect",
    "w": 0.026119,
    "x": 1.349254,
    "y": 2.776889,
  },
  {
    "fill": "0,0,0",
    "h": 0.4,
    "t": "rect",
    "w": 0.078358,
    "x": 1.401493,
    "y": 2.776889,
  },
  {
    "fill": "0,0,0",
    "h": 0.4,
    "t": "rect",
    "w": 0.104478,
    "x": 1.50597,
    "y": 2.776889,
  },
  {
    "fill": "0,0,0",
    "h": 0.4,
    "t": "rect",
    "w": 0.026119,
    "x": 1.636567,
    "y": 2.776889,
  },
  {
    "fill": "0,0,0",
    "h": 0.4,
    "t": "rect",
    "w": 0.078358,
    "x": 1.688806,
    "y": 2.776889,
  },
  {
    "fill": "0,0,0",
    "h": 0.4,
    "t": "rect",
    "w": 0.052239,
    "x": 1.845522,
    "y": 2.776889,
  },
  {
    "fill": "0,0,0",
    "h": 0.4,
    "t": "rect",
    "w": 0.026119,
    "x": 1.923881,
    "y": 2.776889,
  },
  {
    "fill": "0,0,0",
    "h": 0.4,
    "t": "rect",
    "w": 0.052239,
    "x": 2.002239,
    "y": 2.776889,
  },
  {
    "fill": "0,0,0",
    "h": 0.4,
    "t": "rect",
    "w": 0.078358,
    "x": 2.106716,
    "y": 2.776889,
  },
  {
    "fill": "0,0,0",
    "h": 0.4,
    "t": "rect",
    "w": 0.078358,
    "x": 2.211194,
    "y": 2.776889,
  },
  {
    "fill": "0,0,0",
    "h": 0.4,
    "t": "rect",
    "w": 0.026119,
    "x": 2.315672,
    "y": 2.776889,
  },
  {
    "fill": "0,0,0",
    "h": 0.4,
    "t": "rect",
    "w": 0.104478,
    "x": 2.36791,
    "y": 2.776889,
  },
  {
    "fill": "0,0,0",
    "h": 0.4,
    "t": "rect",
    "w": 0.026119,
    "x": 2.498507,
    "y": 2.776889,
  },
  {
    "fill": "0,0,0",
    "h": 0.4,
    "t": "rect",
    "w": 0.026119,
    "x": 2.602985,
    "y": 2.776889,
  },
  {
    "fill": "0,0,0",
    "h": 0.4,
    "t": "rect",
    "w": 0.052239,
    "x": 2.655224,
    "y": 2.776889,
  },
  {
    "fill": "0,0,0",
    "h": 0.4,
    "t": "rect",
    "w": 0.026119,
    "x": 2.785821,
    "y": 2.776889,
  },
  {
    "fill": "0,0,0",
    "h": 0.4,
    "t": "rect",
    "w": 0.052239,
    "x": 2.83806,
    "y": 2.776889,
  },
  {
    "fill": "0,0,0",
    "h": 0.4,
    "t": "rect",
    "w": 0.078358,
    "x": 2.968657,
    "y": 2.776889,
  },
  {
    "fill": "0,0,0",
    "h": 0.4,
    "t": "rect",
    "w": 0.078358,
    "x": 3.073134,
    "y": 2.776889,
  },
  {
    "fill": "0,0,0",
    "h": 0.4,
    "t": "rect",
    "w": 0.026119,
    "x": 3.229851,
    "y": 2.776889,
  },
  {
    "fill": "0,0,0",
    "h": 0.4,
    "t": "rect",
    "w": 0.052239,
    "x": 3.28209,
    "y": 2.776889,
  },
  {
    "fill": "0,0,0",
    "h": 0.4,
    "t": "rect",
    "w": 0.052239,
    "x": 3.360448,
    "y": 2.776889,
  },
  {
    "fill": "0,0,0",
    "h": 0.4,
    "t": "rect",
    "w": 0.078358,
    "x": 3.491045,
    "y": 2.776889,
  },
  {
    "fill": "0,0,0",
    "h": 0.4,
    "t": "rect",
    "w": 0.026119,
    "x": 3.595522,
    "y": 2.776889,
  },
  {
    "fill": "0,0,0",
    "h": 0.4,
    "t": "rect",
    "w": 0.052239,
    "x": 3.647761,
    "y": 2.776889,
  },
  {
    "h": 1.9,
    "t": "image",
    "w": 1.9,
    "x": 3.9,
    "y": 1.05,
  },
]
`;

exports[`generateBikeLabels — printed geometry (refactor guard) > standard · none 1`] = `
[
  {
    "fill": "255,255,255",
    "h": 4,
    "t": "rect",
    "w": 6,
    "x": 0,
    "y": 0,
  },
  {
    "color": "0,0,0",
    "fs": 45.5,
    "s": "FAULTLINE A1 V2",
    "t": "text",
    "x": 0.2,
    "y": 0.831944,
  },
  {
    "color": "0,0,0",
    "fs": 40.95,
    "s": "SIZE 15  ·  GLOSS",
    "t": "text",
    "x": 0.2,
    "y": 1.598929,
  },
  {
    "color": "0,0,0",
    "fs": 40.95,
    "s": "BLACK  ·  YEAR 2026",
    "t": "text",
    "x": 0.2,
    "y": 2.346091,
  },
  {
    "h": 0,
    "t": "line",
    "w": 5.6,
    "x": 0.2,
    "y": 2.580167,
  },
  {
    "fill": "0,0,0",
    "h": 0.751944,
    "t": "rect",
    "w": 3.443958,
    "x": 0.18,
    "y": 2.758294,
  },
  {
    "color": "255,255,255",
    "fs": 45.5,
    "s": "03-4614BK",
    "t": "text",
    "x": 0.3,
    "y": 3.32385,
  },
  {
    "fill": "255,255,255",
    "h": 4,
    "t": "rect",
    "w": 6,
    "x": 0,
    "y": 0,
  },
  {
    "color": "0,0,0",
    "fs": 45.5,
    "s": "FAULTLINE A1 V2",
    "t": "text",
    "x": 0.2,
    "y": 0.831944,
  },
  {
    "color": "0,0,0",
    "fs": 40.95,
    "s": "SIZE 15  ·  GLOSS",
    "t": "text",
    "x": 0.2,
    "y": 1.598929,
  },
  {
    "color": "0,0,0",
    "fs": 40.95,
    "s": "BLACK  ·  YEAR 2026",
    "t": "text",
    "x": 0.2,
    "y": 2.346091,
  },
  {
    "h": 0,
    "t": "line",
    "w": 5.6,
    "x": 0.2,
    "y": 2.580167,
  },
  {
    "fill": "0,0,0",
    "h": 0.751944,
    "t": "rect",
    "w": 3.443958,
    "x": 0.18,
    "y": 2.758294,
  },
  {
    "color": "255,255,255",
    "fs": 45.5,
    "s": "03-4614BK",
    "t": "text",
    "x": 0.3,
    "y": 3.32385,
  },
]
`;

exports[`generateBikeLabels — printed geometry (refactor guard) > standard · qr-only 1`] = `
[
  {
    "fill": "255,255,255",
    "h": 4,
    "t": "rect",
    "w": 6,
    "x": 0,
    "y": 0,
  },
  {
    "color": "0,0,0",
    "fs": 28,
    "s": "FAULTLINE A1 V2",
    "t": "text",
    "x": 0.2,
    "y": 1.317,
  },
  {
    "color": "0,0,0",
    "fs": 25.2,
    "s": "SIZE 15  ·  GLOSS",
    "t": "text",
    "x": 0.2,
    "y": 1.737,
  },
  {
    "color": "0,0,0",
    "fs": 25.2,
    "s": "BLACK  ·  YEAR 2026",
    "t": "text",
    "x": 0.2,
    "y": 2.15,
  },
  {
    "h": 0,
    "t": "line",
    "w": 3.5,
    "x": 0.2,
    "y": 2.263,
  },
  {
    "fill": "0,0,0",
    "h": 0.508889,
    "t": "rect",
    "w": 2.211667,
    "x": 0.18,
    "y": 2.423,
  },
  {
    "color": "255,255,255",
    "fs": 28,
    "s": "03-4614BK",
    "t": "text",
    "x": 0.3,
    "y": 2.794111,
  },
  {
    "h": 1.9,
    "t": "image",
    "w": 1.9,
    "x": 3.9,
    "y": 1.05,
  },
  {
    "fill": "255,255,255",
    "h": 4,
    "t": "rect",
    "w": 6,
    "x": 0,
    "y": 0,
  },
  {
    "color": "0,0,0",
    "fs": 28,
    "s": "FAULTLINE A1 V2",
    "t": "text",
    "x": 0.2,
    "y": 1.317,
  },
  {
    "color": "0,0,0",
    "fs": 25.2,
    "s": "SIZE 15  ·  GLOSS",
    "t": "text",
    "x": 0.2,
    "y": 1.737,
  },
  {
    "color": "0,0,0",
    "fs": 25.2,
    "s": "BLACK  ·  YEAR 2026",
    "t": "text",
    "x": 0.2,
    "y": 2.15,
  },
  {
    "h": 0,
    "t": "line",
    "w": 3.5,
    "x": 0.2,
    "y": 2.263,
  },
  {
    "fill": "0,0,0",
    "h": 0.508889,
    "t": "rect",
    "w": 2.211667,
    "x": 0.18,
    "y": 2.423,
  },
  {
    "color": "255,255,255",
    "fs": 28,
    "s": "03-4614BK",
    "t": "text",
    "x": 0.3,
    "y": 2.794111,
  },
  {
    "h": 1.9,
    "t": "image",
    "w": 1.9,
    "x": 3.9,
    "y": 1.05,
  },
]
`;

exports[`generateBikeLabels — printed geometry (refactor guard) > vertical · barcode-only 1`] = `
[
  {
    "fill": "255,255,255",
    "h": 6,
    "t": "rect",
    "w": 4,
    "x": 0,
    "y": 0,
  },
  {
    "color": "0,0,0",
    "fs": 29,
    "s": "FAULTLINE A1 V2",
    "t": "text",
    "x": 0.322431,
    "y": 1.077131,
  },
  {
    "color": "0,0,0",
    "fs": 26.1,
    "s": "SIZE 15  ·  GLOSS",
    "t": "text",
    "x": 0.473875,
    "y": 1.844825,
  },
  {
    "color": "0,0,0",
    "fs": 26.1,
    "s": "BLACK  ·  YEAR 2026",
    "t": "text",
    "x": 0.234625,
    "y": 2.572,
  },
  {
    "h": 0,
    "t": "line",
    "w": 3.6,
    "x": 0.2,
    "y": 3.021675,
  },
  {
    "fill": "0,0,0",
    "h": 0.522778,
    "t": "rect",
    "w": 2.242083,
    "x": 0.878958,
    "y": 3.293675,
  },
  {
    "color": "255,255,255",
    "fs": 29,
    "s": "03-4614BK",
    "t": "text",
    "x": 0.978958,
    "y": 3.675897,
  },
  {
    "fill": "0,0,0",
    "h": 0.4,
    "t": "rect",
    "w": 0.047761,
    "x": 0.4,
    "y": 4.002453,
  },
  {
    "fill": "0,0,0",
    "h": 0.4,
    "t": "rect",
    "w": 0.023881,
    "x": 0.471642,
    "y": 4.002453,
  },
  {
    "fill": "0,0,0",
    "h": 0.4,
    "t": "rect",
    "w": 0.071642,
    "x": 0.543284,
    "y": 4.002453,
  },
  {
    "fill": "0,0,0",
    "h": 0.4,
    "t": "rect",
    "w": 0.023881,
    "x": 0.662687,
    "y": 4.002453,
  },
  {
    "fill": "0,0,0",
    "h": 0.4,
    "t": "rect",
    "w": 0.023881,
    "x": 0.734328,
    "y": 4.002453,
  },
  {
    "fill": "0,0,0",
    "h": 0.4,
    "t": "rect",
    "w": 0.047761,
    "x": 0.80597,
    "y": 4.002453,
  },
  {
    "fill": "0,0,0",
    "h": 0.4,
    "t": "rect",
    "w": 0.071642,
    "x": 0.925373,
    "y": 4.002453,
  },
  {
    "fill": "0,0,0",
    "h": 0.4,
    "t": "rect",
    "w": 0.023881,
    "x": 1.020896,
    "y": 4.002453,
  },
  {
    "fill": "0,0,0",
    "h": 0.4,
    "t": "rect",
    "w": 0.095522,
    "x": 1.068657,
    "y": 4.002453,
  },
  {
    "fill": "0,0,0",
    "h": 0.4,
    "t": "rect",
    "w": 0.023881,
    "x": 1.18806,
    "y": 4.002453,
  },
  {
    "fill": "0,0,0",
    "h": 0.4,
    "t": "rect",
    "w": 0.047761,
    "x": 1.259701,
    "y": 4.002453,
  },
  {
    "fill": "0,0,0",
    "h": 0.4,
    "t": "rect",
    "w": 0.071642,
    "x": 1.331343,
    "y": 4.002453,
  },
  {
    "fill": "0,0,0",
    "h": 0.4,
    "t": "rect",
    "w": 0.023881,
    "x": 1.450746,
    "y": 4.002453,
  },
  {
    "fill": "0,0,0",
    "h": 0.4,
    "t": "rect",
    "w": 0.071642,
    "x": 1.498507,
    "y": 4.002453,
  },
  {
    "fill": "0,0,0",
    "h": 0.4,
    "t": "rect",
    "w": 0.095522,
    "x": 1.59403,
    "y": 4.002453,
  },
  {
    "fill": "0,0,0",
    "h": 0.4,
    "t": "rect",
    "w": 0.023881,
    "x": 1.713433,
    "y": 4.002453,
  },
  {
    "fill": "0,0,0",
    "h": 0.4,
    "t": "rect",
    "w": 0.071642,
    "x": 1.761194,
    "y": 4.002453,
  },
  {
    "fill": "0,0,0",
    "h": 0.4,
    "t": "rect",
    "w": 0.047761,
    "x": 1.904478,
    "y": 4.002453,
  },
  {
    "fill": "0,0,0",
    "h": 0.4,
    "t": "rect",
    "w": 0.023881,
    "x": 1.976119,
    "y": 4.002453,
  },
  {
    "fill": "0,0,0",
    "h": 0.4,
    "t": "rect",
    "w": 0.047761,
    "x": 2.047761,
    "y": 4.002453,
  },
  {
    "fill": "0,0,0",
    "h": 0.4,
    "t": "rect",
    "w": 0.071642,
    "x": 2.143284,
    "y": 4.002453,
  },
  {
    "fill": "0,0,0",
    "h": 0.4,
    "t": "rect",
    "w": 0.071642,
    "x": 2.238806,
    "y": 4.002453,
  },
  {
    "fill": "0,0,0",
    "h": 0.4,
    "t": "rect",
    "w": 0.023881,
    "x": 2.334328,
    "y": 4.002453,
  },
  {
    "fill": "0,0,0",
    "h": 0.4,
    "t": "rect",
    "w": 0.095522,
    "x": 2.38209,
    "y": 4.002453,
  },
  {
    "fill": "0,0,0",
    "h": 0.4,
    "t": "rect",
    "w": 0.023881,
    "x": 2.501493,
    "y": 4.002453,
  },
  {
    "fill": "0,0,0",
    "h": 0.4,
    "t": "rect",
    "w": 0.023881,
    "x": 2.597015,
    "y": 4.002453,
  },
  {
    "fill": "0,0,0",
    "h": 0.4,
    "t": "rect",
    "w": 0.047761,
    "x": 2.644776,
    "y": 4.002453,
  },
  {
    "fill": "0,0,0",
    "h": 0.4,
    "t": "rect",
    "w": 0.023881,
    "x": 2.764179,
    "y": 4.002453,
  },
  {
    "fill": "0,0,0",
    "h": 0.4,
    "t": "rect",
    "w": 0.047761,
    "x": 2.81194,
    "y": 4.002453,
  },
  {
    "fill": "0,0,0",
    "h": 0.4,
    "t": "rect",
    "w": 0.071642,
    "x": 2.931343,
    "y": 4.002453,
  },
  {
    "fill": "0,0,0",
    "h": 0.4,
    "t": "rect",
    "w": 0.071642,
    "x": 3.026866,
    "y": 4.002453,
  },
  {
    "fill": "0,0,0",
    "h": 0.4,
    "t": "rect",
    "w": 0.023881,
    "x": 3.170149,
    "y": 4.002453,
  },
  {
    "fill": "0,0,0",
    "h": 0.4,
    "t": "rect",
    "w": 0.047761,
    "x": 3.21791,
    "y": 4.002453,
  },
  {
    "fill": "0,0,0",
    "h": 0.4,
    "t": "rect",
    "w": 0.047761,
    "x": 3.289552,
    "y": 4.002453,
  },
  {
    "fill": "0,0,0",
    "h": 0.4,
    "t": "rect",
    "w": 0.071642,
    "x": 3.408955,
    "y": 4.002453,
  },
  {
    "fill": "0,0,0",
    "h": 0.4,
    "t": "rect",
    "w": 0.023881,
    "x": 3.504478,
    "y": 4.002453,
  },
  {
    "fill": "0,0,0",
    "h": 0.4,
    "t": "rect",
    "w": 0.047761,
    "x": 3.552239,
    "y": 4.002453,
  },
  {
    "fill": "255,255,255",
    "h": 6,
    "t": "rect",
    "w": 4,
    "x": 0,
    "y": 0,
  },
  {
    "color": "0,0,0",
    "fs": 29,
    "s": "FAULTLINE A1 V2",
    "t": "text",
    "x": 0.322431,
    "y": 1.077131,
  },
  {
    "color": "0,0,0",
    "fs": 26.1,
    "s": "SIZE 15  ·  GLOSS",
    "t": "text",
    "x": 0.473875,
    "y": 1.844825,
  },
  {
    "color": "0,0,0",
    "fs": 26.1,
    "s": "BLACK  ·  YEAR 2026",
    "t": "text",
    "x": 0.234625,
    "y": 2.572,
  },
  {
    "h": 0,
    "t": "line",
    "w": 3.6,
    "x": 0.2,
    "y": 3.021675,
  },
  {
    "fill": "0,0,0",
    "h": 0.522778,
    "t": "rect",
    "w": 2.242083,
    "x": 0.878958,
    "y": 3.293675,
  },
  {
    "color": "255,255,255",
    "fs": 29,
    "s": "03-4614BK",
    "t": "text",
    "x": 0.978958,
    "y": 3.675897,
  },
  {
    "fill": "0,0,0",
    "h": 0.4,
    "t": "rect",
    "w": 0.047761,
    "x": 0.4,
    "y": 4.002453,
  },
  {
    "fill": "0,0,0",
    "h": 0.4,
    "t": "rect",
    "w": 0.023881,
    "x": 0.471642,
    "y": 4.002453,
  },
  {
    "fill": "0,0,0",
    "h": 0.4,
    "t": "rect",
    "w": 0.071642,
    "x": 0.543284,
    "y": 4.002453,
  },
  {
    "fill": "0,0,0",
    "h": 0.4,
    "t": "rect",
    "w": 0.023881,
    "x": 0.662687,
    "y": 4.002453,
  },
  {
    "fill": "0,0,0",
    "h": 0.4,
    "t": "rect",
    "w": 0.023881,
    "x": 0.734328,
    "y": 4.002453,
  },
  {
    "fill": "0,0,0",
    "h": 0.4,
    "t": "rect",
    "w": 0.047761,
    "x": 0.80597,
    "y": 4.002453,
  },
  {
    "fill": "0,0,0",
    "h": 0.4,
    "t": "rect",
    "w": 0.071642,
    "x": 0.925373,
    "y": 4.002453,
  },
  {
    "fill": "0,0,0",
    "h": 0.4,
    "t": "rect",
    "w": 0.023881,
    "x": 1.020896,
    "y": 4.002453,
  },
  {
    "fill": "0,0,0",
    "h": 0.4,
    "t": "rect",
    "w": 0.095522,
    "x": 1.068657,
    "y": 4.002453,
  },
  {
    "fill": "0,0,0",
    "h": 0.4,
    "t": "rect",
    "w": 0.023881,
    "x": 1.18806,
    "y": 4.002453,
  },
  {
    "fill": "0,0,0",
    "h": 0.4,
    "t": "rect",
    "w": 0.047761,
    "x": 1.259701,
    "y": 4.002453,
  },
  {
    "fill": "0,0,0",
    "h": 0.4,
    "t": "rect",
    "w": 0.071642,
    "x": 1.331343,
    "y": 4.002453,
  },
  {
    "fill": "0,0,0",
    "h": 0.4,
    "t": "rect",
    "w": 0.023881,
    "x": 1.450746,
    "y": 4.002453,
  },
  {
    "fill": "0,0,0",
    "h": 0.4,
    "t": "rect",
    "w": 0.071642,
    "x": 1.498507,
    "y": 4.002453,
  },
  {
    "fill": "0,0,0",
    "h": 0.4,
    "t": "rect",
    "w": 0.095522,
    "x": 1.59403,
    "y": 4.002453,
  },
  {
    "fill": "0,0,0",
    "h": 0.4,
    "t": "rect",
    "w": 0.023881,
    "x": 1.713433,
    "y": 4.002453,
  },
  {
    "fill": "0,0,0",
    "h": 0.4,
    "t": "rect",
    "w": 0.071642,
    "x": 1.761194,
    "y": 4.002453,
  },
  {
    "fill": "0,0,0",
    "h": 0.4,
    "t": "rect",
    "w": 0.047761,
    "x": 1.904478,
    "y": 4.002453,
  },
  {
    "fill": "0,0,0",
    "h": 0.4,
    "t": "rect",
    "w": 0.023881,
    "x": 1.976119,
    "y": 4.002453,
  },
  {
    "fill": "0,0,0",
    "h": 0.4,
    "t": "rect",
    "w": 0.047761,
    "x": 2.047761,
    "y": 4.002453,
  },
  {
    "fill": "0,0,0",
    "h": 0.4,
    "t": "rect",
    "w": 0.071642,
    "x": 2.143284,
    "y": 4.002453,
  },
  {
    "fill": "0,0,0",
    "h": 0.4,
    "t": "rect",
    "w": 0.071642,
    "x": 2.238806,
    "y": 4.002453,
  },
  {
    "fill": "0,0,0",
    "h": 0.4,
    "t": "rect",
    "w": 0.023881,
    "x": 2.334328,
    "y": 4.002453,
  },
  {
    "fill": "0,0,0",
    "h": 0.4,
    "t": "rect",
    "w": 0.095522,
    "x": 2.38209,
    "y": 4.002453,
  },
  {
    "fill": "0,0,0",
    "h": 0.4,
    "t": "rect",
    "w": 0.023881,
    "x": 2.501493,
    "y": 4.002453,
  },
  {
    "fill": "0,0,0",
    "h": 0.4,
    "t": "rect",
    "w": 0.023881,
    "x": 2.597015,
    "y": 4.002453,
  },
  {
    "fill": "0,0,0",
    "h": 0.4,
    "t": "rect",
    "w": 0.047761,
    "x": 2.644776,
    "y": 4.002453,
  },
  {
    "fill": "0,0,0",
    "h": 0.4,
    "t": "rect",
    "w": 0.023881,
    "x": 2.764179,
    "y": 4.002453,
  },
  {
    "fill": "0,0,0",
    "h": 0.4,
    "t": "rect",
    "w": 0.047761,
    "x": 2.81194,
    "y": 4.002453,
  },
  {
    "fill": "0,0,0",
    "h": 0.4,
    "t": "rect",
    "w": 0.071642,
    "x": 2.931343,
    "y": 4.002453,
  },
  {
    "fill": "0,0,0",
    "h": 0.4,
    "t": "rect",
    "w": 0.071642,
    "x": 3.026866,
    "y": 4.002453,
  },
  {
    "fill": "0,0,0",
    "h": 0.4,
    "t": "rect",
    "w": 0.023881,
    "x": 3.170149,
    "y": 4.002453,
  },
  {
    "fill": "0,0,0",
    "h": 0.4,
    "t": "rect",
    "w": 0.047761,
    "x": 3.21791,
    "y": 4.002453,
  },
  {
    "fill": "0,0,0",
    "h": 0.4,
    "t": "rect",
    "w": 0.047761,
    "x": 3.289552,
    "y": 4.002453,
  },
  {
    "fill": "0,0,0",
    "h": 0.4,
    "t": "rect",
    "w": 0.071642,
    "x": 3.408955,
    "y": 4.002453,
  },
  {
    "fill": "0,0,0",
    "h": 0.4,
    "t": "rect",
    "w": 0.023881,
    "x": 3.504478,
    "y": 4.002453,
  },
  {
    "fill": "0,0,0",
    "h": 0.4,
    "t": "rect",
    "w": 0.047761,
    "x": 3.552239,
    "y": 4.002453,
  },
]
`;

exports[`generateBikeLabels — printed geometry (refactor guard) > vertical · both 1`] = `
[
  {
    "fill": "255,255,255",
    "h": 6,
    "t": "rect",
    "w": 4,
    "x": 0,
    "y": 0,
  },
  {
    "color": "0,0,0",
    "fs": 29,
    "s": "FAULTLINE A1 V2",
    "t": "text",
    "x": 0.322431,
    "y": 0.93475,
  },
  {
    "color": "0,0,0",
    "fs": 26.1,
    "s": "SIZE 15  ·  GLOSS",
    "t": "text",
    "x": 0.473875,
    "y": 1.36975,
  },
  {
    "color": "0,0,0",
    "fs": 26.1,
    "s": "BLACK  ·  YEAR 2026",
    "t": "text",
    "x": 0.234625,
    "y": 1.7975,
  },
  {
    "h": 0,
    "t": "line",
    "w": 3.6,
    "x": 0.2,
    "y": 1.91275,
  },
  {
    "fill": "0,0,0",
    "h": 0.522778,
    "t": "rect",
    "w": 2.242083,
    "x": 0.878958,
    "y": 2.07275,
  },
  {
    "color": "255,255,255",
    "fs": 29,
    "s": "03-4614BK",
    "t": "text",
    "x": 0.978958,
    "y": 2.454972,
  },
  {
    "fill": "0,0,0",
    "h": 0.4,
    "t": "rect",
    "w": 0.047761,
    "x": 0.4,
    "y": 2.725528,
  },
  {
    "fill": "0,0,0",
    "h": 0.4,
    "t": "rect",
    "w": 0.023881,
    "x": 0.471642,
    "y": 2.725528,
  },
  {
    "fill": "0,0,0",
    "h": 0.4,
    "t": "rect",
    "w": 0.071642,
    "x": 0.543284,
    "y": 2.725528,
  },
  {
    "fill": "0,0,0",
    "h": 0.4,
    "t": "rect",
    "w": 0.023881,
    "x": 0.662687,
    "y": 2.725528,
  },
  {
    "fill": "0,0,0",
    "h": 0.4,
    "t": "rect",
    "w": 0.023881,
    "x": 0.734328,
    "y": 2.725528,
  },
  {
    "fill": "0,0,0",
    "h": 0.4,
    "t": "rect",
    "w": 0.047761,
    "x": 0.80597,
    "y": 2.725528,
  },
  {
    "fill": "0,0,0",
    "h": 0.4,
    "t": "rect",
    "w": 0.071642,
    "x": 0.925373,
    "y": 2.725528,
  },
  {
    "fill": "0,0,0",
    "h": 0.4,
    "t": "rect",
    "w": 0.023881,
    "x": 1.020896,
    "y": 2.725528,
  },
  {
    "fill": "0,0,0",
    "h": 0.4,
    "t": "rect",
    "w": 0.095522,
    "x": 1.068657,
    "y": 2.725528,
  },
  {
    "fill": "0,0,0",
    "h": 0.4,
    "t": "rect",
    "w": 0.023881,
    "x": 1.18806,
    "y": 2.725528,
  },
  {
    "fill": "0,0,0",
    "h": 0.4,
    "t": "rect",
    "w": 0.047761,
    "x": 1.259701,
    "y": 2.725528,
  },
  {
    "fill": "0,0,0",
    "h": 0.4,
    "t": "rect",
    "w": 0.071642,
    "x": 1.331343,
    "y": 2.725528,
  },
  {
    "fill": "0,0,0",
    "h": 0.4,
    "t": "rect",
    "w": 0.023881,
    "x": 1.450746,
    "y": 2.725528,
  },
  {
    "fill": "0,0,0",
    "h": 0.4,
    "t": "rect",
    "w": 0.071642,
    "x": 1.498507,
    "y": 2.725528,
  },
  {
    "fill": "0,0,0",
    "h": 0.4,
    "t": "rect",
    "w": 0.095522,
    "x": 1.59403,
    "y": 2.725528,
  },
  {
    "fill": "0,0,0",
    "h": 0.4,
    "t": "rect",
    "w": 0.023881,
    "x": 1.713433,
    "y": 2.725528,
  },
  {
    "fill": "0,0,0",
    "h": 0.4,
    "t": "rect",
    "w": 0.071642,
    "x": 1.761194,
    "y": 2.725528,
  },
  {
    "fill": "0,0,0",
    "h": 0.4,
    "t": "rect",
    "w": 0.047761,
    "x": 1.904478,
    "y": 2.725528,
  },
  {
    "fill": "0,0,0",
    "h": 0.4,
    "t": "rect",
    "w": 0.023881,
    "x": 1.976119,
    "y": 2.725528,
  },
  {
    "fill": "0,0,0",
    "h": 0.4,
    "t": "rect",
    "w": 0.047761,
    "x": 2.047761,
    "y": 2.725528,
  },
  {
    "fill": "0,0,0",
    "h": 0.4,
    "t": "rect",
    "w": 0.071642,
    "x": 2.143284,
    "y": 2.725528,
  },
  {
    "fill": "0,0,0",
    "h": 0.4,
    "t": "rect",
    "w": 0.071642,
    "x": 2.238806,
    "y": 2.725528,
  },
  {
    "fill": "0,0,0",
    "h": 0.4,
    "t": "rect",
    "w": 0.023881,
    "x": 2.334328,
    "y": 2.725528,
  },
  {
    "fill": "0,0,0",
    "h": 0.4,
    "t": "rect",
    "w": 0.095522,
    "x": 2.38209,
    "y": 2.725528,
  },
  {
    "fill": "0,0,0",
    "h": 0.4,
    "t": "rect",
    "w": 0.023881,
    "x": 2.501493,
    "y": 2.725528,
  },
  {
    "fill": "0,0,0",
    "h": 0.4,
    "t": "rect",
    "w": 0.023881,
    "x": 2.597015,
    "y": 2.725528,
  },
  {
    "fill": "0,0,0",
    "h": 0.4,
    "t": "rect",
    "w": 0.047761,
    "x": 2.644776,
    "y": 2.725528,
  },
  {
    "fill": "0,0,0",
    "h": 0.4,
    "t": "rect",
    "w": 0.023881,
    "x": 2.764179,
    "y": 2.725528,
  },
  {
    "fill": "0,0,0",
    "h": 0.4,
    "t": "rect",
    "w": 0.047761,
    "x": 2.81194,
    "y": 2.725528,
  },
  {
    "fill": "0,0,0",
    "h": 0.4,
    "t": "rect",
    "w": 0.071642,
    "x": 2.931343,
    "y": 2.725528,
  },
  {
    "fill": "0,0,0",
    "h": 0.4,
    "t": "rect",
    "w": 0.071642,
    "x": 3.026866,
    "y": 2.725528,
  },
  {
    "fill": "0,0,0",
    "h": 0.4,
    "t": "rect",
    "w": 0.023881,
    "x": 3.170149,
    "y": 2.725528,
  },
  {
    "fill": "0,0,0",
    "h": 0.4,
    "t": "rect",
    "w": 0.047761,
    "x": 3.21791,
    "y": 2.725528,
  },
  {
    "fill": "0,0,0",
    "h": 0.4,
    "t": "rect",
    "w": 0.047761,
    "x": 3.289552,
    "y": 2.725528,
  },
  {
    "fill": "0,0,0",
    "h": 0.4,
    "t": "rect",
    "w": 0.071642,
    "x": 3.408955,
    "y": 2.725528,
  },
  {
    "fill": "0,0,0",
    "h": 0.4,
    "t": "rect",
    "w": 0.023881,
    "x": 3.504478,
    "y": 2.725528,
  },
  {
    "fill": "0,0,0",
    "h": 0.4,
    "t": "rect",
    "w": 0.047761,
    "x": 3.552239,
    "y": 2.725528,
  },
  {
    "h": 2,
    "t": "image",
    "w": 2,
    "x": 1,
    "y": 3.8,
  },
  {
    "fill": "255,255,255",
    "h": 6,
    "t": "rect",
    "w": 4,
    "x": 0,
    "y": 0,
  },
  {
    "color": "0,0,0",
    "fs": 29,
    "s": "FAULTLINE A1 V2",
    "t": "text",
    "x": 0.322431,
    "y": 0.93475,
  },
  {
    "color": "0,0,0",
    "fs": 26.1,
    "s": "SIZE 15  ·  GLOSS",
    "t": "text",
    "x": 0.473875,
    "y": 1.36975,
  },
  {
    "color": "0,0,0",
    "fs": 26.1,
    "s": "BLACK  ·  YEAR 2026",
    "t": "text",
    "x": 0.234625,
    "y": 1.7975,
  },
  {
    "h": 0,
    "t": "line",
    "w": 3.6,
    "x": 0.2,
    "y": 1.91275,
  },
  {
    "fill": "0,0,0",
    "h": 0.522778,
    "t": "rect",
    "w": 2.242083,
    "x": 0.878958,
    "y": 2.07275,
  },
  {
    "color": "255,255,255",
    "fs": 29,
    "s": "03-4614BK",
    "t": "text",
    "x": 0.978958,
    "y": 2.454972,
  },
  {
    "fill": "0,0,0",
    "h": 0.4,
    "t": "rect",
    "w": 0.047761,
    "x": 0.4,
    "y": 2.725528,
  },
  {
    "fill": "0,0,0",
    "h": 0.4,
    "t": "rect",
    "w": 0.023881,
    "x": 0.471642,
    "y": 2.725528,
  },
  {
    "fill": "0,0,0",
    "h": 0.4,
    "t": "rect",
    "w": 0.071642,
    "x": 0.543284,
    "y": 2.725528,
  },
  {
    "fill": "0,0,0",
    "h": 0.4,
    "t": "rect",
    "w": 0.023881,
    "x": 0.662687,
    "y": 2.725528,
  },
  {
    "fill": "0,0,0",
    "h": 0.4,
    "t": "rect",
    "w": 0.023881,
    "x": 0.734328,
    "y": 2.725528,
  },
  {
    "fill": "0,0,0",
    "h": 0.4,
    "t": "rect",
    "w": 0.047761,
    "x": 0.80597,
    "y": 2.725528,
  },
  {
    "fill": "0,0,0",
    "h": 0.4,
    "t": "rect",
    "w": 0.071642,
    "x": 0.925373,
    "y": 2.725528,
  },
  {
    "fill": "0,0,0",
    "h": 0.4,
    "t": "rect",
    "w": 0.023881,
    "x": 1.020896,
    "y": 2.725528,
  },
  {
    "fill": "0,0,0",
    "h": 0.4,
    "t": "rect",
    "w": 0.095522,
    "x": 1.068657,
    "y": 2.725528,
  },
  {
    "fill": "0,0,0",
    "h": 0.4,
    "t": "rect",
    "w": 0.023881,
    "x": 1.18806,
    "y": 2.725528,
  },
  {
    "fill": "0,0,0",
    "h": 0.4,
    "t": "rect",
    "w": 0.047761,
    "x": 1.259701,
    "y": 2.725528,
  },
  {
    "fill": "0,0,0",
    "h": 0.4,
    "t": "rect",
    "w": 0.071642,
    "x": 1.331343,
    "y": 2.725528,
  },
  {
    "fill": "0,0,0",
    "h": 0.4,
    "t": "rect",
    "w": 0.023881,
    "x": 1.450746,
    "y": 2.725528,
  },
  {
    "fill": "0,0,0",
    "h": 0.4,
    "t": "rect",
    "w": 0.071642,
    "x": 1.498507,
    "y": 2.725528,
  },
  {
    "fill": "0,0,0",
    "h": 0.4,
    "t": "rect",
    "w": 0.095522,
    "x": 1.59403,
    "y": 2.725528,
  },
  {
    "fill": "0,0,0",
    "h": 0.4,
    "t": "rect",
    "w": 0.023881,
    "x": 1.713433,
    "y": 2.725528,
  },
  {
    "fill": "0,0,0",
    "h": 0.4,
    "t": "rect",
    "w": 0.071642,
    "x": 1.761194,
    "y": 2.725528,
  },
  {
    "fill": "0,0,0",
    "h": 0.4,
    "t": "rect",
    "w": 0.047761,
    "x": 1.904478,
    "y": 2.725528,
  },
  {
    "fill": "0,0,0",
    "h": 0.4,
    "t": "rect",
    "w": 0.023881,
    "x": 1.976119,
    "y": 2.725528,
  },
  {
    "fill": "0,0,0",
    "h": 0.4,
    "t": "rect",
    "w": 0.047761,
    "x": 2.047761,
    "y": 2.725528,
  },
  {
    "fill": "0,0,0",
    "h": 0.4,
    "t": "rect",
    "w": 0.071642,
    "x": 2.143284,
    "y": 2.725528,
  },
  {
    "fill": "0,0,0",
    "h": 0.4,
    "t": "rect",
    "w": 0.071642,
    "x": 2.238806,
    "y": 2.725528,
  },
  {
    "fill": "0,0,0",
    "h": 0.4,
    "t": "rect",
    "w": 0.023881,
    "x": 2.334328,
    "y": 2.725528,
  },
  {
    "fill": "0,0,0",
    "h": 0.4,
    "t": "rect",
    "w": 0.095522,
    "x": 2.38209,
    "y": 2.725528,
  },
  {
    "fill": "0,0,0",
    "h": 0.4,
    "t": "rect",
    "w": 0.023881,
    "x": 2.501493,
    "y": 2.725528,
  },
  {
    "fill": "0,0,0",
    "h": 0.4,
    "t": "rect",
    "w": 0.023881,
    "x": 2.597015,
    "y": 2.725528,
  },
  {
    "fill": "0,0,0",
    "h": 0.4,
    "t": "rect",
    "w": 0.047761,
    "x": 2.644776,
    "y": 2.725528,
  },
  {
    "fill": "0,0,0",
    "h": 0.4,
    "t": "rect",
    "w": 0.023881,
    "x": 2.764179,
    "y": 2.725528,
  },
  {
    "fill": "0,0,0",
    "h": 0.4,
    "t": "rect",
    "w": 0.047761,
    "x": 2.81194,
    "y": 2.725528,
  },
  {
    "fill": "0,0,0",
    "h": 0.4,
    "t": "rect",
    "w": 0.071642,
    "x": 2.931343,
    "y": 2.725528,
  },
  {
    "fill": "0,0,0",
    "h": 0.4,
    "t": "rect",
    "w": 0.071642,
    "x": 3.026866,
    "y": 2.725528,
  },
  {
    "fill": "0,0,0",
    "h": 0.4,
    "t": "rect",
    "w": 0.023881,
    "x": 3.170149,
    "y": 2.725528,
  },
  {
    "fill": "0,0,0",
    "h": 0.4,
    "t": "rect",
    "w": 0.047761,
    "x": 3.21791,
    "y": 2.725528,
  },
  {
    "fill": "0,0,0",
    "h": 0.4,
    "t": "rect",
    "w": 0.047761,
    "x": 3.289552,
    "y": 2.725528,
  },
  {
    "fill": "0,0,0",
    "h": 0.4,
    "t": "rect",
    "w": 0.071642,
    "x": 3.408955,
    "y": 2.725528,
  },
  {
    "fill": "0,0,0",
    "h": 0.4,
    "t": "rect",
    "w": 0.023881,
    "x": 3.504478,
    "y": 2.725528,
  },
  {
    "fill": "0,0,0",
    "h": 0.4,
    "t": "rect",
    "w": 0.047761,
    "x": 3.552239,
    "y": 2.725528,
  },
  {
    "h": 2,
    "t": "image",
    "w": 2,
    "x": 1,
    "y": 3.8,
  },
]
`;

exports[`generateBikeLabels — printed geometry (refactor guard) > vertical · none 1`] = `
[
  {
    "fill": "255,255,255",
    "h": 6,
    "t": "rect",
    "w": 4,
    "x": 0,
    "y": 0,
  },
  {
    "color": "0,0,0",
    "fs": 29,
    "s": "FAULTLINE A1 V2",
    "t": "text",
    "x": 0.322431,
    "y": 1.527631,
  },
  {
    "color": "0,0,0",
    "fs": 26.1,
    "s": "SIZE 15  ·  GLOSS",
    "t": "text",
    "x": 0.473875,
    "y": 2.295325,
  },
  {
    "color": "0,0,0",
    "fs": 26.1,
    "s": "BLACK  ·  YEAR 2026",
    "t": "text",
    "x": 0.234625,
    "y": 3.0225,
  },
  {
    "h": 0,
    "t": "line",
    "w": 3.6,
    "x": 0.2,
    "y": 3.472175,
  },
  {
    "fill": "0,0,0",
    "h": 0.522778,
    "t": "rect",
    "w": 2.242083,
    "x": 0.878958,
    "y": 3.744175,
  },
  {
    "color": "255,255,255",
    "fs": 29,
    "s": "03-4614BK",
    "t": "text",
    "x": 0.978958,
    "y": 4.126397,
  },
  {
    "fill": "255,255,255",
    "h": 6,
    "t": "rect",
    "w": 4,
    "x": 0,
    "y": 0,
  },
  {
    "color": "0,0,0",
    "fs": 29,
    "s": "FAULTLINE A1 V2",
    "t": "text",
    "x": 0.322431,
    "y": 1.527631,
  },
  {
    "color": "0,0,0",
    "fs": 26.1,
    "s": "SIZE 15  ·  GLOSS",
    "t": "text",
    "x": 0.473875,
    "y": 2.295325,
  },
  {
    "color": "0,0,0",
    "fs": 26.1,
    "s": "BLACK  ·  YEAR 2026",
    "t": "text",
    "x": 0.234625,
    "y": 3.0225,
  },
  {
    "h": 0,
    "t": "line",
    "w": 3.6,
    "x": 0.2,
    "y": 3.472175,
  },
  {
    "fill": "0,0,0",
    "h": 0.522778,
    "t": "rect",
    "w": 2.242083,
    "x": 0.878958,
    "y": 3.744175,
  },
  {
    "color": "255,255,255",
    "fs": 29,
    "s": "03-4614BK",
    "t": "text",
    "x": 0.978958,
    "y": 4.126397,
  },
]
`;

exports[`generateBikeLabels — printed geometry (refactor guard) > vertical · parts item with explicit color 1`] = `
[
  {
    "fill": "255,255,255",
    "h": 6,
    "t": "rect",
    "w": 4,
    "x": 0,
    "y": 0,
  },
  {
    "color": "0,0,0",
    "fs": 38.5,
    "s": "RACK",
    "t": "text",
    "x": 1.23,
    "y": 0.739326,
  },
  {
    "color": "0,0,0",
    "fs": 38.5,
    "s": "STRUTS",
    "t": "text",
    "x": 0.935903,
    "y": 1.370299,
  },
  {
    "color": "0,0,0",
    "fs": 34.65,
    "s": "SILVER",
    "t": "text",
    "x": 1.177063,
    "y": 1.947799,
  },
  {
    "h": 0,
    "t": "line",
    "w": 3.6,
    "x": 0.2,
    "y": 2.084424,
  },
  {
    "fill": "0,0,0",
    "h": 0.654722,
    "t": "rect",
    "w": 3.536667,
    "x": 0.231667,
    "y": 2.244424,
  },
  {
    "color": "255,255,255",
    "fs": 38.5,
    "s": "PKD-215RAC",
    "t": "text",
    "x": 0.331667,
    "y": 2.732201,
  },
  {
    "fill": "0,0,0",
    "h": 0.4,
    "t": "rect",
    "w": 0.044138,
    "x": 0.4,
    "y": 3.029146,
  },
  {
    "fill": "0,0,0",
    "h": 0.4,
    "t": "rect",
    "w": 0.022069,
    "x": 0.466207,
    "y": 3.029146,
  },
  {
    "fill": "0,0,0",
    "h": 0.4,
    "t": "rect",
    "w": 0.022069,
    "x": 0.532414,
    "y": 3.029146,
  },
  {
    "fill": "0,0,0",
    "h": 0.4,
    "t": "rect",
    "w": 0.066207,
    "x": 0.642759,
    "y": 3.029146,
  },
  {
    "fill": "0,0,0",
    "h": 0.4,
    "t": "rect",
    "w": 0.066207,
    "x": 0.731034,
    "y": 3.029146,
  },
  {
    "fill": "0,0,0",
    "h": 0.4,
    "t": "rect",
    "w": 0.044138,
    "x": 0.81931,
    "y": 3.029146,
  },
  {
    "fill": "0,0,0",
    "h": 0.4,
    "t": "rect",
    "w": 0.022069,
    "x": 0.885517,
    "y": 3.029146,
  },
  {
    "fill": "0,0,0",
    "h": 0.4,
    "t": "rect",
    "w": 0.044138,
    "x": 0.929655,
    "y": 3.029146,
  },
  {
    "fill": "0,0,0",
    "h": 0.4,
    "t": "rect",
    "w": 0.066207,
    "x": 1.04,
    "y": 3.029146,
  },
  {
    "fill": "0,0,0",
    "h": 0.4,
    "t": "rect",
    "w": 0.022069,
    "x": 1.128276,
    "y": 3.029146,
  },
  {
    "fill": "0,0,0",
    "h": 0.4,
    "t": "rect",
    "w": 0.044138,
    "x": 1.172414,
    "y": 3.029146,
  },
  {
    "fill": "0,0,0",
    "h": 0.4,
    "t": "rect",
    "w": 0.022069,
    "x": 1.282759,
    "y": 3.029146,
  },
  {
    "fill": "0,0,0",
    "h": 0.4,
    "t": "rect",
    "w": 0.022069,
    "x": 1.371034,
    "y": 3.029146,
  },
  {
    "fill": "0,0,0",
    "h": 0.4,
    "t": "rect",
    "w": 0.044138,
    "x": 1.437241,
    "y": 3.029146,
  },
  {
    "fill": "0,0,0",
    "h": 0.4,
    "t": "rect",
    "w": 0.066207,
    "x": 1.503448,
    "y": 3.029146,
  },
  {
    "fill": "0,0,0",
    "h": 0.4,
    "t": "rect",
    "w": 0.044138,
    "x": 1.613793,
    "y": 3.029146,
  },
  {
    "fill": "0,0,0",
    "h": 0.4,
    "t": "rect",
    "w": 0.066207,
    "x": 1.702069,
    "y": 3.029146,
  },
  {
    "fill": "0,0,0",
    "h": 0.4,
    "t": "rect",
    "w": 0.022069,
    "x": 1.812414,
    "y": 3.029146,
  },
  {
    "fill": "0,0,0",
    "h": 0.4,
    "t": "rect",
    "w": 0.022069,
    "x": 1.856552,
    "y": 3.029146,
  },
  {
    "fill": "0,0,0",
    "h": 0.4,
    "t": "rect",
    "w": 0.066207,
    "x": 1.922759,
    "y": 3.029146,
  },
  {
    "fill": "0,0,0",
    "h": 0.4,
    "t": "rect",
    "w": 0.044138,
    "x": 2.033103,
    "y": 3.029146,
  },
  {
    "fill": "0,0,0",
    "h": 0.4,
    "t": "rect",
    "w": 0.044138,
    "x": 2.09931,
    "y": 3.029146,
  },
  {
    "fill": "0,0,0",
    "h": 0.4,
    "t": "rect",
    "w": 0.066207,
    "x": 2.165517,
    "y": 3.029146,
  },
  {
    "fill": "0,0,0",
    "h": 0.4,
    "t": "rect",
    "w": 0.022069,
    "x": 2.275862,
    "y": 3.029146,
  },
  {
    "fill": "0,0,0",
    "h": 0.4,
    "t": "rect",
    "w": 0.044138,
    "x": 2.342069,
    "y": 3.029146,
  },
  {
    "fill": "0,0,0",
    "h": 0.4,
    "t": "rect",
    "w": 0.022069,
    "x": 2.452414,
    "y": 3.029146,
  },
  {
    "fill": "0,0,0",
    "h": 0.4,
    "t": "rect",
    "w": 0.066207,
    "x": 2.496552,
    "y": 3.029146,
  },
  {
    "fill": "0,0,0",
    "h": 0.4,
    "t": "rect",
    "w": 0.022069,
    "x": 2.584828,
    "y": 3.029146,
  },
  {
    "fill": "0,0,0",
    "h": 0.4,
    "t": "rect",
    "w": 0.022069,
    "x": 2.628966,
    "y": 3.029146,
  },
  {
    "fill": "0,0,0",
    "h": 0.4,
    "t": "rect",
    "w": 0.044138,
    "x": 2.717241,
    "y": 3.029146,
  },
  {
    "fill": "0,0,0",
    "h": 0.4,
    "t": "rect",
    "w": 0.022069,
    "x": 2.827586,
    "y": 3.029146,
  },
  {
    "fill": "0,0,0",
    "h": 0.4,
    "t": "rect",
    "w": 0.022069,
    "x": 2.915862,
    "y": 3.029146,
  },
  {
    "fill": "0,0,0",
    "h": 0.4,
    "t": "rect",
    "w": 0.044138,
    "x": 3.004138,
    "y": 3.029146,
  },
  {
    "fill": "0,0,0",
    "h": 0.4,
    "t": "rect",
    "w": 0.022069,
    "x": 3.070345,
    "y": 3.029146,
  },
  {
    "fill": "0,0,0",
    "h": 0.4,
    "t": "rect",
    "w": 0.022069,
    "x": 3.114483,
    "y": 3.029146,
  },
  {
    "fill": "0,0,0",
    "h": 0.4,
    "t": "rect",
    "w": 0.044138,
    "x": 3.202759,
    "y": 3.029146,
  },
  {
    "fill": "0,0,0",
    "h": 0.4,
    "t": "rect",
    "w": 0.044138,
    "x": 3.313103,
    "y": 3.029146,
  },
  {
    "fill": "0,0,0",
    "h": 0.4,
    "t": "rect",
    "w": 0.066207,
    "x": 3.423448,
    "y": 3.029146,
  },
  {
    "fill": "0,0,0",
    "h": 0.4,
    "t": "rect",
    "w": 0.022069,
    "x": 3.511724,
    "y": 3.029146,
  },
  {
    "fill": "0,0,0",
    "h": 0.4,
    "t": "rect",
    "w": 0.044138,
    "x": 3.555862,
    "y": 3.029146,
  },
  {
    "h": 2,
    "t": "image",
    "w": 2,
    "x": 1,
    "y": 3.8,
  },
  {
    "fill": "255,255,255",
    "h": 6,
    "t": "rect",
    "w": 4,
    "x": 0,
    "y": 0,
  },
  {
    "color": "0,0,0",
    "fs": 38.5,
    "s": "RACK",
    "t": "text",
    "x": 1.23,
    "y": 0.739326,
  },
  {
    "color": "0,0,0",
    "fs": 38.5,
    "s": "STRUTS",
    "t": "text",
    "x": 0.935903,
    "y": 1.370299,
  },
  {
    "color": "0,0,0",
    "fs": 34.65,
    "s": "SILVER",
    "t": "text",
    "x": 1.177063,
    "y": 1.947799,
  },
  {
    "h": 0,
    "t": "line",
    "w": 3.6,
    "x": 0.2,
    "y": 2.084424,
  },
  {
    "fill": "0,0,0",
    "h": 0.654722,
    "t": "rect",
    "w": 3.536667,
    "x": 0.231667,
    "y": 2.244424,
  },
  {
    "color": "255,255,255",
    "fs": 38.5,
    "s": "PKD-215RAC",
    "t": "text",
    "x": 0.331667,
    "y": 2.732201,
  },
  {
    "fill": "0,0,0",
    "h": 0.4,
    "t": "rect",
    "w": 0.044138,
    "x": 0.4,
    "y": 3.029146,
  },
  {
    "fill": "0,0,0",
    "h": 0.4,
    "t": "rect",
    "w": 0.022069,
    "x": 0.466207,
    "y": 3.029146,
  },
  {
    "fill": "0,0,0",
    "h": 0.4,
    "t": "rect",
    "w": 0.022069,
    "x": 0.532414,
    "y": 3.029146,
  },
  {
    "fill": "0,0,0",
    "h": 0.4,
    "t": "rect",
    "w": 0.066207,
    "x": 0.642759,
    "y": 3.029146,
  },
  {
    "fill": "0,0,0",
    "h": 0.4,
    "t": "rect",
    "w": 0.066207,
    "x": 0.731034,
    "y": 3.029146,
  },
  {
    "fill": "0,0,0",
    "h": 0.4,
    "t": "rect",
    "w": 0.044138,
    "x": 0.81931,
    "y": 3.029146,
  },
  {
    "fill": "0,0,0",
    "h": 0.4,
    "t": "rect",
    "w": 0.022069,
    "x": 0.885517,
    "y": 3.029146,
  },
  {
    "fill": "0,0,0",
    "h": 0.4,
    "t": "rect",
    "w": 0.044138,
    "x": 0.929655,
    "y": 3.029146,
  },
  {
    "fill": "0,0,0",
    "h": 0.4,
    "t": "rect",
    "w": 0.066207,
    "x": 1.04,
    "y": 3.029146,
  },
  {
    "fill": "0,0,0",
    "h": 0.4,
    "t": "rect",
    "w": 0.022069,
    "x": 1.128276,
    "y": 3.029146,
  },
  {
    "fill": "0,0,0",
    "h": 0.4,
    "t": "rect",
    "w": 0.044138,
    "x": 1.172414,
    "y": 3.029146,
  },
  {
    "fill": "0,0,0",
    "h": 0.4,
    "t": "rect",
    "w": 0.022069,
    "x": 1.282759,
    "y": 3.029146,
  },
  {
    "fill": "0,0,0",
    "h": 0.4,
    "t": "rect",
    "w": 0.022069,
    "x": 1.371034,
    "y": 3.029146,
  },
  {
    "fill": "0,0,0",
    "h": 0.4,
    "t": "rect",
    "w": 0.044138,
    "x": 1.437241,
    "y": 3.029146,
  },
  {
    "fill": "0,0,0",
    "h": 0.4,
    "t": "rect",
    "w": 0.066207,
    "x": 1.503448,
    "y": 3.029146,
  },
  {
    "fill": "0,0,0",
    "h": 0.4,
    "t": "rect",
    "w": 0.044138,
    "x": 1.613793,
    "y": 3.029146,
  },
  {
    "fill": "0,0,0",
    "h": 0.4,
    "t": "rect",
    "w": 0.066207,
    "x": 1.702069,
    "y": 3.029146,
  },
  {
    "fill": "0,0,0",
    "h": 0.4,
    "t": "rect",
    "w": 0.022069,
    "x": 1.812414,
    "y": 3.029146,
  },
  {
    "fill": "0,0,0",
    "h": 0.4,
    "t": "rect",
    "w": 0.022069,
    "x": 1.856552,
    "y": 3.029146,
  },
  {
    "fill": "0,0,0",
    "h": 0.4,
    "t": "rect",
    "w": 0.066207,
    "x": 1.922759,
    "y": 3.029146,
  },
  {
    "fill": "0,0,0",
    "h": 0.4,
    "t": "rect",
    "w": 0.044138,
    "x": 2.033103,
    "y": 3.029146,
  },
  {
    "fill": "0,0,0",
    "h": 0.4,
    "t": "rect",
    "w": 0.044138,
    "x": 2.09931,
    "y": 3.029146,
  },
  {
    "fill": "0,0,0",
    "h": 0.4,
    "t": "rect",
    "w": 0.066207,
    "x": 2.165517,
    "y": 3.029146,
  },
  {
    "fill": "0,0,0",
    "h": 0.4,
    "t": "rect",
    "w": 0.022069,
    "x": 2.275862,
    "y": 3.029146,
  },
  {
    "fill": "0,0,0",
    "h": 0.4,
    "t": "rect",
    "w": 0.044138,
    "x": 2.342069,
    "y": 3.029146,
  },
  {
    "fill": "0,0,0",
    "h": 0.4,
    "t": "rect",
    "w": 0.022069,
    "x": 2.452414,
    "y": 3.029146,
  },
  {
    "fill": "0,0,0",
    "h": 0.4,
    "t": "rect",
    "w": 0.066207,
    "x": 2.496552,
    "y": 3.029146,
  },
  {
    "fill": "0,0,0",
    "h": 0.4,
    "t": "rect",
    "w": 0.022069,
    "x": 2.584828,
    "y": 3.029146,
  },
  {
    "fill": "0,0,0",
    "h": 0.4,
    "t": "rect",
    "w": 0.022069,
    "x": 2.628966,
    "y": 3.029146,
  },
  {
    "fill": "0,0,0",
    "h": 0.4,
    "t": "rect",
    "w": 0.044138,
    "x": 2.717241,
    "y": 3.029146,
  },
  {
    "fill": "0,0,0",
    "h": 0.4,
    "t": "rect",
    "w": 0.022069,
    "x": 2.827586,
    "y": 3.029146,
  },
  {
    "fill": "0,0,0",
    "h": 0.4,
    "t": "rect",
    "w": 0.022069,
    "x": 2.915862,
    "y": 3.029146,
  },
  {
    "fill": "0,0,0",
    "h": 0.4,
    "t": "rect",
    "w": 0.044138,
    "x": 3.004138,
    "y": 3.029146,
  },
  {
    "fill": "0,0,0",
    "h": 0.4,
    "t": "rect",
    "w": 0.022069,
    "x": 3.070345,
    "y": 3.029146,
  },
  {
    "fill": "0,0,0",
    "h": 0.4,
    "t": "rect",
    "w": 0.022069,
    "x": 3.114483,
    "y": 3.029146,
  },
  {
    "fill": "0,0,0",
    "h": 0.4,
    "t": "rect",
    "w": 0.044138,
    "x": 3.202759,
    "y": 3.029146,
  },
  {
    "fill": "0,0,0",
    "h": 0.4,
    "t": "rect",
    "w": 0.044138,
    "x": 3.313103,
    "y": 3.029146,
  },
  {
    "fill": "0,0,0",
    "h": 0.4,
    "t": "rect",
    "w": 0.066207,
    "x": 3.423448,
    "y": 3.029146,
  },
  {
    "fill": "0,0,0",
    "h": 0.4,
    "t": "rect",
    "w": 0.022069,
    "x": 3.511724,
    "y": 3.029146,
  },
  {
    "fill": "0,0,0",
    "h": 0.4,
    "t": "rect",
    "w": 0.044138,
    "x": 3.555862,
    "y": 3.029146,
  },
  {
    "h": 2,
    "t": "image",
    "w": 2,
    "x": 1,
    "y": 3.8,
  },
]
`;

exports[`generateBikeLabels — printed geometry (refactor guard) > vertical · qr-only 1`] = `
[
  {
    "fill": "255,255,255",
    "h": 6,
    "t": "rect",
    "w": 4,
    "x": 0,
    "y": 0,
  },
  {
    "color": "0,0,0",
    "fs": 29,
    "s": "FAULTLINE A1 V2",
    "t": "text",
    "x": 0.322431,
    "y": 1.19975,
  },
  {
    "color": "0,0,0",
    "fs": 26.1,
    "s": "SIZE 15  ·  GLOSS",
    "t": "text",
    "x": 0.473875,
    "y": 1.63475,
  },
  {
    "color": "0,0,0",
    "fs": 26.1,
    "s": "BLACK  ·  YEAR 2026",
    "t": "text",
    "x": 0.234625,
    "y": 2.0625,
  },
  {
    "h": 0,
    "t": "line",
    "w": 3.6,
    "x": 0.2,
    "y": 2.17775,
  },
  {
    "fill": "0,0,0",
    "h": 0.522778,
    "t": "rect",
    "w": 2.242083,
    "x": 0.878958,
    "y": 2.33775,
  },
  {
    "color": "255,255,255",
    "fs": 29,
    "s": "03-4614BK",
    "t": "text",
    "x": 0.978958,
    "y": 2.719972,
  },
  {
    "h": 2,
    "t": "image",
    "w": 2,
    "x": 1,
    "y": 3.8,
  },
  {
    "fill": "255,255,255",
    "h": 6,
    "t": "rect",
    "w": 4,
    "x": 0,
    "y": 0,
  },
  {
    "color": "0,0,0",
    "fs": 29,
    "s": "FAULTLINE A1 V2",
    "t": "text",
    "x": 0.322431,
    "y": 1.19975,
  },
  {
    "color": "0,0,0",
    "fs": 26.1,
    "s": "SIZE 15  ·  GLOSS",
    "t": "text",
    "x": 0.473875,
    "y": 1.63475,
  },
  {
    "color": "0,0,0",
    "fs": 26.1,
    "s": "BLACK  ·  YEAR 2026",
    "t": "text",
    "x": 0.234625,
    "y": 2.0625,
  },
  {
    "h": 0,
    "t": "line",
    "w": 3.6,
    "x": 0.2,
    "y": 2.17775,
  },
  {
    "fill": "0,0,0",
    "h": 0.522778,
    "t": "rect",
    "w": 2.242083,
    "x": 0.878958,
    "y": 2.33775,
  },
  {
    "color": "255,255,255",
    "fs": 29,
    "s": "03-4614BK",
    "t": "text",
    "x": 0.978958,
    "y": 2.719972,
  },
  {
    "h": 2,
    "t": "image",
    "w": 2,
    "x": 1,
    "y": 3.8,
  },
]
`;
